chrono:346:2:constexpr std::chrono::duration<_Rep, _Period>::rep std::chrono::duration<_Rep, _Period>::count() const [with _Rep = long long int; _Period = std::ratio<1, 1000000000>]	16	static
chrono:331:23:constexpr std::chrono::duration<_Rep, _Period>::duration(const _Rep2&) [with _Rep2 = long long int; <template-parameter-2-2> = void; _Rep = long long int; _Period = std::ratio<1, 1000000000>]	16	static
sysclocks.cpp:45:28:static std::chrono::_V2::system_clock::time_point std::chrono::_V2::system_clock::now()	40	static
sysclocks.cpp:50:28:static std::chrono::_V2::steady_clock::time_point std::chrono::_V2::steady_clock::now()	40	static
chrono:331:23:constexpr std::chrono::duration<_Rep, _Period>::duration(const _Rep2&) [with _Rep2 = int; <template-parameter-2-2> = void; _Rep = long long int; _Period = std::ratio<1, 1000>]	16	static
chrono:338:14:constexpr std::chrono::duration<_Rep, _Period>::duration(const std::chrono::duration<_Rep, _Period>&) [with _Rep2 = long long int; _Period2 = std::ratio<1, 1000>; <template-parameter-2-3> = void; _Rep = long long int; _Period = std::ratio<1, 1000000000>]	24	static
chrono:636:21:constexpr std::chrono::time_point<_Clock, _Dur>::time_point(const duration&) [with _Clock = std::chrono::_V2::system_clock; _Dur = std::chrono::duration<long long int, std::ratio<1, 1000000000> >]	16	static
chrono:331:23:constexpr std::chrono::duration<_Rep, _Period>::duration(const _Rep2&) [with _Rep2 = long unsigned int; <template-parameter-2-2> = void; _Rep = long long int; _Period = std::ratio<1, 1000>]	16	static
chrono:636:21:constexpr std::chrono::time_point<_Clock, _Dur>::time_point(const duration&) [with _Clock = std::chrono::_V2::steady_clock; _Dur = std::chrono::duration<long long int, std::ratio<1, 1000000000> >]	16	static
chrono:191:7:constexpr std::chrono::__enable_if_is_duration<_ToDur> std::chrono::duration_cast(const std::chrono::duration<_Rep, _Period>&) [with _ToDur = std::chrono::duration<long long int, std::ratio<1, 1000000000> >; _Rep = long long int; _Period = std::ratio<1, 1000>]	16	static
chrono:346:2:constexpr std::chrono::duration<_Rep, _Period>::rep std::chrono::duration<_Rep, _Period>::count() const [with _Rep = long long int; _Period = std::ratio<1, 1000>]	16	static
chrono:162:4:static constexpr _ToDur std::chrono::__duration_cast_impl<_ToDur, _CF, _CR, false, true>::__cast(const std::chrono::duration<_Rep, _Period>&) [with _Rep = long long int; _Period = std::ratio<1, 1000>; _ToDur = std::chrono::duration<long long int, std::ratio<1, 1000000000> >; _CF = std::ratio<1000000, 1>; _CR = long long int]	40	static
