aws_mqtt_lib.c:843:27:prvGetFreeBuffer	32	static
aws_mqtt_lib.c:874:13:prvReturnBuffer	16	static
aws_mqtt_lib.c:891:27:prvPacketTypeFlagsGetTxBuffer	32	static
aws_mqtt_lib.c:924:27:prvPacketTypeFlagsIdentifierGetTxBuffer	32	static
aws_mqtt_lib.c:959:27:prvPacketTypeIdentifierGetTxBuffer	32	static
aws_mqtt_lib.c:992:13:prvResetRxMessageState	16	static
aws_mqtt_lib.c:1004:13:prvResetMQTTContext	32	static
aws_mqtt_lib.c:1044:17:prvGetCurrentTickCount	24	static
aws_mqtt_lib.c:1063:19:prvIsTimeElapsed	32	static
aws_mqtt_lib.c:1102:25:prvSendData	32	static
aws_mqtt_lib.c:1124:13:prvProcessReceivedFixedHeaderOnlyMQTTPacket	48	static
aws_mqtt_lib.c:1147:13:prvProcessReceivedMQTTPacket	48	static
aws_mqtt_lib.c:1190:13:prvProcessReceivedCONNACK	56	static
aws_mqtt_lib.c:1346:13:prvProcessReceivedSUBACK	56	static
aws_mqtt_lib.c:1450:13:prvProcessReceivedUNSUBACK	56	static
aws_mqtt_lib.c:1538:13:prvProcessReceivedPUBACK	56	static
aws_mqtt_lib.c:1618:13:prvProcessReceivedPINGRESP	48	static
aws_mqtt_lib.c:1672:13:prvProcessReceivedPublish	48	static
aws_mqtt_lib.c:1775:19:prvInvokeCallback	24	static
aws_mqtt_lib.c:1815:18:prvWriteString	32	static
aws_mqtt_lib.c:1848:16:prvSizeOfRemainingLength	24	static
aws_mqtt_lib.c:1882:16:prvEncodeRemainingLength	32	static
aws_mqtt_lib.c:1928:16:prvDecodeRemainingLength	40	static
aws_mqtt_lib.c:1983:23:prvStoreSubscription	32	static
aws_mqtt_lib.c:2064:17:prvRemoveSubscription	32	static
aws_mqtt_lib.c:2099:17:prvRemoveSubscriptionForSubscribeOrUnsubscribeBuffer	24	static
aws_mqtt_lib.c:2134:23:prvInvokeSubscriptionCallbacks	48	static
aws_mqtt_lib.c:2233:34:prvGetTopicFilterType	24	static
aws_mqtt_lib.c:2325:23:prvDoesTopicMatchTopicFilter	32	static
aws_mqtt_lib.c:2423:18:MQTT_Init	24	static
aws_mqtt_lib.c:2478:18:MQTT_Connect	56	static
aws_mqtt_lib.c:2639:18:MQTT_Disconnect	48	static
aws_mqtt_lib.c:2682:18:MQTT_Subscribe	64	static
aws_mqtt_lib.c:2841:18:MQTT_Unsubscribe	56	static
aws_mqtt_lib.c:2963:18:MQTT_Publish	56	static
aws_mqtt_lib.c:3097:18:MQTT_ParseReceivedData	72	static
aws_mqtt_lib.c:3286:18:MQTT_ReturnBuffer	16	static
aws_mqtt_lib.c:3304:10:MQTT_Periodic	80	static
