stm32l4xx_it.c:55:6:prvGetRegistersFromStack	48	static
stm32l4xx_it.c:99:6:NMI_Handler	4	static
stm32l4xx_it.c:114:6:HardFault_Handler	4	static,ignoring_inline_asm
stm32l4xx_it.c:139:6:MemManage_Handler	4	static
stm32l4xx_it.c:154:6:BusFault_Handler	4	static
stm32l4xx_it.c:169:6:UsageFault_Handler	4	static
stm32l4xx_it.c:184:6:DebugMon_Handler	4	static
stm32l4xx_it.c:204:6:EXTI9_5_IRQHandler	8	static
stm32l4xx_it.c:221:6:EXTI15_10_IRQHandler	8	static
stm32l4xx_it.c:239:6:TIM6_DAC_IRQHandler	8	static
