char_traits.h:329:7:static constexpr std::size_t std::char_traits<char>::length(const char_type*)	24	static
gthr-default.h:229:1:int __gthread_key_delete(__gthread_key_t)	16	static
CommandInterface.cpp:75:1:CommandInterface::CommandInterface(cpp_freertos::Queue&, UserConfig&)	64	static
CommandInterface.cpp:88:6:virtual void CommandInterface::Run()	40	static
CommandInterface.cpp:180:14:ResponseId_t CommandInterface::CloudCmdHandler(std::array<char, 128>::const_iterator, std::array<char, 128>::const_iterator)	80	static
CommandInterface.cpp:282:14:ResponseId_t CommandInterface::ResetCmdHandler()	16	static
CommandInterface.cpp:296:14:ResponseId_t CommandInterface::WifiCmdHandler(std::array<char, 128>::const_iterator, std::array<char, 128>::const_iterator)	56	static
CommandInterface.cpp:372:10:uint16_t CommandInterface::RxPEMObject(uint8_t*, uint16_t)	48	static
CommandInterface.cpp:430:6:bool invalidChar(char)	16	static
CommandInterface.cpp:447:9:bufIter cleanLineBuffer(bufIter, bufIter) [with bufIter = char*]	32	static
CommandInterface.cpp:490:9:bufIter validateBuffer(bufIter, bufIter) [with bufIter = char*]	32	static
char_traits.h:100:7:static constexpr bool __gnu_cxx::char_traits<_CharT>::eq(const char_type&, const char_type&) [with _CharT = char]	16	static
char_traits.h:161:5:static constexpr std::size_t __gnu_cxx::char_traits<_CharT>::length(const char_type*) [with _CharT = char]	24	static
basic_string.h:525:7:std::__cxx11::basic_string<_CharT, _Traits, _Alloc>::basic_string(const _CharT*, const _Alloc&) [with <template-parameter-2-1> = std::allocator<char>; _CharT = char; _Traits = std::char_traits<char>; _Alloc = std::allocator<char>]	32	static
array:126:7:constexpr std::array<_Tp, _Nm>::value_type* std::array<_Tp, _Nm>::begin() [with _Tp = char; unsigned int _Nm = 128]	16	static
array:175:7:constexpr std::array<_Tp, _Nm>::size_type std::array<_Tp, _Nm>::size() const [with _Tp = char; unsigned int _Nm = 128]	16	static
array:134:7:constexpr std::array<_Tp, _Nm>::value_type* std::array<_Tp, _Nm>::end() [with _Tp = char; unsigned int _Nm = 128]	16	static
CommandInterface.cpp:461:4:cleanLineBuffer(bufIter, bufIter) [with bufIter = char*]::<lambda(char, char)>	16	static
array:185:7:constexpr std::array<_Tp, _Nm>::value_type& std::array<_Tp, _Nm>::operator[](std::array<_Tp, _Nm>::size_type) [with _Tp = char; unsigned int _Nm = 128]	16	static
array:158:7:constexpr const value_type* std::array<_Tp, _Nm>::cbegin() const [with _Tp = char; unsigned int _Nm = 128]	16	static
stl_algobase.h:1059:5:bool std::equal(_II1, _II1, _II2) [with _II1 = const char*; _II2 = const char*]	32	static
unique_ptr.h:856:5:) [with _Tp = UserConfig::Cert_t; _Args = {}]	24	static
unique_ptr.h:286:7:std::unique_ptr<_Tp, _Dp>::~unique_ptr() [with _Tp = UserConfig::Cert_t; _Dp = std::default_delete<UserConfig::Cert_t>]	32	static
unique_ptr.h:352:7:std::unique_ptr<_Tp, _Dp>::pointer std::unique_ptr<_Tp, _Dp>::operator->() const [with _Tp = UserConfig::Cert_t; _Dp = std::default_delete<UserConfig::Cert_t>]	16	static
array:234:7:constexpr std::array<_Tp, _Nm>::value_type* std::array<_Tp, _Nm>::data() [with _Tp = unsigned char; unsigned int _Nm = 2048]	16	static
array:175:7:constexpr std::array<_Tp, _Nm>::size_type std::array<_Tp, _Nm>::size() const [with _Tp = unsigned char; unsigned int _Nm = 2048]	16	static
move.h:99:5:constexpr typename std::remove_reference<_Tp>::type&& std::move(_Tp&&) [with _Tp = std::unique_ptr<UserConfig::Cert_t>&]	16	static
unique_ptr.h:257:7:std::unique_ptr<_Tp, _Dp>::unique_ptr(std::unique_ptr<_Tp, _Dp>&&) [with _Tp = UserConfig::Cert_t; _Dp = std::default_delete<UserConfig::Cert_t>]	24	static
unique_ptr.h:856:5:) [with _Tp = UserConfig::Key_t; _Args = {}]	24	static
unique_ptr.h:286:7:std::unique_ptr<_Tp, _Dp>::~unique_ptr() [with _Tp = UserConfig::Key_t; _Dp = std::default_delete<UserConfig::Key_t>]	32	static
unique_ptr.h:352:7:std::unique_ptr<_Tp, _Dp>::pointer std::unique_ptr<_Tp, _Dp>::operator->() const [with _Tp = UserConfig::Key_t; _Dp = std::default_delete<UserConfig::Key_t>]	16	static
move.h:99:5:constexpr typename std::remove_reference<_Tp>::type&& std::move(_Tp&&) [with _Tp = std::unique_ptr<UserConfig::Key_t>&]	16	static
unique_ptr.h:257:7:std::unique_ptr<_Tp, _Dp>::unique_ptr(std::unique_ptr<_Tp, _Dp>&&) [with _Tp = UserConfig::Key_t; _Dp = std::default_delete<UserConfig::Key_t>]	24	static
stl_algo.h:3930:5:_IIter std::find(_IIter, _IIter, const _Tp&) [with _IIter = char*; _Tp = char]	24	static
array:162:7:constexpr const value_type* std::array<_Tp, _Nm>::cend() const [with _Tp = char; unsigned int _Nm = 128]	16	static
CommandInterface.cpp:501:4:validateBuffer(bufIter, bufIter) [with bufIter = char*]::<lambda(char, char)>	16	static
basic_string.h:263:9:void std::__cxx11::basic_string<_CharT, _Traits, _Alloc>::_M_construct(_InIterator, _InIterator) [with _InIterator = const char*; _CharT = char; _Traits = std::char_traits<char>; _Alloc = std::allocator<char>]	24	static
array:234:7:constexpr std::array<_Tp, _Nm>::value_type* std::array<_Tp, _Nm>::data() [with _Tp = char; unsigned int _Nm = 128]	16	static
stl_algo.h:3930:5:_IIter std::find(_IIter, _IIter, const _Tp&) [with _IIter = char*; _Tp = int]	24	static
stl_algo.h:929:5:_FIter std::remove_if(_FIter, _FIter, _Predicate) [with _FIter = char*; _Predicate = bool (*)(char)]	24	static
stl_algo.h:1025:5:_FIter std::unique(_FIter, _FIter, _BinaryPredicate) [with _FIter = char*; _BinaryPredicate = cleanLineBuffer(bufIter, bufIter) [with bufIter = char*]::<lambda(char, char)>]	32	static
stl_algobase.h:497:5:_OI std::move(_II, _II, _OI) [with _II = char*; _OI = char*]	32	static
array:55:7:static constexpr _Tp& std::__array_traits<_Tp, _Nm>::_S_ref(const _Tp (&)[_Nm], std::size_t) [with _Tp = char; unsigned int _Nm = 128]	16	static
array:59:7:static constexpr _Tp* std::__array_traits<_Tp, _Nm>::_S_ptr(const _Tp (&)[_Nm]) [with _Tp = char; unsigned int _Nm = 128]	16	static
array:238:7:constexpr const value_type* std::array<_Tp, _Nm>::data() const [with _Tp = char; unsigned int _Nm = 128]	16	static
stl_algobase.h:280:5:_Iterator std::__niter_base(_Iterator) [with _Iterator = const char*]	16	static
stl_algobase.h:841:5:bool std::__equal_aux(_II1, _II1, _II2) [with _II1 = const char*; _II2 = const char*]	32	static
unique_ptr.h:211:2:std::unique_ptr<_Tp, _Dp>::unique_ptr(std::unique_ptr<_Tp, _Dp>::pointer) [with _Del = std::default_delete<UserConfig::Cert_t>; <template-parameter-2-2> = void; _Tp = UserConfig::Cert_t; _Dp = std::default_delete<UserConfig::Cert_t>]	16	static
unique_ptr.h:153:18:std::__uniq_ptr_impl<_Tp, _Dp>::pointer& std::__uniq_ptr_impl<_Tp, _Dp>::_M_ptr() [with _Tp = UserConfig::Cert_t; _Dp = std::default_delete<UserConfig::Cert_t>]	16	static
unique_ptr.h:365:7:std::unique_ptr<_Tp, _Dp>::deleter_type& std::unique_ptr<_Tp, _Dp>::get_deleter() [with _Tp = UserConfig::Cert_t; _Dp = std::default_delete<UserConfig::Cert_t>]	16	static
move.h:99:5:constexpr typename std::remove_reference<_Tp>::type&& std::move(_Tp&&) [with _Tp = UserConfig::Cert_t*&]	16	static
unique_ptr.h:75:7:void std::default_delete<_Tp>::operator()(_Tp*) const [with _Tp = UserConfig::Cert_t]	16	static
unique_ptr.h:360:7:std::unique_ptr<_Tp, _Dp>::pointer std::unique_ptr<_Tp, _Dp>::get() const [with _Tp = UserConfig::Cert_t; _Dp = std::default_delete<UserConfig::Cert_t>]	16	static
array:59:7:static constexpr _Tp* std::__array_traits<_Tp, _Nm>::_S_ptr(const _Tp (&)[_Nm]) [with _Tp = unsigned char; unsigned int _Nm = 2048]	16	static
unique_ptr.h:381:7:std::unique_ptr<_Tp, _Dp>::pointer std::unique_ptr<_Tp, _Dp>::release() [with _Tp = UserConfig::Cert_t; _Dp = std::default_delete<UserConfig::Cert_t>]	24	static
move.h:74:5:constexpr _Tp&& std::forward(typename std::remove_reference<_Tp>::type&) [with _Tp = std::default_delete<UserConfig::Cert_t>]	16	static
unique_ptr.h:150:7:std::__uniq_ptr_impl<_Tp, _Dp>::__uniq_ptr_impl(std::__uniq_ptr_impl<_Tp, _Dp>::pointer, _Del&&) [with _Del = std::default_delete<UserConfig::Cert_t>; _Tp = UserConfig::Cert_t; _Dp = std::default_delete<UserConfig::Cert_t>]	32	static
unique_ptr.h:211:2:std::unique_ptr<_Tp, _Dp>::unique_ptr(std::unique_ptr<_Tp, _Dp>::pointer) [with _Del = std::default_delete<UserConfig::Key_t>; <template-parameter-2-2> = void; _Tp = UserConfig::Key_t; _Dp = std::default_delete<UserConfig::Key_t>]	16	static
unique_ptr.h:153:18:std::__uniq_ptr_impl<_Tp, _Dp>::pointer& std::__uniq_ptr_impl<_Tp, _Dp>::_M_ptr() [with _Tp = UserConfig::Key_t; _Dp = std::default_delete<UserConfig::Key_t>]	16	static
unique_ptr.h:365:7:std::unique_ptr<_Tp, _Dp>::deleter_type& std::unique_ptr<_Tp, _Dp>::get_deleter() [with _Tp = UserConfig::Key_t; _Dp = std::default_delete<UserConfig::Key_t>]	16	static
move.h:99:5:constexpr typename std::remove_reference<_Tp>::type&& std::move(_Tp&&) [with _Tp = UserConfig::Key_t*&]	16	static
unique_ptr.h:75:7:void std::default_delete<_Tp>::operator()(_Tp*) const [with _Tp = UserConfig::Key_t]	16	static
unique_ptr.h:360:7:std::unique_ptr<_Tp, _Dp>::pointer std::unique_ptr<_Tp, _Dp>::get() const [with _Tp = UserConfig::Key_t; _Dp = std::default_delete<UserConfig::Key_t>]	16	static
unique_ptr.h:381:7:std::unique_ptr<_Tp, _Dp>::pointer std::unique_ptr<_Tp, _Dp>::release() [with _Tp = UserConfig::Key_t; _Dp = std::default_delete<UserConfig::Key_t>]	24	static
move.h:74:5:constexpr _Tp&& std::forward(typename std::remove_reference<_Tp>::type&) [with _Tp = std::default_delete<UserConfig::Key_t>]	16	static
unique_ptr.h:150:7:std::__uniq_ptr_impl<_Tp, _Dp>::__uniq_ptr_impl(std::__uniq_ptr_impl<_Tp, _Dp>::pointer, _Del&&) [with _Del = std::default_delete<UserConfig::Key_t>; _Tp = UserConfig::Key_t; _Dp = std::default_delete<UserConfig::Key_t>]	32	static
predefined_ops.h:246:5:__gnu_cxx::__ops::_Iter_equals_val<_Value> __gnu_cxx::__ops::__iter_equals_val(_Value&) [with _Value = const char]	24	static
stl_algo.h:159:5:_Iterator std::__find_if(_Iterator, _Iterator, _Predicate) [with _Iterator = char*; _Predicate = __gnu_cxx::__ops::_Iter_equals_val<const char>]	32	static
stl_algo.h:1025:5:_FIter std::unique(_FIter, _FIter, _BinaryPredicate) [with _FIter = char*; _BinaryPredicate = validateBuffer(bufIter, bufIter) [with bufIter = char*]::<lambda(char, char)>]	32	static
basic_string.h:243:9:void std::__cxx11::basic_string<_CharT, _Traits, _Alloc>::_M_construct_aux(_InIterator, _InIterator, std::__false_type) [with _InIterator = const char*; _CharT = char; _Traits = std::char_traits<char>; _Alloc = std::allocator<char>]	40	static
predefined_ops.h:246:5:__gnu_cxx::__ops::_Iter_equals_val<_Value> __gnu_cxx::__ops::__iter_equals_val(_Value&) [with _Value = const int]	24	static
stl_algo.h:159:5:_Iterator std::__find_if(_Iterator, _Iterator, _Predicate) [with _Iterator = char*; _Predicate = __gnu_cxx::__ops::_Iter_equals_val<const int>]	32	static
predefined_ops.h:288:5:__gnu_cxx::__ops::_Iter_pred<_Predicate> __gnu_cxx::__ops::__pred_iter(_Predicate) [with _Predicate = bool (*)(char)]	24	static
stl_algo.h:860:5:_ForwardIterator std::__remove_if(_ForwardIterator, _ForwardIterator, _Predicate) [with _ForwardIterator = char*; _Predicate = __gnu_cxx::__ops::_Iter_pred<bool (*)(char)>]	32	static
predefined_ops.h:149:5:constexpr __gnu_cxx::__ops::_Iter_comp_iter<_Compare> __gnu_cxx::__ops::__iter_comp_iter(_Compare) [with _Compare = cleanLineBuffer(bufIter, bufIter) [with bufIter = char*]::<lambda(char, char)>]	32	static
stl_algo.h:962:5:_ForwardIterator std::__unique(_ForwardIterator, _ForwardIterator, _BinaryPredicate) [with _ForwardIterator = char*; _BinaryPredicate = __gnu_cxx::__ops::_Iter_comp_iter<cleanLineBuffer(bufIter, bufIter) [with bufIter = char*]::<lambda(char, char)> >]	32	static
cpp_type_traits.h:428:5:_Iterator std::__miter_base(_Iterator) [with _Iterator = char*]	16	static
stl_algobase.h:438:5:_OI std::__copy_move_a2(_II, _II, _OI) [with bool _IsMove = true; _II = char*; _OI = char*]	32	static
stl_algobase.h:831:2:static bool std::__equal<true>::equal(const _Tp*, const _Tp*, const _Tp*) [with _Tp = char]	32	static
unique_ptr.h:147:7:std::__uniq_ptr_impl<_Tp, _Dp>::__uniq_ptr_impl(std::__uniq_ptr_impl<_Tp, _Dp>::pointer) [with _Tp = UserConfig::Cert_t; _Dp = std::default_delete<UserConfig::Cert_t>]	24	static
tuple:1320:5:>&) [with unsigned int __i = 0; _Elements = {UserConfig::Cert_t*, std::default_delete<UserConfig::Cert_t>}]	16	static
unique_ptr.h:155:18:_Dp& std::__uniq_ptr_impl<_Tp, _Dp>::_M_deleter() [with _Tp = UserConfig::Cert_t; _Dp = std::default_delete<UserConfig::Cert_t>]	16	static
unique_ptr.h:154:18:std::__uniq_ptr_impl<_Tp, _Dp>::pointer std::__uniq_ptr_impl<_Tp, _Dp>::_M_ptr() const [with _Tp = UserConfig::Cert_t; _Dp = std::default_delete<UserConfig::Cert_t>]	16	static
tuple:968:19:constexpr std::tuple<_T1, _T2>::tuple(_U1&&, _U2&&) [with _U1 = UserConfig::Cert_t*&; _U2 = std::default_delete<UserConfig::Cert_t>; typename std::enable_if<((std::_TC<true, _T1, _T2>::_MoveConstructibleTuple<_U1, _U2>() && std::_TC<true, _T1, _T2>::_ImplicitlyMoveConvertibleTuple<_U1, _U2>()) && (! std::is_same<typename std::remove_cv<typename std::remove_reference<_SrcTuple>::type>::type, std::allocator_arg_t>::value)), bool>::type <anonymous> = true; _T1 = UserConfig::Cert_t*; _T2 = std::default_delete<UserConfig::Cert_t>]	32	static
unique_ptr.h:147:7:std::__uniq_ptr_impl<_Tp, _Dp>::__uniq_ptr_impl(std::__uniq_ptr_impl<_Tp, _Dp>::pointer) [with _Tp = UserConfig::Key_t; _Dp = std::default_delete<UserConfig::Key_t>]	24	static
tuple:1320:5:>&) [with unsigned int __i = 0; _Elements = {UserConfig::Key_t*, std::default_delete<UserConfig::Key_t>}]	16	static
unique_ptr.h:155:18:_Dp& std::__uniq_ptr_impl<_Tp, _Dp>::_M_deleter() [with _Tp = UserConfig::Key_t; _Dp = std::default_delete<UserConfig::Key_t>]	16	static
unique_ptr.h:154:18:std::__uniq_ptr_impl<_Tp, _Dp>::pointer std::__uniq_ptr_impl<_Tp, _Dp>::_M_ptr() const [with _Tp = UserConfig::Key_t; _Dp = std::default_delete<UserConfig::Key_t>]	16	static
tuple:968:19:constexpr std::tuple<_T1, _T2>::tuple(_U1&&, _U2&&) [with _U1 = UserConfig::Key_t*&; _U2 = std::default_delete<UserConfig::Key_t>; typename std::enable_if<((std::_TC<true, _T1, _T2>::_MoveConstructibleTuple<_U1, _U2>() && std::_TC<true, _T1, _T2>::_ImplicitlyMoveConvertibleTuple<_U1, _U2>()) && (! std::is_same<typename std::remove_cv<typename std::remove_reference<_SrcTuple>::type>::type, std::allocator_arg_t>::value)), bool>::type <anonymous> = true; _T1 = UserConfig::Key_t*; _T2 = std::default_delete<UserConfig::Key_t>]	32	static
predefined_ops.h:234:7:__gnu_cxx::__ops::_Iter_equals_val<_Value>::_Iter_equals_val(_Value&) [with _Value = const char]	16	static
stl_iterator_base_types.h:205:5:constexpr typename std::iterator_traits<_Iterator>::iterator_category std::__iterator_category(const _Iter&) [with _Iter = char*]	16	static
stl_algo.h:112:5:_RandomAccessIterator std::__find_if(_RandomAccessIterator, _RandomAccessIterator, _Predicate, std::random_access_iterator_tag) [with _RandomAccessIterator = char*; _Predicate = __gnu_cxx::__ops::_Iter_equals_val<const char>]	32	static
predefined_ops.h:149:5:constexpr __gnu_cxx::__ops::_Iter_comp_iter<_Compare> __gnu_cxx::__ops::__iter_comp_iter(_Compare) [with _Compare = validateBuffer(bufIter, bufIter) [with bufIter = char*]::<lambda(char, char)>]	32	static
stl_algo.h:962:5:_ForwardIterator std::__unique(_ForwardIterator, _ForwardIterator, _BinaryPredicate) [with _ForwardIterator = char*; _BinaryPredicate = __gnu_cxx::__ops::_Iter_comp_iter<validateBuffer(bufIter, bufIter) [with bufIter = char*]::<lambda(char, char)> >]	32	static
stl_iterator_base_funcs.h:138:5:constexpr typename std::iterator_traits<_Iterator>::difference_type std::distance(_InputIterator, _InputIterator) [with _InputIterator = const char*]	24	static
basic_string.tcc:206:7:void std::__cxx11::basic_string<_CharT, _Traits, _Alloc>::_M_construct(_InIterator, _InIterator, std::forward_iterator_tag) [with _FwdIterator = const char*; _CharT = char; _Traits = std::char_traits<char>; _Alloc = std::allocator<char>]	32	static
predefined_ops.h:234:7:__gnu_cxx::__ops::_Iter_equals_val<_Value>::_Iter_equals_val(_Value&) [with _Value = const int]	16	static
stl_algo.h:112:5:_RandomAccessIterator std::__find_if(_RandomAccessIterator, _RandomAccessIterator, _Predicate, std::random_access_iterator_tag) [with _RandomAccessIterator = char*; _Predicate = __gnu_cxx::__ops::_Iter_equals_val<const int>]	32	static
move.h:99:5:constexpr typename std::remove_reference<_Tp>::type&& std::move(_Tp&&) [with _Tp = bool (*&)(char)]	16	static
predefined_ops.h:276:7:__gnu_cxx::__ops::_Iter_pred<_Predicate>::_Iter_pred(_Predicate) [with _Predicate = bool (*)(char)]	16	static
stl_algo.h:159:5:_Iterator std::__find_if(_Iterator, _Iterator, _Predicate) [with _Iterator = char*; _Predicate = __gnu_cxx::__ops::_Iter_pred<bool (*)(char)>]	32	static
predefined_ops.h:282:2:bool __gnu_cxx::__ops::_Iter_pred<_Predicate>::operator()(_Iterator) [with _Iterator = char*; _Predicate = bool (*)(char)]	16	static
move.h:99:5:constexpr typename std::remove_reference<_Tp>::type&& std::move(_Tp&&) [with _Tp = char&]	16	static
move.h:99:5:constexpr typename std::remove_reference<_Tp>::type&& std::move(_Tp&&) [with _Tp = cleanLineBuffer(bufIter, bufIter) [with bufIter = char*]::<lambda(char, char)>&]	16	static
predefined_ops.h:135:7:constexpr __gnu_cxx::__ops::_Iter_comp_iter<_Compare>::_Iter_comp_iter(_Compare) [with _Compare = cleanLineBuffer(bufIter, bufIter) [with bufIter = char*]::<lambda(char, char)>]	16	static
stl_algo.h:945:5:_ForwardIterator std::__adjacent_find(_ForwardIterator, _ForwardIterator, _BinaryPredicate) [with _ForwardIterator = char*; _BinaryPredicate = __gnu_cxx::__ops::_Iter_comp_iter<cleanLineBuffer(bufIter, bufIter) [with bufIter = char*]::<lambda(char, char)> >]	32	static
predefined_ops.h:142:9:constexpr bool __gnu_cxx::__ops::_Iter_comp_iter<_Compare>::operator()(_Iterator1, _Iterator2) [with _Iterator1 = char*; _Iterator2 = char*; _Compare = cleanLineBuffer(bufIter, bufIter) [with bufIter = char*]::<lambda(char, char)>]	24	static
stl_algobase.h:280:5:_Iterator std::__niter_base(_Iterator) [with _Iterator = char*]	16	static
stl_algobase.h:393:5:_OI std::__copy_move_a(_II, _II, _OI) [with bool _IsMove = true; _II = char*; _OI = char*]	32	static
stl_algobase.h:295:5:_Iterator std::__niter_wrap(const _Iterator&, _Iterator) [with _Iterator = char*]	16	static
tuple:918:12:constexpr std::tuple<_T1, _T2>::tuple() [with _U1 = UserConfig::Cert_t*; _U2 = std::default_delete<UserConfig::Cert_t>; typename std::enable_if<std::__and_<std::__is_implicitly_default_constructible<_U1>, std::__is_implicitly_default_constructible<_U2> >::value, bool>::type <anonymous> = true; _T1 = UserConfig::Cert_t*; _T2 = std::default_delete<UserConfig::Cert_t>]	16	static
tuple:1309:5:>&) [with unsigned int __i = 0; _Head = UserConfig::Cert_t*; _Tail = {std::default_delete<UserConfig::Cert_t>}]	16	static
tuple:1320:5:>&) [with unsigned int __i = 1; _Elements = {UserConfig::Cert_t*, std::default_delete<UserConfig::Cert_t>}]	16	static
tuple:1326:5:>&) [with unsigned int __i = 0; _Elements = {UserConfig::Cert_t*, std::default_delete<UserConfig::Cert_t>}]	16	static
move.h:74:5:constexpr _Tp&& std::forward(typename std::remove_reference<_Tp>::type&) [with _Tp = UserConfig::Cert_t*&]	16	static
tuple:216:19:) [with _UHead = UserConfig::Cert_t*&; _UTail = {std::default_delete<UserConfig::Cert_t>}; <template-parameter-2-3> = void; unsigned int _Idx = 0; _Head = UserConfig::Cert_t*; _Tail = {std::default_delete<UserConfig::Cert_t>}]	32	static
tuple:918:12:constexpr std::tuple<_T1, _T2>::tuple() [with _U1 = UserConfig::Key_t*; _U2 = std::default_delete<UserConfig::Key_t>; typename std::enable_if<std::__and_<std::__is_implicitly_default_constructible<_U1>, std::__is_implicitly_default_constructible<_U2> >::value, bool>::type <anonymous> = true; _T1 = UserConfig::Key_t*; _T2 = std::default_delete<UserConfig::Key_t>]	16	static
tuple:1309:5:>&) [with unsigned int __i = 0; _Head = UserConfig::Key_t*; _Tail = {std::default_delete<UserConfig::Key_t>}]	16	static
tuple:1320:5:>&) [with unsigned int __i = 1; _Elements = {UserConfig::Key_t*, std::default_delete<UserConfig::Key_t>}]	16	static
tuple:1326:5:>&) [with unsigned int __i = 0; _Elements = {UserConfig::Key_t*, std::default_delete<UserConfig::Key_t>}]	16	static
move.h:74:5:constexpr _Tp&& std::forward(typename std::remove_reference<_Tp>::type&) [with _Tp = UserConfig::Key_t*&]	16	static
tuple:216:19:) [with _UHead = UserConfig::Key_t*&; _UTail = {std::default_delete<UserConfig::Key_t>}; <template-parameter-2-3> = void; unsigned int _Idx = 0; _Head = UserConfig::Key_t*; _Tail = {std::default_delete<UserConfig::Key_t>}]	32	static
predefined_ops.h:240:2:bool __gnu_cxx::__ops::_Iter_equals_val<_Value>::operator()(_Iterator) [with _Iterator = char*; _Value = const char]	16	static
move.h:99:5:constexpr typename std::remove_reference<_Tp>::type&& std::move(_Tp&&) [with _Tp = validateBuffer(bufIter, bufIter) [with bufIter = char*]::<lambda(char, char)>&]	16	static
predefined_ops.h:135:7:constexpr __gnu_cxx::__ops::_Iter_comp_iter<_Compare>::_Iter_comp_iter(_Compare) [with _Compare = validateBuffer(bufIter, bufIter) [with bufIter = char*]::<lambda(char, char)>]	16	static
stl_algo.h:945:5:_ForwardIterator std::__adjacent_find(_ForwardIterator, _ForwardIterator, _BinaryPredicate) [with _ForwardIterator = char*; _BinaryPredicate = __gnu_cxx::__ops::_Iter_comp_iter<validateBuffer(bufIter, bufIter) [with bufIter = char*]::<lambda(char, char)> >]	32	static
predefined_ops.h:142:9:constexpr bool __gnu_cxx::__ops::_Iter_comp_iter<_Compare>::operator()(_Iterator1, _Iterator2) [with _Iterator1 = char*; _Iterator2 = char*; _Compare = validateBuffer(bufIter, bufIter) [with bufIter = char*]::<lambda(char, char)>]	24	static
type_traits.h:152:5:bool __gnu_cxx::__is_null_pointer(_Type*) [with _Type = const char]	16	static
stl_iterator_base_types.h:205:5:constexpr typename std::iterator_traits<_Iterator>::iterator_category std::__iterator_category(const _Iter&) [with _Iter = const char*]	16	static
stl_iterator_base_funcs.h:98:5:constexpr typename std::iterator_traits<_Iterator>::difference_type std::__distance(_RandomAccessIterator, _RandomAccessIterator, std::random_access_iterator_tag) [with _RandomAccessIterator = const char*]	24	static
predefined_ops.h:240:2:bool __gnu_cxx::__ops::_Iter_equals_val<_Value>::operator()(_Iterator) [with _Iterator = char*; _Value = const int]	16	static
stl_algo.h:112:5:_RandomAccessIterator std::__find_if(_RandomAccessIterator, _RandomAccessIterator, _Predicate, std::random_access_iterator_tag) [with _RandomAccessIterator = char*; _Predicate = __gnu_cxx::__ops::_Iter_pred<bool (*)(char)>]	32	static
stl_algobase.h:375:2:static _Tp* std::__copy_move<_IsMove, true, std::random_access_iterator_tag>::__copy_m(const _Tp*, const _Tp*, _Tp*) [with _Tp = char; bool _IsMove = true]	32	static
tuple:206:17:>::_Tuple_impl() [with unsigned int _Idx = 0; _Head = UserConfig::Cert_t*; _Tail = {std::default_delete<UserConfig::Cert_t>}]	16	static
tuple:195:7:>&) [with unsigned int _Idx = 0; _Head = UserConfig::Cert_t*; _Tail = {std::default_delete<UserConfig::Cert_t>}]	16	static
tuple:1309:5:>&) [with unsigned int __i = 1; _Head = std::default_delete<UserConfig::Cert_t>; _Tail = {}]	16	static
tuple:1314:5:>&) [with unsigned int __i = 0; _Head = UserConfig::Cert_t*; _Tail = {std::default_delete<UserConfig::Cert_t>}]	16	static
tuple:348:19:constexpr std::_Tuple_impl<_Idx, _Head>::_Tuple_impl(_UHead&&) [with _UHead = std::default_delete<UserConfig::Cert_t>; unsigned int _Idx = 1; _Head = std::default_delete<UserConfig::Cert_t>]	16	static
tuple:132:19:constexpr std::_Head_base<_Idx, _Head, false>::_Head_base(_UHead&&) [with _UHead = UserConfig::Cert_t*&; unsigned int _Idx = 0; _Head = UserConfig::Cert_t*]	16	static
tuple:206:17:>::_Tuple_impl() [with unsigned int _Idx = 0; _Head = UserConfig::Key_t*; _Tail = {std::default_delete<UserConfig::Key_t>}]	16	static
tuple:195:7:>&) [with unsigned int _Idx = 0; _Head = UserConfig::Key_t*; _Tail = {std::default_delete<UserConfig::Key_t>}]	16	static
tuple:1309:5:>&) [with unsigned int __i = 1; _Head = std::default_delete<UserConfig::Key_t>; _Tail = {}]	16	static
tuple:1314:5:>&) [with unsigned int __i = 0; _Head = UserConfig::Key_t*; _Tail = {std::default_delete<UserConfig::Key_t>}]	16	static
tuple:348:19:constexpr std::_Tuple_impl<_Idx, _Head>::_Tuple_impl(_UHead&&) [with _UHead = std::default_delete<UserConfig::Key_t>; unsigned int _Idx = 1; _Head = std::default_delete<UserConfig::Key_t>]	16	static
tuple:132:19:constexpr std::_Head_base<_Idx, _Head, false>::_Head_base(_UHead&&) [with _UHead = UserConfig::Key_t*&; unsigned int _Idx = 0; _Head = UserConfig::Key_t*]	16	static
tuple:339:17:constexpr std::_Tuple_impl<_Idx, _Head>::_Tuple_impl() [with unsigned int _Idx = 1; _Head = std::default_delete<UserConfig::Cert_t>]	16	static
tuple:122:17:constexpr std::_Head_base<_Idx, _Head, false>::_Head_base() [with unsigned int _Idx = 0; _Head = UserConfig::Cert_t*]	16	static
tuple:160:7:static constexpr _Head& std::_Head_base<_Idx, _Head, false>::_M_head(std::_Head_base<_Idx, _Head, false>&) [with unsigned int _Idx = 0; _Head = UserConfig::Cert_t*]	16	static
tuple:334:7:static constexpr _Head& std::_Tuple_impl<_Idx, _Head>::_M_head(std::_Tuple_impl<_Idx, _Head>&) [with unsigned int _Idx = 1; _Head = std::default_delete<UserConfig::Cert_t>]	16	static
tuple:198:7:>&) [with unsigned int _Idx = 0; _Head = UserConfig::Cert_t*; _Tail = {std::default_delete<UserConfig::Cert_t>}]	16	static
tuple:86:19:constexpr std::_Head_base<_Idx, _Head, true>::_Head_base(_UHead&&) [with _UHead = std::default_delete<UserConfig::Cert_t>; unsigned int _Idx = 1; _Head = std::default_delete<UserConfig::Cert_t>]	16	static
tuple:339:17:constexpr std::_Tuple_impl<_Idx, _Head>::_Tuple_impl() [with unsigned int _Idx = 1; _Head = std::default_delete<UserConfig::Key_t>]	16	static
tuple:122:17:constexpr std::_Head_base<_Idx, _Head, false>::_Head_base() [with unsigned int _Idx = 0; _Head = UserConfig::Key_t*]	16	static
tuple:160:7:static constexpr _Head& std::_Head_base<_Idx, _Head, false>::_M_head(std::_Head_base<_Idx, _Head, false>&) [with unsigned int _Idx = 0; _Head = UserConfig::Key_t*]	16	static
tuple:334:7:static constexpr _Head& std::_Tuple_impl<_Idx, _Head>::_M_head(std::_Tuple_impl<_Idx, _Head>&) [with unsigned int _Idx = 1; _Head = std::default_delete<UserConfig::Key_t>]	16	static
tuple:198:7:>&) [with unsigned int _Idx = 0; _Head = UserConfig::Key_t*; _Tail = {std::default_delete<UserConfig::Key_t>}]	16	static
tuple:86:19:constexpr std::_Head_base<_Idx, _Head, true>::_Head_base(_UHead&&) [with _UHead = std::default_delete<UserConfig::Key_t>; unsigned int _Idx = 1; _Head = std::default_delete<UserConfig::Key_t>]	16	static
tuple:76:17:constexpr std::_Head_base<_Idx, _Head, true>::_Head_base() [with unsigned int _Idx = 1; _Head = std::default_delete<UserConfig::Cert_t>]	16	static
tuple:113:7:static constexpr _Head& std::_Head_base<_Idx, _Head, true>::_M_head(std::_Head_base<_Idx, _Head, true>&) [with unsigned int _Idx = 1; _Head = std::default_delete<UserConfig::Cert_t>]	16	static
tuple:163:7:static constexpr const _Head& std::_Head_base<_Idx, _Head, false>::_M_head(const std::_Head_base<_Idx, _Head, false>&) [with unsigned int _Idx = 0; _Head = UserConfig::Cert_t*]	16	static
tuple:76:17:constexpr std::_Head_base<_Idx, _Head, true>::_Head_base() [with unsigned int _Idx = 1; _Head = std::default_delete<UserConfig::Key_t>]	16	static
tuple:113:7:static constexpr _Head& std::_Head_base<_Idx, _Head, true>::_M_head(std::_Head_base<_Idx, _Head, true>&) [with unsigned int _Idx = 1; _Head = std::default_delete<UserConfig::Key_t>]	16	static
tuple:163:7:static constexpr const _Head& std::_Head_base<_Idx, _Head, false>::_M_head(const std::_Head_base<_Idx, _Head, false>&) [with unsigned int _Idx = 0; _Head = UserConfig::Key_t*]	16	static
CommandInterface.hpp:37:7:CommandInterface::~CommandInterface()	16	static
CommandInterface.hpp:37:7:virtual CommandInterface::~CommandInterface()	16	static
