stm32f413h_discovery_lcd.c:1026:13:SetDisplayWindow	4	static
stm32f413h_discovery_lcd.c:186:9:BSP_LCD_DeInit	0	static
stm32f413h_discovery_lcd.c:196:10:BSP_LCD_GetXSize	8	static
stm32f413h_discovery_lcd.c:205:10:BSP_LCD_GetYSize	8	static
stm32f413h_discovery_lcd.c:214:10:BSP_LCD_GetTextColor	0	static
stm32f413h_discovery_lcd.c:223:10:BSP_LCD_GetBackColor	0	static
stm32f413h_discovery_lcd.c:232:6:BSP_LCD_SetTextColor	0	static
stm32f413h_discovery_lcd.c:241:6:BSP_LCD_SetBackColor	0	static
stm32f413h_discovery_lcd.c:250:6:BSP_LCD_SetFont	0	static
stm32f413h_discovery_lcd.c:259:8:BSP_LCD_GetFont	0	static
stm32f413h_discovery_lcd.c:405:10:BSP_LCD_ReadPixel	0	static
stm32f413h_discovery_lcd.c:423:6:BSP_LCD_DrawPixel	0	static
stm32f413h_discovery_lcd.c:313:6:BSP_LCD_DisplayChar	56	static
stm32f413h_discovery_lcd.c:330:6:BSP_LCD_DisplayStringAt	32	static
stm32f413h_discovery_lcd.c:394:6:BSP_LCD_DisplayStringAtLine	0	static
stm32f413h_discovery_lcd.c:437:6:BSP_LCD_DrawHLine	24	static
stm32f413h_discovery_lcd.c:268:6:BSP_LCD_Clear	24	static
stm32f413h_discovery_lcd.c:460:6:BSP_LCD_DrawVLine	24	static
stm32f413h_discovery_lcd.c:484:6:BSP_LCD_DrawLine	56	static
stm32f413h_discovery_lcd.c:1043:13:FillTriangle	64	static
stm32f413h_discovery_lcd.c:558:6:BSP_LCD_DrawRect	24	static
stm32f413h_discovery_lcd.c:575:6:BSP_LCD_DrawCircle	64	static
stm32f413h_discovery_lcd.c:624:6:BSP_LCD_DrawPolygon	16	static
stm32f413h_discovery_lcd.c:651:6:BSP_LCD_DrawEllipse	64	static
stm32f413h_discovery_lcd.c:683:6:BSP_LCD_DrawBitmap	24	static
stm32f413h_discovery_lcd.c:711:6:BSP_LCD_DrawRGBImage	40	static
stm32f413h_discovery_lcd.c:730:6:BSP_LCD_FillRect	24	static
stm32f413h_discovery_lcd.c:293:6:BSP_LCD_ClearStringLine	24	static
stm32f413h_discovery_lcd.c:746:6:BSP_LCD_FillCircle	48	static
stm32f413h_discovery_lcd.c:793:6:BSP_LCD_FillPolygon	64	static
stm32f413h_discovery_lcd.c:860:6:BSP_LCD_FillEllipse	48	static
stm32f413h_discovery_lcd.c:889:6:BSP_LCD_DisplayOn	0	static
stm32f413h_discovery_lcd.c:897:6:BSP_LCD_DisplayOff	0	static
stm32f413h_discovery_lcd.c:905:13:BSP_LCD_MspInit	48	static
stm32f413h_discovery_lcd.c:129:9:BSP_LCD_InitEx	16	static
stm32f413h_discovery_lcd.c:119:9:BSP_LCD_Init	0	static
stm32f413h_discovery_lcd.c:935:13:BSP_LCD_MspDeInit	8	static
