gthr-default.h:229:1:int __gthread_key_delete(__gthread_key_t)	16	static
char_traits.h:329:7:static constexpr std::size_t std::char_traits<char>::length(const char_type*)	24	static
CloudInterface.cpp:88:1:CloudInterface::CloudInterface(UserConfig&)	56	static
CloudInterface.cpp:100:6:virtual void CloudInterface::Run()	40	static
CloudInterface.cpp:138:13:bool networkInit(UserConfig&)	32	static
CloudInterface.cpp:164:13:bool cloudConnect(UserConfig&)	80	static,ignoring_inline_asm
CloudInterface.cpp:232:13:void cloudDisconnect()	8	static
CloudInterface.cpp:246:13:void cloudSend(int16_t, uint16_t, uint16_t)	48	static
char_traits.h:100:7:static constexpr bool __gnu_cxx::char_traits<_CharT>::eq(const char_type&, const char_type&) [with _CharT = char]	16	static
char_traits.h:161:5:static constexpr std::size_t __gnu_cxx::char_traits<_CharT>::length(const char_type*) [with _CharT = char]	24	static
NetworkAddress.hpp:53:2:enl::NetworkAddress<addrSize>::NetworkAddress() [with unsigned int addrSize = 4]	16	static
NetworkAddress.hpp:72:2:enl::NetworkAddress<addrSize>::NetworkAddress(uint8_t, uint8_t, uint8_t, uint8_t) [with unsigned int Tsize = 4; <template-parameter-2-2> = void; unsigned int addrSize = 4]	24	static
basic_string.h:525:7:std::__cxx11::basic_string<_CharT, _Traits, _Alloc>::basic_string(const _CharT*, const _Alloc&) [with <template-parameter-2-1> = std::allocator<char>; _CharT = char; _Traits = std::char_traits<char>; _Alloc = std::allocator<char>]	32	static
array:59:7:static constexpr _Tp* std::__array_traits<_Tp, _Nm>::_S_ptr(const _Tp (&)[_Nm]) [with _Tp = char; unsigned int _Nm = 32]	16	static
array:238:7:constexpr const value_type* std::array<_Tp, _Nm>::data() const [with _Tp = char; unsigned int _Nm = 32]	16	static
basic_string.h:263:9:void std::__cxx11::basic_string<_CharT, _Traits, _Alloc>::_M_construct(_InIterator, _InIterator) [with _InIterator = const char*; _CharT = char; _Traits = std::char_traits<char>; _Alloc = std::allocator<char>]	24	static
array:185:7:constexpr std::array<_Tp, _Nm>::value_type& std::array<_Tp, _Nm>::operator[](std::array<_Tp, _Nm>::size_type) [with _Tp = unsigned char; unsigned int _Nm = 4]	16	static
basic_string.h:243:9:void std::__cxx11::basic_string<_CharT, _Traits, _Alloc>::_M_construct_aux(_InIterator, _InIterator, std::__false_type) [with _InIterator = const char*; _CharT = char; _Traits = std::char_traits<char>; _Alloc = std::allocator<char>]	40	static
array:55:7:static constexpr _Tp& std::__array_traits<_Tp, _Nm>::_S_ref(const _Tp (&)[_Nm], std::size_t) [with _Tp = unsigned char; unsigned int _Nm = 4]	16	static
stl_iterator_base_funcs.h:138:5:constexpr typename std::iterator_traits<_Iterator>::difference_type std::distance(_InputIterator, _InputIterator) [with _InputIterator = const char*]	24	static
basic_string.tcc:206:7:void std::__cxx11::basic_string<_CharT, _Traits, _Alloc>::_M_construct(_InIterator, _InIterator, std::forward_iterator_tag) [with _FwdIterator = const char*; _CharT = char; _Traits = std::char_traits<char>; _Alloc = std::allocator<char>]	32	static
type_traits.h:152:5:bool __gnu_cxx::__is_null_pointer(_Type*) [with _Type = const char]	16	static
stl_iterator_base_types.h:205:5:constexpr typename std::iterator_traits<_Iterator>::iterator_category std::__iterator_category(const _Iter&) [with _Iter = const char*]	16	static
stl_iterator_base_funcs.h:98:5:constexpr typename std::iterator_traits<_Iterator>::difference_type std::__distance(_RandomAccessIterator, _RandomAccessIterator, std::random_access_iterator_tag) [with _RandomAccessIterator = const char*]	24	static
CloudInterface.hpp:37:7:CloudInterface::~CloudInterface()	16	static
CloudInterface.hpp:37:7:virtual CloudInterface::~CloudInterface()	16	static
CloudInterface.cpp:278:1:void __static_initialization_and_destruction_0(int, int)	24	static
CloudInterface.cpp:278:1:cpp)	8	static
CloudInterface.cpp:278:1:cpp)	8	static
