char_traits.h:329:7:static constexpr std::size_t std::char_traits<char>::length(const char_type*)	24	static
gthr-default.h:229:1:int __gthread_key_delete(__gthread_key_t)	16	static
chrono:346:2:constexpr std::chrono::duration<_Rep, _Period>::rep std::chrono::duration<_Rep, _Period>::count() const [with _Rep = long long int; _Period = std::ratio<1, 1000000000>]	16	static
ResponseInterface.cpp:45:1:ResponseInterface::ResponseInterface(cpp_freertos::Queue&, UserConfig&)	64	static
ResponseInterface.cpp:53:1:ResponseInterface::~ResponseInterface()	16	static
ResponseInterface.cpp:53:1:virtual ResponseInterface::~ResponseInterface()	16	static
ResponseInterface.cpp:62:6:virtual void ResponseInterface::Run()	24	static
ResponseInterface.cpp:117:6:void ResponseInterface::CloudStatusHandler()	24	static
ResponseInterface.cpp:130:13:void HelpHandler()	16	static
ResponseInterface.cpp:154:13:void InvalidHandler()	8	static
ResponseInterface.cpp:165:13:void PromptHandler()	8	static
chrono:346:2:constexpr std::chrono::duration<_Rep, _Period>::rep std::chrono::duration<_Rep, _Period>::count() const [with _Rep = long unsigned int; _Period = std::ratio<1>]	16	static
chrono:649:2:constexpr std::chrono::time_point<_Clock, _Dur>::duration std::chrono::time_point<_Clock, _Dur>::time_since_epoch() const [with _Clock = std::chrono::_V2::steady_clock; _Dur = std::chrono::duration<long unsigned int, std::ratio<1> >]	16	static
ResponseInterface.cpp:175:13:void StatusHandler()	48	static
ResponseInterface.cpp:218:13:void VersionHandler()	32	static
ResponseInterface.cpp:239:6:void ResponseInterface::WifiStatusHandler()	40	static
char_traits.h:100:7:static constexpr bool __gnu_cxx::char_traits<_CharT>::eq(const char_type&, const char_type&) [with _CharT = char]	16	static
char_traits.h:161:5:static constexpr std::size_t __gnu_cxx::char_traits<_CharT>::length(const char_type*) [with _CharT = char]	24	static
NetworkAddress.hpp:53:2:enl::NetworkAddress<addrSize>::NetworkAddress() [with unsigned int addrSize = 4]	16	static
NetworkAddress.hpp:72:2:enl::NetworkAddress<addrSize>::NetworkAddress(uint8_t, uint8_t, uint8_t, uint8_t) [with unsigned int Tsize = 4; <template-parameter-2-2> = void; unsigned int addrSize = 4]	24	static
basic_string.h:525:7:std::__cxx11::basic_string<_CharT, _Traits, _Alloc>::basic_string(const _CharT*, const _Alloc&) [with <template-parameter-2-1> = std::allocator<char>; _CharT = char; _Traits = std::char_traits<char>; _Alloc = std::allocator<char>]	32	static
chrono:684:7:constexpr typename std::enable_if<std::chrono::__is_duration<_Tp>::value, std::chrono::time_point<_Clock, _ToDur> >::type std::chrono::time_point_cast(const std::chrono::time_point<_Clock, _Dur>&) [with _ToDur = std::chrono::duration<long unsigned int, std::ratio<1> >; _Clock = std::chrono::_V2::steady_clock; _Dur = std::chrono::duration<long long int, std::ratio<1, 1000000000> >]	32	static
NetworkAddress.hpp:127:12:uint8_t& enl::NetworkAddress<addrSize>::operator[](enl::NetworkAddress<addrSize>::size_type) [with unsigned int addrSize = 4]	16	static
NetworkAddress.hpp:127:12:uint8_t& enl::NetworkAddress<addrSize>::operator[](enl::NetworkAddress<addrSize>::size_type) [with unsigned int addrSize = 6]	16	static
basic_string.h:263:9:void std::__cxx11::basic_string<_CharT, _Traits, _Alloc>::_M_construct(_InIterator, _InIterator) [with _InIterator = const char*; _CharT = char; _Traits = std::char_traits<char>; _Alloc = std::allocator<char>]	24	static
array:185:7:constexpr std::array<_Tp, _Nm>::value_type& std::array<_Tp, _Nm>::operator[](std::array<_Tp, _Nm>::size_type) [with _Tp = unsigned char; unsigned int _Nm = 4]	16	static
chrono:649:2:constexpr std::chrono::time_point<_Clock, _Dur>::duration std::chrono::time_point<_Clock, _Dur>::time_since_epoch() const [with _Clock = std::chrono::_V2::steady_clock; _Dur = std::chrono::duration<long long int, std::ratio<1, 1000000000> >]	16	static
chrono:191:7:constexpr std::chrono::__enable_if_is_duration<_ToDur> std::chrono::duration_cast(const std::chrono::duration<_Rep, _Period>&) [with _ToDur = std::chrono::duration<long unsigned int, std::ratio<1> >; _Rep = long long int; _Period = std::ratio<1, 1000000000>]	16	static
chrono:636:21:constexpr std::chrono::time_point<_Clock, _Dur>::time_point(const duration&) [with _Clock = std::chrono::_V2::steady_clock; _Dur = std::chrono::duration<long unsigned int, std::ratio<1> >]	16	static
array:185:7:constexpr std::array<_Tp, _Nm>::value_type& std::array<_Tp, _Nm>::operator[](std::array<_Tp, _Nm>::size_type) [with _Tp = unsigned char; unsigned int _Nm = 6]	16	static
basic_string.h:243:9:void std::__cxx11::basic_string<_CharT, _Traits, _Alloc>::_M_construct_aux(_InIterator, _InIterator, std::__false_type) [with _InIterator = const char*; _CharT = char; _Traits = std::char_traits<char>; _Alloc = std::allocator<char>]	40	static
array:55:7:static constexpr _Tp& std::__array_traits<_Tp, _Nm>::_S_ref(const _Tp (&)[_Nm], std::size_t) [with _Tp = unsigned char; unsigned int _Nm = 4]	16	static
chrono:149:4:static constexpr _ToDur std::chrono::__duration_cast_impl<_ToDur, _CF, _CR, true, false>::__cast(const std::chrono::duration<_Rep, _Period>&) [with _Rep = long long int; _Period = std::ratio<1, 1000000000>; _ToDur = std::chrono::duration<long unsigned int, std::ratio<1> >; _CF = std::ratio<1, 1000000000>; _CR = long long int]	24	static
array:55:7:static constexpr _Tp& std::__array_traits<_Tp, _Nm>::_S_ref(const _Tp (&)[_Nm], std::size_t) [with _Tp = unsigned char; unsigned int _Nm = 6]	16	static
stl_iterator_base_funcs.h:138:5:constexpr typename std::iterator_traits<_Iterator>::difference_type std::distance(_InputIterator, _InputIterator) [with _InputIterator = const char*]	24	static
basic_string.tcc:206:7:void std::__cxx11::basic_string<_CharT, _Traits, _Alloc>::_M_construct(_InIterator, _InIterator, std::forward_iterator_tag) [with _FwdIterator = const char*; _CharT = char; _Traits = std::char_traits<char>; _Alloc = std::allocator<char>]	32	static
chrono:331:23:constexpr std::chrono::duration<_Rep, _Period>::duration(const _Rep2&) [with _Rep2 = long unsigned int; <template-parameter-2-2> = void; _Rep = long unsigned int; _Period = std::ratio<1>]	16	static
type_traits.h:152:5:bool __gnu_cxx::__is_null_pointer(_Type*) [with _Type = const char]	16	static
stl_iterator_base_types.h:205:5:constexpr typename std::iterator_traits<_Iterator>::iterator_category std::__iterator_category(const _Iter&) [with _Iter = const char*]	16	static
stl_iterator_base_funcs.h:98:5:constexpr typename std::iterator_traits<_Iterator>::difference_type std::__distance(_RandomAccessIterator, _RandomAccessIterator, std::random_access_iterator_tag) [with _RandomAccessIterator = const char*]	24	static
ResponseInterface.cpp:313:1:void __static_initialization_and_destruction_0(int, int)	24	static
ResponseInterface.cpp:313:1:cpp)	8	static
