aws_mqtt_agent.c:622:17:prvMQTTSendCallback	56	static,ignoring_inline_asm
aws_mqtt_agent.c:680:19:prvMQTTEventCallback	32	static,ignoring_inline_asm
aws_mqtt_agent.c:744:13:prvMQTTGetTicks	32	static
aws_mqtt_agent.c:758:19:prvGetFreeConnection	16	static
aws_mqtt_agent.c:791:13:prvReturnConnection	24	static,ignoring_inline_asm
aws_mqtt_agent.c:805:33:prvStoreNotificationData	24	static
aws_mqtt_agent.c:829:33:prvRetrieveNotificationData	24	static
aws_mqtt_agent.c:853:19:prvSetupConnection	56	static,ignoring_inline_asm
aws_mqtt_agent.c:1007:13:prvGracefulSocketClose	32	static
aws_mqtt_agent.c:1050:13:prvMQTTClientSocketWakeupCallback	56	static,ignoring_inline_asm
aws_mqtt_agent.c:1079:13:prvProcessReceivedCONNACK	24	static
aws_mqtt_agent.c:1111:13:prvProcessReceivedSUBACK	24	static
aws_mqtt_agent.c:1136:13:prvProcessReceivedUNSUBACK	24	static
aws_mqtt_agent.c:1154:13:prvProcessReceivedPUBACK	24	static
aws_mqtt_agent.c:1172:19:prvProcessReceivedPublish	56	static
aws_mqtt_agent.c:1195:13:prvProcessReceivedTimeout	24	static
aws_mqtt_agent.c:1213:13:prvProcessReceivedDisconnect	48	static
aws_mqtt_agent.c:1256:13:prvNotifyRequestingTask	24	static
aws_mqtt_agent.c:1280:19:prvManageConnections	40	static
aws_mqtt_agent.c:1369:13:prvInitiateMQTTConnect	64	static
aws_mqtt_agent.c:1453:13:prvInitiateMQTTDisconnect	24	static
aws_mqtt_agent.c:1474:13:prvInitiateMQTTSubscribe	56	static
aws_mqtt_agent.c:1529:13:prvInitiateMQTTUnSubscribe	40	static
aws_mqtt_agent.c:1580:13:prvInitiateMQTTPublish	56	static
aws_mqtt_agent.c:1645:30:prvSendCommandToMQTTTask	32	static,ignoring_inline_asm
aws_mqtt_agent.c:1762:13:prvMQTTTask	56	static,ignoring_inline_asm
aws_mqtt_agent.c:1838:12:MQTT_AGENT_Init	72	static,ignoring_inline_asm
aws_mqtt_agent.c:1918:23:MQTT_AGENT_Create	32	static
aws_mqtt_agent.c:1949:23:MQTT_AGENT_Delete	24	static
aws_mqtt_agent.c:1960:23:MQTT_AGENT_Connect	64	static
aws_mqtt_agent.c:1983:23:MQTT_AGENT_Disconnect	56	static
aws_mqtt_agent.c:2003:23:MQTT_AGENT_Subscribe	64	static
aws_mqtt_agent.c:2025:23:MQTT_AGENT_Unsubscribe	64	static
aws_mqtt_agent.c:2047:23:MQTT_AGENT_Publish	64	static
aws_mqtt_agent.c:2069:23:MQTT_AGENT_ReturnBuffer	16	static
