main.c:107:5:_write	24	static
main.c:112:6:_SPI_receive_delay	16	static
main.c:139:9:_sum	24	static
main.c:148:6:_UART_send_sensor_data	16	static
main.c:176:6:_set_delay	16	static
main.c:208:5:main	216	static
main.c:316:6:SystemClock_Config	232	static
main.c:391:13:MX_DFSDM1_Init	8	static
main.c:429:13:MX_QUADSPI_Init	8	static
main.c:462:13:MX_SPI1_Init	8	static
main.c:501:13:MX_UART4_Init	8	static
main.c:536:13:MX_USART1_UART_Init	8	static
main.c:571:13:MX_USB_OTG_FS_PCD_Init	8	static
main.c:606:13:MX_GPIO_Init	48	static
main.c:801:6:StartDefaultTask	16	static
main.c:819:6:StartReadTemp	40	static
main.c:874:6:StartReadHum	40	static
main.c:930:6:StartReadPressure	40	static
main.c:985:6:StartReadMagnetometer	72	static
main.c:1059:6:StartSendData	16	static
main.c:1086:6:StartReceiveDelay	16	static
main.c:1105:6:HAL_TIM_PeriodElapsedCallback	16	static
main.c:1122:6:Error_Handler	4	static,ignoring_inline_asm
