es_wifi.c:96:16:ParseNumber	20	static
es_wifi.c:126:13:ParseMAC	20	static
es_wifi.c:146:14:ParseIP	32	static
es_wifi.c:470:25:AT_ExecuteCommand	16	static
es_wifi.c:567:19:ES_WIFI_Init	32	static
es_wifi.c:591:19:ES_WIFI_GetProductID	8	static
es_wifi.c:603:19:ES_WIFI_GetFWRevID	8	static
es_wifi.c:615:19:ES_WIFI_GetProductName	8	static
es_wifi.c:627:19:ES_WIFI_GetAPIRev	8	static
es_wifi.c:639:19:ES_WIFI_GetStackRev	8	static
es_wifi.c:651:19:ES_WIFI_GetRTOSRev	8	static
es_wifi.c:663:19:ES_WIFI_RegisterBusIO	12	static
es_wifi.c:688:19:ES_WIFI_SetTimeout	0	static
es_wifi.c:700:19:ES_WIFI_ListAccessPoints	40	static
es_wifi.c:721:18:ES_WIFI_Connect	24	static
es_wifi.c:758:9:ES_WIFI_IsConnected	0	static
es_wifi.c:767:18:ES_WIFI_Disconnect	8	static
es_wifi.c:778:18:ES_WIFI_GetNetworkSettings	32	static
es_wifi.c:798:18:ES_WIFI_GetMACAddress	16	static
es_wifi.c:819:18:ES_WIFI_GetIPAddress	0	static
es_wifi.c:831:18:ES_WIFI_SetMACAddress	32	static
es_wifi.c:850:18:ES_WIFI_ResetToFactoryDefault	8	static
es_wifi.c:864:18:ES_WIFI_ResetModule	8	static
es_wifi.c:879:18:ES_WIFI_SetProductName	16	static
es_wifi.c:956:18:ES_WIFI_GetSystemConfig	24	static
es_wifi.c:976:18:ES_WIFI_Ping	32	static
es_wifi.c:1013:18:ES_WIFI_DNS_LookUp	16	static
es_wifi.c:1036:18:ES_WIFI_StartClientConnection	24	static
es_wifi.c:1081:18:ES_WIFI_StopClientConnection	16	static
es_wifi.c:1165:18:ES_WIFI_StartServerSingleConn	32	static
es_wifi.c:1246:18:ES_WIFI_StopServerSingleConn	8	static
es_wifi.c:1259:18:ES_WIFI_StartServerMultiConn	32	static
es_wifi.c:1352:18:ES_WIFI_StopServerMultiConn	16	static
es_wifi.c:1389:18:ES_WIFI_SendData	40	static
es_wifi.c:1430:18:ES_WIFI_ReceiveData	32	static
