wifi.c:32:15:WIFI_Init	16	static
wifi.c:58:15:WIFI_ListAccessPoints	504	static
wifi.c:93:15:WIFI_Connect	8	static
wifi.c:115:15:WIFI_GetMAC_Address	8	static
wifi.c:130:15:WIFI_GetIP_Address	0	static
wifi.c:147:15:WIFI_Disconnect	8	static
wifi.c:163:15:WIFI_Ping	8	static
wifi.c:183:15:WIFI_OpenClientConnection	24	static
wifi.c:212:15:WIFI_CloseClientConnection	8	static
wifi.c:229:15:WIFI_StartServer	24	static
wifi.c:247:15:WIFI_StopServer	8	static
wifi.c:263:15:WIFI_SendData	16	static
wifi.c:281:15:WIFI_ReceiveData	16	static
wifi.c:298:15:WIFI_SetOEMProperties	8	static
wifi.c:316:15:WIFI_ResetModule	8	static
wifi.c:331:15:WIFI_SetModuleDefault	8	static
wifi.c:348:15:WIFI_ModuleFirmwareUpdate	0	static
