stm32f4xx_hal_fmpi2c.c:6006:13:FMPI2C_Flush_TXDR	0	static
stm32f4xx_hal_fmpi2c.c:6475:13:FMPI2C_TransferConfig	12	static
stm32f4xx_hal_fmpi2c.c:6498:13:FMPI2C_Enable_IRQ	8	static
stm32f4xx_hal_fmpi2c.c:6569:13:FMPI2C_Disable_IRQ	0	static
stm32f4xx_hal_fmpi2c.c:6632:13:FMPI2C_ConvertOtherXferOptions	0	static
stm32f4xx_hal_fmpi2c.c:6407:26:FMPI2C_IsAcknowledgeFailed	16	static
stm32f4xx_hal_fmpi2c.c:6344:26:FMPI2C_WaitOnRXNEFlagUntilTimeout	16	static
stm32f4xx_hal_fmpi2c.c:6310:26:FMPI2C_WaitOnSTOPFlagUntilTimeout	16	static
stm32f4xx_hal_fmpi2c.c:6242:26:FMPI2C_WaitOnFlagUntilTimeout	24	static
stm32f4xx_hal_fmpi2c.c:6273:26:FMPI2C_WaitOnTXISFlagUntilTimeout	16	static
stm32f4xx_hal_fmpi2c.c:5179:26:FMPI2C_RequestMemoryWrite	32	static
stm32f4xx_hal_fmpi2c.c:5233:26:FMPI2C_RequestMemoryRead	32	static
stm32f4xx_hal_fmpi2c.c:632:13:HAL_FMPI2C_MspInit	0	static
stm32f4xx_hal_fmpi2c.c:477:19:HAL_FMPI2C_Init	8	static
stm32f4xx_hal_fmpi2c.c:648:13:HAL_FMPI2C_MspDeInit	0	static
stm32f4xx_hal_fmpi2c.c:586:19:HAL_FMPI2C_DeInit	8	static
stm32f4xx_hal_fmpi2c.c:1069:19:HAL_FMPI2C_Master_Transmit	40	static
stm32f4xx_hal_fmpi2c.c:1184:19:HAL_FMPI2C_Master_Receive	40	static
stm32f4xx_hal_fmpi2c.c:1298:19:HAL_FMPI2C_Slave_Transmit	40	static
stm32f4xx_hal_fmpi2c.c:1435:19:HAL_FMPI2C_Slave_Receive	40	static
stm32f4xx_hal_fmpi2c.c:1561:19:HAL_FMPI2C_Master_Transmit_IT	24	static
stm32f4xx_hal_fmpi2c.c:1631:19:HAL_FMPI2C_Master_Receive_IT	24	static
stm32f4xx_hal_fmpi2c.c:1698:19:HAL_FMPI2C_Slave_Transmit_IT	16	static
stm32f4xx_hal_fmpi2c.c:1747:19:HAL_FMPI2C_Slave_Receive_IT	16	static
stm32f4xx_hal_fmpi2c.c:1798:19:HAL_FMPI2C_Master_Transmit_DMA	32	static
stm32f4xx_hal_fmpi2c.c:1942:19:HAL_FMPI2C_Master_Receive_DMA	32	static
stm32f4xx_hal_fmpi2c.c:2084:19:HAL_FMPI2C_Slave_Transmit_DMA	24	static
stm32f4xx_hal_fmpi2c.c:2187:19:HAL_FMPI2C_Slave_Receive_DMA	24	static
stm32f4xx_hal_fmpi2c.c:2294:19:HAL_FMPI2C_Mem_Write	56	static
stm32f4xx_hal_fmpi2c.c:2429:19:HAL_FMPI2C_Mem_Read	56	static
stm32f4xx_hal_fmpi2c.c:2562:19:HAL_FMPI2C_Mem_Write_IT	48	static
stm32f4xx_hal_fmpi2c.c:2654:19:HAL_FMPI2C_Mem_Read_IT	48	static
stm32f4xx_hal_fmpi2c.c:2745:19:HAL_FMPI2C_Mem_Write_DMA	40	static
stm32f4xx_hal_fmpi2c.c:2890:19:HAL_FMPI2C_Mem_Read_DMA	40	static
stm32f4xx_hal_fmpi2c.c:3032:19:HAL_FMPI2C_IsDeviceReady	56	static
stm32f4xx_hal_fmpi2c.c:3173:19:HAL_FMPI2C_Master_Seq_Transmit_IT	24	static
stm32f4xx_hal_fmpi2c.c:3258:19:HAL_FMPI2C_Master_Seq_Transmit_DMA	40	static
stm32f4xx_hal_fmpi2c.c:3421:19:HAL_FMPI2C_Master_Seq_Receive_IT	24	static
stm32f4xx_hal_fmpi2c.c:3506:19:HAL_FMPI2C_Master_Seq_Receive_DMA	40	static
stm32f4xx_hal_fmpi2c.c:3667:19:HAL_FMPI2C_Slave_Seq_Transmit_IT	24	static
stm32f4xx_hal_fmpi2c.c:3763:19:HAL_FMPI2C_Slave_Seq_Transmit_DMA	24	static
stm32f4xx_hal_fmpi2c.c:3943:19:HAL_FMPI2C_Slave_Seq_Receive_IT	24	static
stm32f4xx_hal_fmpi2c.c:4039:19:HAL_FMPI2C_Slave_Seq_Receive_DMA	24	static
stm32f4xx_hal_fmpi2c.c:4215:19:HAL_FMPI2C_EnableListen_IT	8	static
stm32f4xx_hal_fmpi2c.c:4239:19:HAL_FMPI2C_DisableListen_IT	8	static
stm32f4xx_hal_fmpi2c.c:4272:19:HAL_FMPI2C_Master_Abort_IT	24	static
stm32f4xx_hal_fmpi2c.c:4334:6:HAL_FMPI2C_EV_IRQHandler	0	static
stm32f4xx_hal_fmpi2c.c:4402:13:HAL_FMPI2C_MasterTxCpltCallback	0	static
stm32f4xx_hal_fmpi2c.c:4418:13:HAL_FMPI2C_MasterRxCpltCallback	0	static
stm32f4xx_hal_fmpi2c.c:5376:13:FMPI2C_ITMasterSeqCplt	16	static
stm32f4xx_hal_fmpi2c.c:4433:13:HAL_FMPI2C_SlaveTxCpltCallback	0	static
stm32f4xx_hal_fmpi2c.c:4449:13:HAL_FMPI2C_SlaveRxCpltCallback	0	static
stm32f4xx_hal_fmpi2c.c:5429:13:FMPI2C_ITSlaveSeqCplt	8	static
stm32f4xx_hal_fmpi2c.c:6075:13:FMPI2C_DMASlaveTransmitCplt	0	static
stm32f4xx_hal_fmpi2c.c:6150:13:FMPI2C_DMASlaveReceiveCplt	0	static
stm32f4xx_hal_fmpi2c.c:4467:13:HAL_FMPI2C_AddrCallback	0	static
stm32f4xx_hal_fmpi2c.c:5281:13:FMPI2C_ITAddrCplt.isra.0	24	static
stm32f4xx_hal_fmpi2c.c:4485:13:HAL_FMPI2C_ListenCpltCallback	0	static
stm32f4xx_hal_fmpi2c.c:5805:13:FMPI2C_ITListenCplt	8	static
stm32f4xx_hal_fmpi2c.c:4501:13:HAL_FMPI2C_MemTxCpltCallback	0	static
stm32f4xx_hal_fmpi2c.c:4517:13:HAL_FMPI2C_MemRxCpltCallback	0	static
stm32f4xx_hal_fmpi2c.c:4533:13:HAL_FMPI2C_ErrorCallback	0	static
stm32f4xx_hal_fmpi2c.c:4549:13:HAL_FMPI2C_AbortCpltCallback	0	static
stm32f4xx_hal_fmpi2c.c:5968:13:FMPI2C_TreatErrorCallback	8	static
stm32f4xx_hal_fmpi2c.c:5856:13:FMPI2C_ITError	16	static
stm32f4xx_hal_fmpi2c.c:5646:13:FMPI2C_ITSlaveCplt	24	static
stm32f4xx_hal_fmpi2c.c:4769:26:FMPI2C_Slave_ISR_IT	24	static
stm32f4xx_hal_fmpi2c.c:5503:13:FMPI2C_ITMasterCplt	24	static
stm32f4xx_hal_fmpi2c.c:4632:26:FMPI2C_Master_ISR_IT	24	static
stm32f4xx_hal_fmpi2c.c:5039:26:FMPI2C_Slave_ISR_DMA	24	static
stm32f4xx_hal_fmpi2c.c:4904:26:FMPI2C_Master_ISR_DMA	16	static
stm32f4xx_hal_fmpi2c.c:6177:13:FMPI2C_DMAError	16	static
stm32f4xx_hal_fmpi2c.c:6027:13:FMPI2C_DMAMasterTransmitCplt	8	static
stm32f4xx_hal_fmpi2c.c:6102:13:FMPI2C_DMAMasterReceiveCplt	8	static
stm32f4xx_hal_fmpi2c.c:4353:6:HAL_FMPI2C_ER_IRQHandler	4	static
stm32f4xx_hal_fmpi2c.c:6215:13:FMPI2C_DMAAbort	0	static
stm32f4xx_hal_fmpi2c.c:4584:25:HAL_FMPI2C_GetState	0	static
stm32f4xx_hal_fmpi2c.c:4596:24:HAL_FMPI2C_GetMode	0	static
stm32f4xx_hal_fmpi2c.c:4607:10:HAL_FMPI2C_GetError	0	static
