pk.h:170:36:mbedtls_pk_ec	16	static
aws_pkcs11_mbedtls.c:164:6:aws_mbedtls_mutex_init	16	static
aws_pkcs11_mbedtls.c:185:6:aws_mbedtls_mutex_free	16	static
aws_pkcs11_mbedtls.c:200:5:aws_mbedtls_mutex_lock	24	static
aws_pkcs11_mbedtls.c:226:5:aws_mbedtls_mutex_unlock	24	static
aws_pkcs11_mbedtls.c:251:17:prvSessionPointerFromHandle	16	static
aws_pkcs11_mbedtls.c:339:7:prvMbedTLS_Initialize	24	static
aws_pkcs11_mbedtls.c:384:5:C_Initialize	16	static
aws_pkcs11_mbedtls.c:395:1:C_Finalize	24	static
aws_pkcs11_mbedtls.c:431:1:C_GetFunctionList	24	static
aws_pkcs11_mbedtls.c:450:1:C_GetSlotList	32	static
aws_pkcs11_mbedtls.c:487:1:C_OpenSession	32	static
aws_pkcs11_mbedtls.c:583:1:C_CloseSession	24	static
aws_pkcs11_mbedtls.c:634:1:C_CreateObject	56	static
aws_pkcs11_mbedtls.c:813:1:C_DestroyObject	16	static
aws_pkcs11_mbedtls.c:825:1:C_GetAttributeValue	64	static
aws_pkcs11_mbedtls.c:956:1:C_FindObjectsInit	32	static
aws_pkcs11_mbedtls.c:1019:1:C_FindObjects	40	static
aws_pkcs11_mbedtls.c:1080:1:C_FindObjectsFinal	24	static
aws_pkcs11_mbedtls.c:1108:1:C_DigestInit	24	static
aws_pkcs11_mbedtls.c:1144:1:C_DigestUpdate	32	static
aws_pkcs11_mbedtls.c:1172:1:C_DigestFinal	32	static
aws_pkcs11_mbedtls.c:1220:1:C_SignInit	56	static
aws_pkcs11_mbedtls.c:1290:1:C_Sign	56	static
aws_pkcs11_mbedtls.c:1361:1:C_VerifyInit	56	static
aws_pkcs11_mbedtls.c:1430:1:C_Verify	40	static
aws_pkcs11_mbedtls.c:1484:1:C_GenerateKeyPair	48	static
aws_pkcs11_mbedtls.c:1578:1:C_GenerateRandom	32	static
