stm32l4xx_it.c:93:6:NMI_Handler	4	static
stm32l4xx_it.c:106:6:HardFault_Handler	4	static
stm32l4xx_it.c:121:6:MemManage_Handler	4	static
stm32l4xx_it.c:136:6:BusFault_Handler	4	static
stm32l4xx_it.c:151:6:UsageFault_Handler	4	static
stm32l4xx_it.c:166:6:DebugMon_Handler	4	static
stm32l4xx_it.c:186:6:EXTI1_IRQHandler	8	static
stm32l4xx_it.c:200:6:DMA1_Channel4_IRQHandler	8	static
stm32l4xx_it.c:214:6:DMA1_Channel5_IRQHandler	8	static
stm32l4xx_it.c:228:6:TIM2_IRQHandler	8	static
stm32l4xx_it.c:242:6:I2C2_EV_IRQHandler	8	static
stm32l4xx_it.c:256:6:I2C2_ER_IRQHandler	8	static
stm32l4xx_it.c:270:6:SPI3_IRQHandler	8	static
stm32l4xx_it.c:284:6:OTG_FS_IRQHandler	24	static
