aws_wifi.c:90:31:prvConvertSecurityFromAbstractedToST	24	static
aws_wifi.c:133:23:prvConvertSecurityFromSTToAbstracted	24	static
aws_wifi.c:169:18:WIFI_On	24	static
aws_wifi.c:214:18:WIFI_Off	16	static
aws_wifi.c:223:18:WIFI_ConnectAP	48	static,ignoring_inline_asm
aws_wifi.c:292:18:WIFI_Disconnect	16	static
aws_wifi.c:325:18:WIFI_Reset	16	static
aws_wifi.c:350:18:WIFI_SetMode	24	static
aws_wifi.c:358:18:WIFI_GetMode	24	static
aws_wifi.c:367:18:WIFI_NetworkAdd	24	static
aws_wifi.c:377:18:WIFI_NetworkGet	24	static
aws_wifi.c:388:18:WIFI_NetworkDelete	24	static
aws_wifi.c:397:18:WIFI_Ping	32	static
aws_wifi.c:429:18:WIFI_GetIP	24	static,ignoring_inline_asm
aws_wifi.c:457:18:WIFI_GetMAC	24	static,ignoring_inline_asm
aws_wifi.c:484:18:WIFI_GetHostIP	32	static,ignoring_inline_asm
aws_wifi.c:515:18:WIFI_Scan	480	static,ignoring_inline_asm
aws_wifi.c:562:18:WIFI_StartAP	16	static
aws_wifi.c:571:18:WIFI_StopAP	16	static
aws_wifi.c:581:18:WIFI_ConfigureAP	104	static,ignoring_inline_asm
aws_wifi.c:627:18:WIFI_SetPMMode	24	static
aws_wifi.c:636:18:WIFI_GetPMMode	24	static
aws_wifi.c:645:12:WIFI_IsConnected	16	static
aws_wifi.c:765:18:WIFI_GetFirmwareVersion	24	static
aws_wifi.c:790:18:WIFI_GetNetworkSettings	24	static,ignoring_inline_asm
aws_wifi.c:819:18:WIFI_GetRSSI	24	static
