main.c:92:5:_write	24	static
main.c:97:6:_set_delay	16	static
main.c:123:6:SendSPIData	32	static
main.c:172:5:main	184	static
main.c:266:6:SystemClock_Config	232	static
main.c:321:13:MX_SPI1_Init	8	static
main.c:360:13:MX_USART1_UART_Init	8	static
main.c:395:13:MX_GPIO_Init	40	static
main.c:426:6:StartDefaultTask	16	static
main.c:446:6:StartReadTemp	48	static
main.c:484:6:StartReadHum	48	static
main.c:523:6:StartReadPressure	48	static
main.c:561:6:StartReadMagnetometer	80	static
main.c:619:6:StartSendData	24	static
main.c:640:6:HAL_TIM_PeriodElapsedCallback	16	static
main.c:657:6:Error_Handler	4	static,ignoring_inline_asm
