main.c:85:5:_write	24	static
main.c:95:5:main	184	static
main.c:189:6:SystemClock_Config	232	static
main.c:244:13:MX_SPI3_Init	8	static
main.c:284:13:MX_USART1_UART_Init	8	static
main.c:319:13:MX_GPIO_Init	40	static
main.c:351:6:StartDefaultTask	16	static
main.c:371:6:StartReadTemp	48	static
main.c:402:6:StartReadHum	48	static
main.c:434:6:StartReadPressure	48	static
main.c:465:6:StartReadMagnetometer	80	static
main.c:517:6:StartWebServer	16	static
main.c:536:6:HAL_TIM_PeriodElapsedCallback	16	static
main.c:553:6:Error_Handler	4	static,ignoring_inline_asm
