Archive member included to satisfy reference by file (symbol)

d:/st/stm32cubeide_1.6.1/stm32cubeide/plugins/com.st.stm32cube.ide.mcu.externaltools.gnu-tools-for-stm32.9-2020-q2-update.win32_1.5.0.202011040924/tools/bin/../lib/gcc/arm-none-eabi/9.3.1/../../../../arm-none-eabi/lib/thumb/v7e-m+fp/hard\libc_nano.a(lib_a-atoi.o)
                              Core/Src/es_wifi.o (atoi)
d:/st/stm32cubeide_1.6.1/stm32cubeide/plugins/com.st.stm32cube.ide.mcu.externaltools.gnu-tools-for-stm32.9-2020-q2-update.win32_1.5.0.202011040924/tools/bin/../lib/gcc/arm-none-eabi/9.3.1/../../../../arm-none-eabi/lib/thumb/v7e-m+fp/hard\libc_nano.a(lib_a-errno.o)
                              Core/Src/sysmem.o (__errno)
d:/st/stm32cubeide_1.6.1/stm32cubeide/plugins/com.st.stm32cube.ide.mcu.externaltools.gnu-tools-for-stm32.9-2020-q2-update.win32_1.5.0.202011040924/tools/bin/../lib/gcc/arm-none-eabi/9.3.1/../../../../arm-none-eabi/lib/thumb/v7e-m+fp/hard\libc_nano.a(lib_a-exit.o)
                              d:/st/stm32cubeide_1.6.1/stm32cubeide/plugins/com.st.stm32cube.ide.mcu.externaltools.gnu-tools-for-stm32.9-2020-q2-update.win32_1.5.0.202011040924/tools/bin/../lib/gcc/arm-none-eabi/9.3.1/../../../../arm-none-eabi/lib/thumb/v7e-m+fp/hard/crt0.o (exit)
d:/st/stm32cubeide_1.6.1/stm32cubeide/plugins/com.st.stm32cube.ide.mcu.externaltools.gnu-tools-for-stm32.9-2020-q2-update.win32_1.5.0.202011040924/tools/bin/../lib/gcc/arm-none-eabi/9.3.1/../../../../arm-none-eabi/lib/thumb/v7e-m+fp/hard\libc_nano.a(lib_a-impure.o)
                              d:/st/stm32cubeide_1.6.1/stm32cubeide/plugins/com.st.stm32cube.ide.mcu.externaltools.gnu-tools-for-stm32.9-2020-q2-update.win32_1.5.0.202011040924/tools/bin/../lib/gcc/arm-none-eabi/9.3.1/../../../../arm-none-eabi/lib/thumb/v7e-m+fp/hard\libc_nano.a(lib_a-exit.o) (_global_impure_ptr)
d:/st/stm32cubeide_1.6.1/stm32cubeide/plugins/com.st.stm32cube.ide.mcu.externaltools.gnu-tools-for-stm32.9-2020-q2-update.win32_1.5.0.202011040924/tools/bin/../lib/gcc/arm-none-eabi/9.3.1/../../../../arm-none-eabi/lib/thumb/v7e-m+fp/hard\libc_nano.a(lib_a-init.o)
                              d:/st/stm32cubeide_1.6.1/stm32cubeide/plugins/com.st.stm32cube.ide.mcu.externaltools.gnu-tools-for-stm32.9-2020-q2-update.win32_1.5.0.202011040924/tools/bin/../lib/gcc/arm-none-eabi/9.3.1/../../../../arm-none-eabi/lib/thumb/v7e-m+fp/hard/crt0.o (__libc_init_array)
d:/st/stm32cubeide_1.6.1/stm32cubeide/plugins/com.st.stm32cube.ide.mcu.externaltools.gnu-tools-for-stm32.9-2020-q2-update.win32_1.5.0.202011040924/tools/bin/../lib/gcc/arm-none-eabi/9.3.1/../../../../arm-none-eabi/lib/thumb/v7e-m+fp/hard\libc_nano.a(lib_a-memcmp.o)
                              Core/Src/es_wifi.o (memcmp)
d:/st/stm32cubeide_1.6.1/stm32cubeide/plugins/com.st.stm32cube.ide.mcu.externaltools.gnu-tools-for-stm32.9-2020-q2-update.win32_1.5.0.202011040924/tools/bin/../lib/gcc/arm-none-eabi/9.3.1/../../../../arm-none-eabi/lib/thumb/v7e-m+fp/hard\libc_nano.a(lib_a-memcpy-stub.o)
                              Core/Src/es_wifi.o (memcpy)
d:/st/stm32cubeide_1.6.1/stm32cubeide/plugins/com.st.stm32cube.ide.mcu.externaltools.gnu-tools-for-stm32.9-2020-q2-update.win32_1.5.0.202011040924/tools/bin/../lib/gcc/arm-none-eabi/9.3.1/../../../../arm-none-eabi/lib/thumb/v7e-m+fp/hard\libc_nano.a(lib_a-memset.o)
                              d:/st/stm32cubeide_1.6.1/stm32cubeide/plugins/com.st.stm32cube.ide.mcu.externaltools.gnu-tools-for-stm32.9-2020-q2-update.win32_1.5.0.202011040924/tools/bin/../lib/gcc/arm-none-eabi/9.3.1/../../../../arm-none-eabi/lib/thumb/v7e-m+fp/hard/crt0.o (memset)
d:/st/stm32cubeide_1.6.1/stm32cubeide/plugins/com.st.stm32cube.ide.mcu.externaltools.gnu-tools-for-stm32.9-2020-q2-update.win32_1.5.0.202011040924/tools/bin/../lib/gcc/arm-none-eabi/9.3.1/../../../../arm-none-eabi/lib/thumb/v7e-m+fp/hard\libc_nano.a(lib_a-printf.o)
                              Core/Src/es_wifi.o (printf)
d:/st/stm32cubeide_1.6.1/stm32cubeide/plugins/com.st.stm32cube.ide.mcu.externaltools.gnu-tools-for-stm32.9-2020-q2-update.win32_1.5.0.202011040924/tools/bin/../lib/gcc/arm-none-eabi/9.3.1/../../../../arm-none-eabi/lib/thumb/v7e-m+fp/hard\libc_nano.a(lib_a-puts.o)
                              Core/Src/es_wifi.o (puts)
d:/st/stm32cubeide_1.6.1/stm32cubeide/plugins/com.st.stm32cube.ide.mcu.externaltools.gnu-tools-for-stm32.9-2020-q2-update.win32_1.5.0.202011040924/tools/bin/../lib/gcc/arm-none-eabi/9.3.1/../../../../arm-none-eabi/lib/thumb/v7e-m+fp/hard\libc_nano.a(lib_a-snprintf.o)
                              Core/Src/main.o (snprintf)
d:/st/stm32cubeide_1.6.1/stm32cubeide/plugins/com.st.stm32cube.ide.mcu.externaltools.gnu-tools-for-stm32.9-2020-q2-update.win32_1.5.0.202011040924/tools/bin/../lib/gcc/arm-none-eabi/9.3.1/../../../../arm-none-eabi/lib/thumb/v7e-m+fp/hard\libc_nano.a(lib_a-sprintf.o)
                              Core/Src/es_wifi.o (sprintf)
[...]
Memory Configuration

Name             Origin             Length             Attributes
RAM              0x0000000020000000 0x0000000000018000 xrw
RAM2             0x0000000010000000 0x0000000000008000 xrw
FLASH            0x0000000008000000 0x0000000000100000 xr
*default*        0x0000000000000000 0xffffffffffffffff

Linker script and memory map

LOAD d:/st/stm32cubeide_1.6.1/stm32cubeide/plugins/com.st.stm32cube.ide.mcu.externaltools.gnu-tools-for-stm32.9-2020-q2-update.win32_1.5.0.202011040924/tools/bin/../lib/gcc/arm-none-eabi/9.3.1/thumb/v7e-m+fp/hard/crti.o
LOAD d:/st/stm32cubeide_1.6.1/stm32cubeide/plugins/com.st.stm32cube.ide.mcu.externaltools.gnu-tools-for-stm32.9-2020-q2-update.win32_1.5.0.202011040924/tools/bin/../lib/gcc/arm-none-eabi/9.3.1/thumb/v7e-m+fp/hard/crtbegin.o
LOAD d:/st/stm32cubeide_1.6.1/stm32cubeide/plugins/com.st.stm32cube.ide.mcu.externaltools.gnu-tools-for-stm32.9-2020-q2-update.win32_1.5.0.202011040924/tools/bin/../lib/gcc/arm-none-eabi/9.3.1/../../../../arm-none-eabi/lib/thumb/v7e-m+fp/hard/crt0.o
LOAD Core/Src/es_wifi.o
LOAD Core/Src/es_wifi_io.o
LOAD Core/Src/freertos.o
LOAD Core/Src/main.o
LOAD Core/Src/stm32l4xx_hal_msp.o
LOAD Core/Src/stm32l4xx_hal_timebase_tim.o
LOAD Core/Src/stm32l4xx_it.o
LOAD Core/Src/sysmem.o
LOAD Core/Src/system_stm32l4xx.o
LOAD Core/Src/wifi.o
LOAD Core/Src/wifi_lib.o
LOAD Core/Startup/startup_stm32l475vgtx.o
LOAD Drivers/BSP/B-L475E-IOT01/stm32l475e_iot01.o
LOAD Drivers/BSP/B-L475E-IOT01/stm32l475e_iot01_hsensor.o
LOAD Drivers/BSP/B-L475E-IOT01/stm32l475e_iot01_magneto.o
LOAD Drivers/BSP/B-L475E-IOT01/stm32l475e_iot01_psensor.o
LOAD Drivers/BSP/B-L475E-IOT01/stm32l475e_iot01_tsensor.o
LOAD Drivers/BSP/Components/hts221/hts221.o
LOAD Drivers/BSP/Components/lis3mdl/lis3mdl.o
LOAD Drivers/BSP/Components/lps22hb/lps22hb.o
LOAD Drivers/STM32L4xx_HAL_Driver/Src/stm32l4xx_hal.o
LOAD Drivers/STM32L4xx_HAL_Driver/Src/stm32l4xx_hal_cortex.o
LOAD Drivers/STM32L4xx_HAL_Driver/Src/stm32l4xx_hal_dma.o
LOAD Drivers/STM32L4xx_HAL_Driver/Src/stm32l4xx_hal_dma_ex.o
LOAD Drivers/STM32L4xx_HAL_Driver/Src/stm32l4xx_hal_exti.o
LOAD Drivers/STM32L4xx_HAL_Driver/Src/stm32l4xx_hal_flash.o
LOAD Drivers/STM32L4xx_HAL_Driver/Src/stm32l4xx_hal_flash_ex.o
LOAD Drivers/STM32L4xx_HAL_Driver/Src/stm32l4xx_hal_flash_ramfunc.o
LOAD Drivers/STM32L4xx_HAL_Driver/Src/stm32l4xx_hal_gpio.o
LOAD Drivers/STM32L4xx_HAL_Driver/Src/stm32l4xx_hal_i2c.o
LOAD Drivers/STM32L4xx_HAL_Driver/Src/stm32l4xx_hal_i2c_ex.o
LOAD Drivers/STM32L4xx_HAL_Driver/Src/stm32l4xx_hal_pwr.o
LOAD Drivers/STM32L4xx_HAL_Driver/Src/stm32l4xx_hal_pwr_ex.o
LOAD Drivers/STM32L4xx_HAL_Driver/Src/stm32l4xx_hal_rcc.o
LOAD Drivers/STM32L4xx_HAL_Driver/Src/stm32l4xx_hal_rcc_ex.o
LOAD Drivers/STM32L4xx_HAL_Driver/Src/stm32l4xx_hal_spi.o
LOAD Drivers/STM32L4xx_HAL_Driver/Src/stm32l4xx_hal_spi_ex.o
LOAD Drivers/STM32L4xx_HAL_Driver/Src/stm32l4xx_hal_tim.o
LOAD Drivers/STM32L4xx_HAL_Driver/Src/stm32l4xx_hal_tim_ex.o
LOAD Drivers/STM32L4xx_HAL_Driver/Src/stm32l4xx_hal_uart.o
LOAD Drivers/STM32L4xx_HAL_Driver/Src/stm32l4xx_hal_uart_ex.o
LOAD Middlewares/Third_Party/FreeRTOS/Source/CMSIS_RTOS/cmsis_os.o
LOAD Middlewares/Third_Party/FreeRTOS/Source/croutine.o
LOAD Middlewares/Third_Party/FreeRTOS/Source/event_groups.o
LOAD Middlewares/Third_Party/FreeRTOS/Source/list.o
LOAD Middlewares/Third_Party/FreeRTOS/Source/queue.o
LOAD Middlewares/Third_Party/FreeRTOS/Source/stream_buffer.o
LOAD Middlewares/Third_Party/FreeRTOS/Source/tasks.o
LOAD Middlewares/Third_Party/FreeRTOS/Source/timers.o
LOAD Middlewares/Third_Party/FreeRTOS/Source/portable/GCC/ARM_CM4F/port.o
LOAD Middlewares/Third_Party/FreeRTOS/Source/portable/MemMang/heap_4.o
START GROUP
LOAD d:/st/stm32cubeide_1.6.1/stm32cubeide/plugins/com.st.stm32cube.ide.mcu.externaltools.gnu-tools-for-stm32.9-2020-q2-update.win32_1.5.0.202011040924/tools/bin/../lib/gcc/arm-none-eabi/9.3.1/../../../../arm-none-eabi/lib/thumb/v7e-m+fp/hard\libc_nano.a
LOAD d:/st/stm32cubeide_1.6.1/stm32cubeide/plugins/com.st.stm32cube.ide.mcu.externaltools.gnu-tools-for-stm32.9-2020-q2-update.win32_1.5.0.202011040924/tools/bin/../lib/gcc/arm-none-eabi/9.3.1/../../../../arm-none-eabi/lib/thumb/v7e-m+fp/hard\libm.a
END GROUP
START GROUP
LOAD d:/st/stm32cubeide_1.6.1/stm32cubeide/plugins/com.st.stm32cube.ide.mcu.externaltools.gnu-tools-for-stm32.9-2020-q2-update.win32_1.5.0.202011040924/tools/bin/../lib/gcc/arm-none-eabi/9.3.1/thumb/v7e-m+fp/hard\libgcc.a
LOAD d:/st/stm32cubeide_1.6.1/stm32cubeide/plugins/com.st.stm32cube.ide.mcu.externaltools.gnu-tools-for-stm32.9-2020-q2-update.win32_1.5.0.202011040924/tools/bin/../lib/gcc/arm-none-eabi/9.3.1/../../../../arm-none-eabi/lib/thumb/v7e-m+fp/hard\libc_nano.a
END GROUP
START GROUP
LOAD d:/st/stm32cubeide_1.6.1/stm32cubeide/plugins/com.st.stm32cube.ide.mcu.externaltools.gnu-tools-for-stm32.9-2020-q2-update.win32_1.5.0.202011040924/tools/bin/../lib/gcc/arm-none-eabi/9.3.1/thumb/v7e-m+fp/hard\libgcc.a
LOAD d:/st/stm32cubeide_1.6.1/stm32cubeide/plugins/com.st.stm32cube.ide.mcu.externaltools.gnu-tools-for-stm32.9-2020-q2-update.win32_1.5.0.202011040924/tools/bin/../lib/gcc/arm-none-eabi/9.3.1/../../../../arm-none-eabi/lib/thumb/v7e-m+fp/hard\libc_nano.a
LOAD d:/st/stm32cubeide_1.6.1/stm32cubeide/plugins/com.st.stm32cube.ide.mcu.externaltools.gnu-tools-for-stm32.9-2020-q2-update.win32_1.5.0.202011040924/tools/bin/../lib/gcc/arm-none-eabi/9.3.1/../../../../arm-none-eabi/lib/thumb/v7e-m+fp/hard\libnosys.a
END GROUP
START GROUP
LOAD d:/st/stm32cubeide_1.6.1/stm32cubeide/plugins/com.st.stm32cube.ide.mcu.externaltools.gnu-tools-for-stm32.9-2020-q2-update.win32_1.5.0.202011040924/tools/bin/../lib/gcc/arm-none-eabi/9.3.1/thumb/v7e-m+fp/hard\libgcc.a
LOAD d:/st/stm32cubeide_1.6.1/stm32cubeide/plugins/com.st.stm32cube.ide.mcu.externaltools.gnu-tools-for-stm32.9-2020-q2-update.win32_1.5.0.202011040924/tools/bin/../lib/gcc/arm-none-eabi/9.3.1/../../../../arm-none-eabi/lib/thumb/v7e-m+fp/hard\libc_nano.a
LOAD d:/st/stm32cubeide_1.6.1/stm32cubeide/plugins/com.st.stm32cube.ide.mcu.externaltools.gnu-tools-for-stm32.9-2020-q2-update.win32_1.5.0.202011040924/tools/bin/../lib/gcc/arm-none-eabi/9.3.1/../../../../arm-none-eabi/lib/thumb/v7e-m+fp/hard\libnosys.a
END GROUP
LOAD d:/st/stm32cubeide_1.6.1/stm32cubeide/plugins/com.st.stm32cube.ide.mcu.externaltools.gnu-tools-for-stm32.9-2020-q2-update.win32_1.5.0.202011040924/tools/bin/../lib/gcc/arm-none-eabi/9.3.1/thumb/v7e-m+fp/hard/crtend.o
LOAD d:/st/stm32cubeide_1.6.1/stm32cubeide/plugins/com.st.stm32cube.ide.mcu.externaltools.gnu-tools-for-stm32.9-2020-q2-update.win32_1.5.0.202011040924/tools/bin/../lib/gcc/arm-none-eabi/9.3.1/thumb/v7e-m+fp/hard/crtn.o
                0x0000000020018000                _estack = (ORIGIN (RAM) + LENGTH (RAM))
                0x0000000000000200                _Min_Heap_Size = 0x200
                0x0000000000000400                _Min_Stack_Size = 0x400

.isr_vector     0x0000000008000000      0x188
                0x0000000008000000                . = ALIGN (0x4)
 *(.isr_vector)
 .isr_vector    0x0000000008000000      0x188 Core/Startup/startup_stm32l475vgtx.o
                0x0000000008000000                g_pfnVectors
                0x0000000008000188                . = ALIGN (0x4)

.text           0x0000000008000190     0x8908
                0x0000000008000190                . = ALIGN (0x4)
 *(.text)
 .text          0x0000000008000190       0x40 d:/st/stm32cubeide_1.6.1/stm32cubeide/plugins/com.st.stm32cube.ide.mcu.externaltools.gnu-tools-for-stm32.9-2020-q2-update.win32_1.5.0.202011040924/tools/bin/../lib/gcc/arm-none-eabi/9.3.1/thumb/v7e-m+fp/hard/crtbegin.o
 .text          0x00000000080001d0       0xa0 d:/st/stm32cubeide_1.6.1/stm32cubeide/plugins/com.st.stm32cube.ide.mcu.externaltools.gnu-tools-for-stm32.9-2020-q2-update.win32_1.5.0.202011040924/tools/bin/../lib/gcc/arm-none-eabi/9.3.1/../../../../arm-none-eabi/lib/thumb/v7e-m+fp/hard\libc_nano.a(lib_a-memchr.o)
                0x00000000080001d0                memchr
 .text          0x0000000008000270      0x378 d:/st/stm32cubeide_1.6.1/stm32cubeide/plugins/com.st.stm32cube.ide.mcu.externaltools.gnu-tools-for-stm32.9-2020-q2-update.win32_1.5.0.202011040924/tools/bin/../lib/gcc/arm-none-eabi/9.3.1/thumb/v7e-m+fp/hard\libgcc.a(_arm_addsubdf3.o)
                0x0000000008000270                __aeabi_drsub
                0x0000000008000278                __aeabi_dsub
                0x0000000008000278                __subdf3
                0x000000000800027c                __aeabi_dadd
                0x000000000800027c                __adddf3
                0x00000000080004f4                __floatunsidf
                0x00000000080004f4                __aeabi_ui2d
                0x0000000008000514                __floatsidf
                0x0000000008000514                __aeabi_i2d
                0x0000000008000538                __aeabi_f2d
                0x0000000008000538                __extendsfdf2
                0x000000000800057c                __floatundidf
                0x000000000800057c                __aeabi_ul2d
                0x000000000800058c                __floatdidf
                0x000000000800058c                __aeabi_l2d
 .text          0x00000000080005e8      0x424 d:/st/stm32cubeide_1.6.1/stm32cubeide/plugins/com.st.stm32cube.ide.mcu.externaltools.gnu-tools-for-stm32.9-2020-q2-update.win32_1.5.0.202011040924/tools/bin/../lib/gcc/arm-none-eabi/9.3.1/thumb/v7e-m+fp/hard\libgcc.a(_arm_muldivdf3.o)
                0x00000000080005e8                __aeabi_dmul
                0x00000000080005e8                __muldf3
                0x000000000800083c                __divdf3
                0x000000000800083c                __aeabi_ddiv
 .text          0x0000000008000a0c      0x110 d:/st/stm32cubeide_1.6.1/stm32cubeide/plugins/com.st.stm32cube.ide.mcu.externaltools.gnu-tools-for-stm32.9-2020-q2-update.win32_1.5.0.202011040924/tools/bin/../lib/gcc/arm-none-eabi/9.3.1/thumb/v7e-m+fp/hard\libgcc.a(_arm_cmpdf2.o)
                0x0000000008000a0c                __gtdf2
                0x0000000008000a0c                __gedf2
                0x0000000008000a14                __ltdf2
                0x0000000008000a14                __ledf2
                0x0000000008000a1c                __nedf2
                0x0000000008000a1c                __eqdf2
                0x0000000008000a1c                __cmpdf2
                0x0000000008000a98                __aeabi_cdrcmple
                0x0000000008000aa8                __aeabi_cdcmpeq
                0x0000000008000aa8                __aeabi_cdcmple
                0x0000000008000ab8                __aeabi_dcmpeq
                0x0000000008000acc                __aeabi_dcmplt
                0x0000000008000ae0                __aeabi_dcmple
                0x0000000008000af4                __aeabi_dcmpge
                0x0000000008000b08                __aeabi_dcmpgt
 .text          0x0000000008000b1c       0x50 d:/st/stm32cubeide_1.6.1/stm32cubeide/plugins/com.st.stm32cube.ide.mcu.externaltools.gnu-tools-for-stm32.9-2020-q2-update.win32_1.5.0.202011040924/tools/bin/../lib/gcc/arm-none-eabi/9.3.1/thumb/v7e-m+fp/hard\libgcc.a(_arm_fixdfsi.o)
                0x0000000008000b1c                __aeabi_d2iz
                0x0000000008000b1c                __fixdfsi
 .text          0x0000000008000b6c       0xa0 d:/st/stm32cubeide_1.6.1/stm32cubeide/plugins/com.st.stm32cube.ide.mcu.externaltools.gnu-tools-for-stm32.9-2020-q2-update.win32_1.5.0.202011040924/tools/bin/../lib/gcc/arm-none-eabi/9.3.1/thumb/v7e-m+fp/hard\libgcc.a(_arm_truncdfsf2.o)
                0x0000000008000b6c                __truncdfsf2
                0x0000000008000b6c                __aeabi_d2f
 .text          0x0000000008000c0c       0x30 d:/st/stm32cubeide_1.6.1/stm32cubeide/plugins/com.st.stm32cube.ide.mcu.externaltools.gnu-tools-for-stm32.9-2020-q2-update.win32_1.5.0.202011040924/tools/bin/../lib/gcc/arm-none-eabi/9.3.1/thumb/v7e-m+fp/hard\libgcc.a(_aeabi_uldivmod.o)
                0x0000000008000c0c                __aeabi_uldivmod
 .text          0x0000000008000c3c      0x2c4 d:/st/stm32cubeide_1.6.1/stm32cubeide/plugins/com.st.stm32cube.ide.mcu.externaltools.gnu-tools-for-stm32.9-2020-q2-update.win32_1.5.0.202011040924/tools/bin/../lib/gcc/arm-none-eabi/9.3.1/thumb/v7e-m+fp/hard\libgcc.a(_udivmoddi4.o)
                0x0000000008000c3c                __udivmoddi4
 .text          0x0000000008000f00        0x4 d:/st/stm32cubeide_1.6.1/stm32cubeide/plugins/com.st.stm32cube.ide.mcu.externaltools.gnu-tools-for-stm32.9-2020-q2-update.win32_1.5.0.202011040924/tools/bin/../lib/gcc/arm-none-eabi/9.3.1/thumb/v7e-m+fp/hard\libgcc.a(_dvmd_tls.o)
                0x0000000008000f00                __aeabi_idiv0
                0x0000000008000f00                __aeabi_ldiv0
 *(.text*)
 .text.vApplicationGetIdleTaskMemory
                0x0000000008000f04       0x34 Core/Src/freertos.o
                0x0000000008000f04                vApplicationGetIdleTaskMemory
 .text._set_delay
                0x0000000008000f38       0xb0 Core/Src/main.o
                0x0000000008000f38                _set_delay
 .text.SendSPIData
                0x0000000008000fe8       0x5c Core/Src/main.o
                0x0000000008000fe8                SendSPIData
 .text.main     0x0000000008001044      0x130 Core/Src/main.o
                0x0000000008001044                main
 .text.SystemClock_Config
                0x0000000008001174       0xea Core/Src/main.o
                0x0000000008001174                SystemClock_Config
 *fill*         0x000000000800125e        0x2 
 .text.MX_SPI1_Init
                0x0000000008001260       0x70 Core/Src/main.o
 .text.MX_USART1_UART_Init
                0x00000000080012d0       0x60 Core/Src/main.o
 .text.MX_GPIO_Init
                0x0000000008001330       0x80 Core/Src/main.o
 .text.StartDefaultTask
                0x00000000080013b0       0x12 Core/Src/main.o
                0x00000000080013b0                StartDefaultTask
 *fill*         0x00000000080013c2        0x2 
 .text.StartReadTemp
                0x00000000080013c4      0x110 Core/Src/main.o
                0x00000000080013c4                StartReadTemp
 .text.StartReadHum
                0x00000000080014d4      0x110 Core/Src/main.o
                0x00000000080014d4                StartReadHum
 .text.StartReadPressure
                0x00000000080015e4      0x118 Core/Src/main.o
                0x00000000080015e4                StartReadPressure
 *fill*         0x00000000080016fc        0x4 
 .text.StartReadMagnetometer
                0x0000000008001700      0x284 Core/Src/main.o
                0x0000000008001700                StartReadMagnetometer
 .text.StartSendData
                0x0000000008001984       0x30 Core/Src/main.o
                0x0000000008001984                StartSendData
 .text.HAL_TIM_PeriodElapsedCallback
                0x00000000080019b4       0x24 Core/Src/main.o
                0x00000000080019b4                HAL_TIM_PeriodElapsedCallback
 .text.Error_Handler
                0x00000000080019d8        0xa Core/Src/main.o
                0x00000000080019d8                Error_Handler
 *fill*         0x00000000080019e2        0x2 
 .text.HAL_MspInit
                0x00000000080019e4       0x50 Core/Src/stm32l4xx_hal_msp.o
                0x00000000080019e4                HAL_MspInit
 .text.HAL_SPI_MspInit
                0x0000000008001a34       0x84 Core/Src/stm32l4xx_hal_msp.o
                0x0000000008001a34                HAL_SPI_MspInit
 .text.HAL_UART_MspInit
                0x0000000008001ab8       0x88 Core/Src/stm32l4xx_hal_msp.o
                0x0000000008001ab8                HAL_UART_MspInit
 .text.HAL_InitTick
                0x0000000008001b40       0xac Core/Src/stm32l4xx_hal_timebase_tim.o
                0x0000000008001b40                HAL_InitTick
 .text.prvGetRegistersFromStack
                0x0000000008001bec       0x3a Core/Src/stm32l4xx_it.o
                0x0000000008001bec                prvGetRegistersFromStack
 .text.NMI_Handler
                0x0000000008001c26        0x6 Core/Src/stm32l4xx_it.o
                0x0000000008001c26                NMI_Handler
 .text.HardFault_Handler
                0x0000000008001c2c       0x1e Core/Src/stm32l4xx_it.o
                0x0000000008001c2c                HardFault_Handler
 .text.MemManage_Handler
                0x0000000008001c4a        0x6 Core/Src/stm32l4xx_it.o
                0x0000000008001c4a                MemManage_Handler
 .text.BusFault_Handler
                0x0000000008001c50        0x6 Core/Src/stm32l4xx_it.o
                0x0000000008001c50                BusFault_Handler
 .text.UsageFault_Handler
                0x0000000008001c56        0x6 Core/Src/stm32l4xx_it.o
                0x0000000008001c56                UsageFault_Handler
 .text.DebugMon_Handler
                0x0000000008001c5c        0xe Core/Src/stm32l4xx_it.o
                0x0000000008001c5c                DebugMon_Handler
 *fill*         0x0000000008001c6a        0x2 
 .text.TIM6_DAC_IRQHandler
                0x0000000008001c6c       0x14 Core/Src/stm32l4xx_it.o
                0x0000000008001c6c                TIM6_DAC_IRQHandler
 .text._sbrk    0x0000000008001c80       0x6c Core/Src/sysmem.o
                0x0000000008001c80                _sbrk
 .text.SystemInit
                0x0000000008001cec       0x64 Core/Src/system_stm32l4xx.o
                0x0000000008001cec                SystemInit
 .text.Reset_Handler
                0x0000000008001d50       0x50 Core/Startup/startup_stm32l475vgtx.o
                0x0000000008001d50                Reset_Handler
 .text.Default_Handler
                0x0000000008001da0        0x2 Core/Startup/startup_stm32l475vgtx.o
                0x0000000008001da0                RTC_Alarm_IRQHandler
                0x0000000008001da0                EXTI2_IRQHandler
                0x0000000008001da0                TIM8_TRG_COM_IRQHandler
                0x0000000008001da0                TIM8_CC_IRQHandler
                0x0000000008001da0                TIM1_CC_IRQHandler
                0x0000000008001da0                TSC_IRQHandler
                0x0000000008001da0                TAMP_STAMP_IRQHandler
                0x0000000008001da0                EXTI3_IRQHandler
                0x0000000008001da0                LPTIM2_IRQHandler
                0x0000000008001da0                DFSDM1_FLT1_IRQHandler
                0x0000000008001da0                I2C3_ER_IRQHandler
                0x0000000008001da0                DFSDM1_FLT2_IRQHandler
                0x0000000008001da0                EXTI0_IRQHandler
                0x0000000008001da0                I2C2_EV_IRQHandler
                0x0000000008001da0                CAN1_RX0_IRQHandler
                0x0000000008001da0                FPU_IRQHandler
                0x0000000008001da0                TIM1_UP_TIM16_IRQHandler
                0x0000000008001da0                ADC1_2_IRQHandler
                0x0000000008001da0                SPI1_IRQHandler
                0x0000000008001da0                TIM8_UP_IRQHandler
                0x0000000008001da0                DMA2_Channel2_IRQHandler
                0x0000000008001da0                DMA1_Channel4_IRQHandler
                0x0000000008001da0                SAI2_IRQHandler
                0x0000000008001da0                DFSDM1_FLT3_IRQHandler
                0x0000000008001da0                USART3_IRQHandler
                0x0000000008001da0                DMA1_Channel7_IRQHandler
                0x0000000008001da0                CAN1_RX1_IRQHandler
                0x0000000008001da0                UART5_IRQHandler
                0x0000000008001da0                ADC3_IRQHandler
                0x0000000008001da0                TIM4_IRQHandler
                0x0000000008001da0                DMA2_Channel1_IRQHandler
                0x0000000008001da0                QUADSPI_IRQHandler
                0x0000000008001da0                I2C1_EV_IRQHandler
                0x0000000008001da0                DMA1_Channel6_IRQHandler
                0x0000000008001da0                UART4_IRQHandler
                0x0000000008001da0                DMA2_Channel4_IRQHandler
                0x0000000008001da0                TIM3_IRQHandler
                0x0000000008001da0                RCC_IRQHandler
                0x0000000008001da0                DMA1_Channel1_IRQHandler
                0x0000000008001da0                Default_Handler
                0x0000000008001da0                DMA2_Channel7_IRQHandler
                0x0000000008001da0                EXTI15_10_IRQHandler
                0x0000000008001da0                TIM7_IRQHandler
                0x0000000008001da0                SDMMC1_IRQHandler
                0x0000000008001da0                TIM5_IRQHandler
                0x0000000008001da0                I2C3_EV_IRQHandler
                0x0000000008001da0                EXTI9_5_IRQHandler
                0x0000000008001da0                RTC_WKUP_IRQHandler
                0x0000000008001da0                PVD_PVM_IRQHandler
                0x0000000008001da0                SPI2_IRQHandler
                0x0000000008001da0                CAN1_TX_IRQHandler
                0x0000000008001da0                DMA2_Channel5_IRQHandler
                0x0000000008001da0                DMA1_Channel5_IRQHandler
                0x0000000008001da0                EXTI4_IRQHandler
                0x0000000008001da0                RNG_IRQHandler
                0x0000000008001da0                TIM1_TRG_COM_TIM17_IRQHandler
                0x0000000008001da0                DMA1_Channel3_IRQHandler
                0x0000000008001da0                COMP_IRQHandler
                0x0000000008001da0                WWDG_IRQHandler
                0x0000000008001da0                LPUART1_IRQHandler
                0x0000000008001da0                DMA2_Channel6_IRQHandler
                0x0000000008001da0                TIM2_IRQHandler
                0x0000000008001da0                EXTI1_IRQHandler
                0x0000000008001da0                USART2_IRQHandler
                0x0000000008001da0                DFSDM1_FLT0_IRQHandler
                0x0000000008001da0                I2C2_ER_IRQHandler
                0x0000000008001da0                DMA1_Channel2_IRQHandler
                0x0000000008001da0                TIM8_BRK_IRQHandler
                0x0000000008001da0                CAN1_SCE_IRQHandler
                0x0000000008001da0                FLASH_IRQHandler
                0x0000000008001da0                USART1_IRQHandler
                0x0000000008001da0                OTG_FS_IRQHandler
                0x0000000008001da0                SPI3_IRQHandler
                0x0000000008001da0                I2C1_ER_IRQHandler
                0x0000000008001da0                FMC_IRQHandler
                0x0000000008001da0                SWPMI1_IRQHandler
                0x0000000008001da0                LPTIM1_IRQHandler
                0x0000000008001da0                SAI1_IRQHandler
                0x0000000008001da0                DMA2_Channel3_IRQHandler
                0x0000000008001da0                TIM1_BRK_TIM15_IRQHandler
 *fill*         0x0000000008001da2        0x2 
 .text.I2Cx_MspInit
                0x0000000008001da4       0xb0 Drivers/BSP/B-L475E-IOT01/stm32l475e_iot01.o
 .text.I2Cx_Init
                0x0000000008001e54       0x5c Drivers/BSP/B-L475E-IOT01/stm32l475e_iot01.o
 .text.I2Cx_ReadMultiple
                0x0000000008001eb0       0x5a Drivers/BSP/B-L475E-IOT01/stm32l475e_iot01.o
 .text.I2Cx_WriteMultiple
                0x0000000008001f0a       0x5a Drivers/BSP/B-L475E-IOT01/stm32l475e_iot01.o
 .text.I2Cx_Error
                0x0000000008001f64       0x20 Drivers/BSP/B-L475E-IOT01/stm32l475e_iot01.o
 .text.SENSOR_IO_Init
                0x0000000008001f84       0x14 Drivers/BSP/B-L475E-IOT01/stm32l475e_iot01.o
                0x0000000008001f84                SENSOR_IO_Init
 .text.SENSOR_IO_Write
                0x0000000008001f98       0x34 Drivers/BSP/B-L475E-IOT01/stm32l475e_iot01.o
                0x0000000008001f98                SENSOR_IO_Write
 .text.SENSOR_IO_Read
                0x0000000008001fcc       0x3c Drivers/BSP/B-L475E-IOT01/stm32l475e_iot01.o
                0x0000000008001fcc                SENSOR_IO_Read
 .text.SENSOR_IO_ReadMultiple
                0x0000000008002008       0x3c Drivers/BSP/B-L475E-IOT01/stm32l475e_iot01.o
                0x0000000008002008                SENSOR_IO_ReadMultiple
 .text.BSP_HSENSOR_Init
                0x0000000008002044       0x40 Drivers/BSP/B-L475E-IOT01/stm32l475e_iot01_hsensor.o
                0x0000000008002044                BSP_HSENSOR_Init
 .text.BSP_HSENSOR_ReadHumidity
                0x0000000008002084       0x1c Drivers/BSP/B-L475E-IOT01/stm32l475e_iot01_hsensor.o
                0x0000000008002084                BSP_HSENSOR_ReadHumidity
 .text.BSP_MAGNETO_Init
                0x00000000080020a0       0x58 Drivers/BSP/B-L475E-IOT01/stm32l475e_iot01_magneto.o
                0x00000000080020a0                BSP_MAGNETO_Init
 .text.BSP_MAGNETO_GetXYZ
                0x00000000080020f8       0x30 Drivers/BSP/B-L475E-IOT01/stm32l475e_iot01_magneto.o
                0x00000000080020f8                BSP_MAGNETO_GetXYZ
 .text.BSP_PSENSOR_Init
                0x0000000008002128       0x40 Drivers/BSP/B-L475E-IOT01/stm32l475e_iot01_psensor.o
                0x0000000008002128                BSP_PSENSOR_Init
 .text.BSP_PSENSOR_ReadPressure
                0x0000000008002168       0x1c Drivers/BSP/B-L475E-IOT01/stm32l475e_iot01_psensor.o
                0x0000000008002168                BSP_PSENSOR_ReadPressure
 .text.BSP_TSENSOR_Init
                0x0000000008002184       0x38 Drivers/BSP/B-L475E-IOT01/stm32l475e_iot01_tsensor.o
                0x0000000008002184                BSP_TSENSOR_Init
 .text.BSP_TSENSOR_ReadTemp
                0x00000000080021bc       0x1c Drivers/BSP/B-L475E-IOT01/stm32l475e_iot01_tsensor.o
                0x00000000080021bc                BSP_TSENSOR_ReadTemp
 .text.HTS221_H_Init
                0x00000000080021d8       0x58 Drivers/BSP/Components/hts221/hts221.o
                0x00000000080021d8                HTS221_H_Init
 .text.HTS221_H_ReadID
                0x0000000008002230       0x2c Drivers/BSP/Components/hts221/hts221.o
                0x0000000008002230                HTS221_H_ReadID
 .text.HTS221_H_ReadHumidity
                0x000000000800225c      0x138 Drivers/BSP/Components/hts221/hts221.o
                0x000000000800225c                HTS221_H_ReadHumidity
 .text.HTS221_T_Init
                0x0000000008002394       0x5a Drivers/BSP/Components/hts221/hts221.o
                0x0000000008002394                HTS221_T_Init
 .text.HTS221_T_ReadTemp
                0x00000000080023ee      0x10e Drivers/BSP/Components/hts221/hts221.o
                0x00000000080023ee                HTS221_T_ReadTemp
 .text.LIS3MDL_MagInit
                0x00000000080024fc       0x50 Drivers/BSP/Components/lis3mdl/lis3mdl.o
                0x00000000080024fc                LIS3MDL_MagInit
 .text.LIS3MDL_MagDeInit
                0x000000000800254c       0x3a Drivers/BSP/Components/lis3mdl/lis3mdl.o
                0x000000000800254c                LIS3MDL_MagDeInit
 .text.LIS3MDL_MagReadID
                0x0000000008002586       0x16 Drivers/BSP/Components/lis3mdl/lis3mdl.o
                0x0000000008002586                LIS3MDL_MagReadID
 .text.LIS3MDL_MagLowPower
                0x000000000800259c       0x44 Drivers/BSP/Components/lis3mdl/lis3mdl.o
                0x000000000800259c                LIS3MDL_MagLowPower
 .text.LIS3MDL_MagReadXYZ
                0x00000000080025e0      0x114 Drivers/BSP/Components/lis3mdl/lis3mdl.o
                0x00000000080025e0                LIS3MDL_MagReadXYZ
 .text.LPS22HB_P_Init
                0x00000000080026f4       0x1a Drivers/BSP/Components/lps22hb/lps22hb.o
                0x00000000080026f4                LPS22HB_P_Init
 .text.LPS22HB_P_ReadID
                0x000000000800270e       0x2c Drivers/BSP/Components/lps22hb/lps22hb.o
                0x000000000800270e                LPS22HB_P_ReadID
 *fill*         0x000000000800273a        0x2 
 .text.LPS22HB_P_ReadPressure
                0x000000000800273c       0xc0 Drivers/BSP/Components/lps22hb/lps22hb.o
                0x000000000800273c                LPS22HB_P_ReadPressure
 .text.LPS22HB_Init
                0x00000000080027fc       0x7e Drivers/BSP/Components/lps22hb/lps22hb.o
 .text.HAL_Init
                0x000000000800287a       0x30 Drivers/STM32L4xx_HAL_Driver/Src/stm32l4xx_hal.o
                0x000000000800287a                HAL_Init
 *fill*         0x00000000080028aa        0x2 
 .text.HAL_IncTick
                0x00000000080028ac       0x28 Drivers/STM32L4xx_HAL_Driver/Src/stm32l4xx_hal.o
                0x00000000080028ac                HAL_IncTick
 .text.HAL_GetTick
                0x00000000080028d4       0x18 Drivers/STM32L4xx_HAL_Driver/Src/stm32l4xx_hal.o
                0x00000000080028d4                HAL_GetTick
 .text.HAL_Delay
                0x00000000080028ec       0x48 Drivers/STM32L4xx_HAL_Driver/Src/stm32l4xx_hal.o
                0x00000000080028ec                HAL_Delay
 .text.__NVIC_SetPriorityGrouping
                0x0000000008002934       0x48 Drivers/STM32L4xx_HAL_Driver/Src/stm32l4xx_hal_cortex.o
 .text.__NVIC_GetPriorityGrouping
                0x000000000800297c       0x1c Drivers/STM32L4xx_HAL_Driver/Src/stm32l4xx_hal_cortex.o
 .text.__NVIC_EnableIRQ
                0x0000000008002998       0x3c Drivers/STM32L4xx_HAL_Driver/Src/stm32l4xx_hal_cortex.o
 .text.__NVIC_SetPriority
                0x00000000080029d4       0x54 Drivers/STM32L4xx_HAL_Driver/Src/stm32l4xx_hal_cortex.o
 .text.NVIC_EncodePriority
                0x0000000008002a28       0x66 Drivers/STM32L4xx_HAL_Driver/Src/stm32l4xx_hal_cortex.o
 .text.HAL_NVIC_SetPriorityGrouping
                0x0000000008002a8e       0x16 Drivers/STM32L4xx_HAL_Driver/Src/stm32l4xx_hal_cortex.o
                0x0000000008002a8e                HAL_NVIC_SetPriorityGrouping
 .text.HAL_NVIC_SetPriority
                0x0000000008002aa4       0x38 Drivers/STM32L4xx_HAL_Driver/Src/stm32l4xx_hal_cortex.o
                0x0000000008002aa4                HAL_NVIC_SetPriority
 .text.HAL_NVIC_EnableIRQ
                0x0000000008002adc       0x1c Drivers/STM32L4xx_HAL_Driver/Src/stm32l4xx_hal_cortex.o
                0x0000000008002adc                HAL_NVIC_EnableIRQ
 .text.HAL_GPIO_Init
                0x0000000008002af8      0x354 Drivers/STM32L4xx_HAL_Driver/Src/stm32l4xx_hal_gpio.o
                0x0000000008002af8                HAL_GPIO_Init
 .text.HAL_GPIO_WritePin
                0x0000000008002e4c       0x30 Drivers/STM32L4xx_HAL_Driver/Src/stm32l4xx_hal_gpio.o
                0x0000000008002e4c                HAL_GPIO_WritePin
 .text.HAL_I2C_Init
                0x0000000008002e7c      0x11e Drivers/STM32L4xx_HAL_Driver/Src/stm32l4xx_hal_i2c.o
                0x0000000008002e7c                HAL_I2C_Init
 .text.HAL_I2C_DeInit
                0x0000000008002f9a       0x5e Drivers/STM32L4xx_HAL_Driver/Src/stm32l4xx_hal_i2c.o
                0x0000000008002f9a                HAL_I2C_DeInit
 .text.HAL_I2C_MspInit
                0x0000000008002ff8       0x14 Drivers/STM32L4xx_HAL_Driver/Src/stm32l4xx_hal_i2c.o
                0x0000000008002ff8                HAL_I2C_MspInit
 .text.HAL_I2C_MspDeInit
                0x000000000800300c       0x14 Drivers/STM32L4xx_HAL_Driver/Src/stm32l4xx_hal_i2c.o
                0x000000000800300c                HAL_I2C_MspDeInit
 .text.HAL_I2C_Mem_Write
                0x0000000008003020      0x228 Drivers/STM32L4xx_HAL_Driver/Src/stm32l4xx_hal_i2c.o
                0x0000000008003020                HAL_I2C_Mem_Write
 .text.HAL_I2C_Mem_Read
                0x0000000008003248      0x234 Drivers/STM32L4xx_HAL_Driver/Src/stm32l4xx_hal_i2c.o
                0x0000000008003248                HAL_I2C_Mem_Read
 .text.I2C_RequestMemoryWrite
                0x000000000800347c       0xa8 Drivers/STM32L4xx_HAL_Driver/Src/stm32l4xx_hal_i2c.o
 .text.I2C_RequestMemoryRead
                0x0000000008003524       0xa8 Drivers/STM32L4xx_HAL_Driver/Src/stm32l4xx_hal_i2c.o
 .text.I2C_Flush_TXDR
                0x00000000080035cc       0x48 Drivers/STM32L4xx_HAL_Driver/Src/stm32l4xx_hal_i2c.o
 .text.I2C_WaitOnFlagUntilTimeout
                0x0000000008003614       0x80 Drivers/STM32L4xx_HAL_Driver/Src/stm32l4xx_hal_i2c.o
 .text.I2C_WaitOnTXISFlagUntilTimeout
                0x0000000008003694       0x80 Drivers/STM32L4xx_HAL_Driver/Src/stm32l4xx_hal_i2c.o
 .text.I2C_WaitOnSTOPFlagUntilTimeout
                0x0000000008003714       0x78 Drivers/STM32L4xx_HAL_Driver/Src/stm32l4xx_hal_i2c.o
 .text.I2C_IsAcknowledgeFailed
                0x000000000800378c       0xcc Drivers/STM32L4xx_HAL_Driver/Src/stm32l4xx_hal_i2c.o
 .text.I2C_TransferConfig
                0x0000000008003858       0x5c Drivers/STM32L4xx_HAL_Driver/Src/stm32l4xx_hal_i2c.o
 .text.HAL_I2CEx_ConfigAnalogFilter
                0x00000000080038b4       0x96 Drivers/STM32L4xx_HAL_Driver/Src/stm32l4xx_hal_i2c_ex.o
                0x00000000080038b4                HAL_I2CEx_ConfigAnalogFilter
 *fill*         0x000000000800394a        0x2 
 .text.HAL_PWREx_GetVoltageRange
                0x000000000800394c       0x1c Drivers/STM32L4xx_HAL_Driver/Src/stm32l4xx_hal_pwr_ex.o
                0x000000000800394c                HAL_PWREx_GetVoltageRange
 .text.HAL_PWREx_ControlVoltageScaling
                0x0000000008003968       0xac Drivers/STM32L4xx_HAL_Driver/Src/stm32l4xx_hal_pwr_ex.o
                0x0000000008003968                HAL_PWREx_ControlVoltageScaling
 .text.HAL_RCC_OscConfig
                0x0000000008003a14      0x7cc Drivers/STM32L4xx_HAL_Driver/Src/stm32l4xx_hal_rcc.o
                0x0000000008003a14                HAL_RCC_OscConfig
 .text.HAL_RCC_ClockConfig
                0x00000000080041e0      0x1c4 Drivers/STM32L4xx_HAL_Driver/Src/stm32l4xx_hal_rcc.o
                0x00000000080041e0                HAL_RCC_ClockConfig
 .text.HAL_RCC_GetSysClockFreq
                0x00000000080043a4      0x118 Drivers/STM32L4xx_HAL_Driver/Src/stm32l4xx_hal_rcc.o
                0x00000000080043a4                HAL_RCC_GetSysClockFreq
 .text.HAL_RCC_GetHCLKFreq
                0x00000000080044bc       0x18 Drivers/STM32L4xx_HAL_Driver/Src/stm32l4xx_hal_rcc.o
                0x00000000080044bc                HAL_RCC_GetHCLKFreq
 .text.HAL_RCC_GetPCLK1Freq
                0x00000000080044d4       0x2c Drivers/STM32L4xx_HAL_Driver/Src/stm32l4xx_hal_rcc.o
                0x00000000080044d4                HAL_RCC_GetPCLK1Freq
 .text.HAL_RCC_GetPCLK2Freq
                0x0000000008004500       0x2c Drivers/STM32L4xx_HAL_Driver/Src/stm32l4xx_hal_rcc.o
                0x0000000008004500                HAL_RCC_GetPCLK2Freq
 .text.HAL_RCC_GetClockConfig
                0x000000000800452c       0x64 Drivers/STM32L4xx_HAL_Driver/Src/stm32l4xx_hal_rcc.o
                0x000000000800452c                HAL_RCC_GetClockConfig
 .text.RCC_SetFlashLatencyFromMSIRange
                0x0000000008004590       0xc0 Drivers/STM32L4xx_HAL_Driver/Src/stm32l4xx_hal_rcc.o
 .text.HAL_RCCEx_PeriphCLKConfig
                0x0000000008004650      0x5d4 Drivers/STM32L4xx_HAL_Driver/Src/stm32l4xx_hal_rcc_ex.o
                0x0000000008004650                HAL_RCCEx_PeriphCLKConfig
 .text.RCCEx_PLLSAI1_Config
                0x0000000008004c24      0x1e8 Drivers/STM32L4xx_HAL_Driver/Src/stm32l4xx_hal_rcc_ex.o
 .text.RCCEx_PLLSAI2_Config
                0x0000000008004e0c      0x1bc Drivers/STM32L4xx_HAL_Driver/Src/stm32l4xx_hal_rcc_ex.o
 .text.HAL_SPI_Init
                0x0000000008004fc8      0x146 Drivers/STM32L4xx_HAL_Driver/Src/stm32l4xx_hal_spi.o
                0x0000000008004fc8                HAL_SPI_Init
 .text.HAL_SPI_TransmitReceive
                0x000000000800510e      0x426 Drivers/STM32L4xx_HAL_Driver/Src/stm32l4xx_hal_spi.o
                0x000000000800510e                HAL_SPI_TransmitReceive
 .text.SPI_WaitFlagStateUntilTimeout
                0x0000000008005534      0x110 Drivers/STM32L4xx_HAL_Driver/Src/stm32l4xx_hal_spi.o
 .text.SPI_WaitFifoStateUntilTimeout
                0x0000000008005644      0x124 Drivers/STM32L4xx_HAL_Driver/Src/stm32l4xx_hal_spi.o
 .text.SPI_EndRxTxTransaction
                0x0000000008005768       0x8c Drivers/STM32L4xx_HAL_Driver/Src/stm32l4xx_hal_spi.o
 .text.HAL_TIM_Base_Init
                0x00000000080057f4       0xae Drivers/STM32L4xx_HAL_Driver/Src/stm32l4xx_hal_tim.o
                0x00000000080057f4                HAL_TIM_Base_Init
 .text.HAL_TIM_Base_MspInit
                0x00000000080058a2       0x14 Drivers/STM32L4xx_HAL_Driver/Src/stm32l4xx_hal_tim.o
                0x00000000080058a2                HAL_TIM_Base_MspInit
 *fill*         0x00000000080058b6        0x2 
 .text.HAL_TIM_Base_Start_IT
                0x00000000080058b8       0xe0 Drivers/STM32L4xx_HAL_Driver/Src/stm32l4xx_hal_tim.o
                0x00000000080058b8                HAL_TIM_Base_Start_IT
 .text.HAL_TIM_IRQHandler
                0x0000000008005998      0x23e Drivers/STM32L4xx_HAL_Driver/Src/stm32l4xx_hal_tim.o
                0x0000000008005998                HAL_TIM_IRQHandler
 .text.HAL_TIM_OC_DelayElapsedCallback
                0x0000000008005bd6       0x14 Drivers/STM32L4xx_HAL_Driver/Src/stm32l4xx_hal_tim.o
                0x0000000008005bd6                HAL_TIM_OC_DelayElapsedCallback
 .text.HAL_TIM_IC_CaptureCallback
                0x0000000008005bea       0x14 Drivers/STM32L4xx_HAL_Driver/Src/stm32l4xx_hal_tim.o
                0x0000000008005bea                HAL_TIM_IC_CaptureCallback
 .text.HAL_TIM_PWM_PulseFinishedCallback
                0x0000000008005bfe       0x14 Drivers/STM32L4xx_HAL_Driver/Src/stm32l4xx_hal_tim.o
                0x0000000008005bfe                HAL_TIM_PWM_PulseFinishedCallback
 .text.HAL_TIM_TriggerCallback
                0x0000000008005c12       0x14 Drivers/STM32L4xx_HAL_Driver/Src/stm32l4xx_hal_tim.o
                0x0000000008005c12                HAL_TIM_TriggerCallback
 *fill*         0x0000000008005c26        0x2 
 .text.TIM_Base_SetConfig
                0x0000000008005c28      0x134 Drivers/STM32L4xx_HAL_Driver/Src/stm32l4xx_hal_tim.o
                0x0000000008005c28                TIM_Base_SetConfig
 .text.HAL_TIMEx_CommutCallback
                0x0000000008005d5c       0x14 Drivers/STM32L4xx_HAL_Driver/Src/stm32l4xx_hal_tim_ex.o
                0x0000000008005d5c                HAL_TIMEx_CommutCallback
 .text.HAL_TIMEx_BreakCallback
                0x0000000008005d70       0x14 Drivers/STM32L4xx_HAL_Driver/Src/stm32l4xx_hal_tim_ex.o
                0x0000000008005d70                HAL_TIMEx_BreakCallback
 .text.HAL_TIMEx_Break2Callback
                0x0000000008005d84       0x14 Drivers/STM32L4xx_HAL_Driver/Src/stm32l4xx_hal_tim_ex.o
                0x0000000008005d84                HAL_TIMEx_Break2Callback
 .text.HAL_UART_Init
                0x0000000008005d98       0x9c Drivers/STM32L4xx_HAL_Driver/Src/stm32l4xx_hal_uart.o
                0x0000000008005d98                HAL_UART_Init
 .text.HAL_UART_Transmit
                0x0000000008005e34      0x128 Drivers/STM32L4xx_HAL_Driver/Src/stm32l4xx_hal_uart.o
                0x0000000008005e34                HAL_UART_Transmit
 .text.UART_SetConfig
                0x0000000008005f5c      0x514 Drivers/STM32L4xx_HAL_Driver/Src/stm32l4xx_hal_uart.o
                0x0000000008005f5c                UART_SetConfig
 .text.UART_AdvFeatureConfig
                0x0000000008006470      0x144 Drivers/STM32L4xx_HAL_Driver/Src/stm32l4xx_hal_uart.o
                0x0000000008006470                UART_AdvFeatureConfig
 .text.UART_CheckIdleState
                0x00000000080065b4       0x92 Drivers/STM32L4xx_HAL_Driver/Src/stm32l4xx_hal_uart.o
                0x00000000080065b4                UART_CheckIdleState
 .text.UART_WaitOnFlagUntilTimeout
                0x0000000008006646       0xf8 Drivers/STM32L4xx_HAL_Driver/Src/stm32l4xx_hal_uart.o
                0x0000000008006646                UART_WaitOnFlagUntilTimeout
 .text.makeFreeRtosPriority
                0x000000000800673e       0x30 Middlewares/Third_Party/FreeRTOS/Source/CMSIS_RTOS/cmsis_os.o
 .text.osKernelStart
                0x000000000800676e        0xe Middlewares/Third_Party/FreeRTOS/Source/CMSIS_RTOS/cmsis_os.o
                0x000000000800676e                osKernelStart
 .text.osThreadCreate
                0x000000000800677c       0x98 Middlewares/Third_Party/FreeRTOS/Source/CMSIS_RTOS/cmsis_os.o
                0x000000000800677c                osThreadCreate
 .text.osDelay  0x0000000008006814       0x28 Middlewares/Third_Party/FreeRTOS/Source/CMSIS_RTOS/cmsis_os.o
                0x0000000008006814                osDelay
 .text.vListInitialise
                0x000000000800683c       0x40 Middlewares/Third_Party/FreeRTOS/Source/list.o
                0x000000000800683c                vListInitialise
 .text.vListInitialiseItem
                0x000000000800687c       0x1a Middlewares/Third_Party/FreeRTOS/Source/list.o
                0x000000000800687c                vListInitialiseItem
 .text.vListInsertEnd
                0x0000000008006896       0x48 Middlewares/Third_Party/FreeRTOS/Source/list.o
                0x0000000008006896                vListInsertEnd
 .text.vListInsert
                0x00000000080068de       0x72 Middlewares/Third_Party/FreeRTOS/Source/list.o
                0x00000000080068de                vListInsert
 .text.uxListRemove
                0x0000000008006950       0x54 Middlewares/Third_Party/FreeRTOS/Source/list.o
                0x0000000008006950                uxListRemove
 .text.xTaskCreateStatic
                0x00000000080069a4       0xba Middlewares/Third_Party/FreeRTOS/Source/tasks.o
                0x00000000080069a4                xTaskCreateStatic
 .text.xTaskCreate
                0x0000000008006a5e       0x8a Middlewares/Third_Party/FreeRTOS/Source/tasks.o
                0x0000000008006a5e                xTaskCreate
 .text.prvInitialiseNewTask
                0x0000000008006ae8      0x10e Middlewares/Third_Party/FreeRTOS/Source/tasks.o
 *fill*         0x0000000008006bf6        0x2 
 .text.prvAddNewTaskToReadyList
                0x0000000008006bf8       0xd4 Middlewares/Third_Party/FreeRTOS/Source/tasks.o
 .text.vTaskDelay
                0x0000000008006ccc       0x68 Middlewares/Third_Party/FreeRTOS/Source/tasks.o
                0x0000000008006ccc                vTaskDelay
 .text.vTaskStartScheduler
                0x0000000008006d34       0xc0 Middlewares/Third_Party/FreeRTOS/Source/tasks.o
                0x0000000008006d34                vTaskStartScheduler
 .text.vTaskSuspendAll
                0x0000000008006df4       0x1c Middlewares/Third_Party/FreeRTOS/Source/tasks.o
                0x0000000008006df4                vTaskSuspendAll
 .text.xTaskResumeAll
                0x0000000008006e10      0x138 Middlewares/Third_Party/FreeRTOS/Source/tasks.o
                0x0000000008006e10                xTaskResumeAll
 .text.xTaskIncrementTick
                0x0000000008006f48      0x170 Middlewares/Third_Party/FreeRTOS/Source/tasks.o
                0x0000000008006f48                xTaskIncrementTick
 .text.vTaskSwitchContext
                0x00000000080070b8       0xb8 Middlewares/Third_Party/FreeRTOS/Source/tasks.o
                0x00000000080070b8                vTaskSwitchContext
 .text.prvIdleTask
                0x0000000008007170       0x30 Middlewares/Third_Party/FreeRTOS/Source/tasks.o
 .text.prvInitialiseTaskLists
                0x00000000080071a0       0x80 Middlewares/Third_Party/FreeRTOS/Source/tasks.o
 .text.prvCheckTasksWaitingTermination
                0x0000000008007220       0x5c Middlewares/Third_Party/FreeRTOS/Source/tasks.o
 .text.prvDeleteTCB
                0x000000000800727c       0x5e Middlewares/Third_Party/FreeRTOS/Source/tasks.o
 *fill*         0x00000000080072da        0x2 
 .text.prvResetNextTaskUnblockTime
                0x00000000080072dc       0x40 Middlewares/Third_Party/FreeRTOS/Source/tasks.o
 .text.ulTaskNotifyTake
                0x000000000800731c       0x90 Middlewares/Third_Party/FreeRTOS/Source/tasks.o
                0x000000000800731c                ulTaskNotifyTake
 .text.xTaskGenericNotify
                0x00000000080073ac      0x16c Middlewares/Third_Party/FreeRTOS/Source/tasks.o
                0x00000000080073ac                xTaskGenericNotify
 .text.prvAddCurrentTaskToDelayedList
                0x0000000008007518       0xcc Middlewares/Third_Party/FreeRTOS/Source/tasks.o
 .text.pxPortInitialiseStack
                0x00000000080075e4       0x68 Middlewares/Third_Party/FreeRTOS/Source/portable/GCC/ARM_CM4F/port.o
                0x00000000080075e4                pxPortInitialiseStack
 .text.prvTaskExitError
                0x000000000800764c       0x58 Middlewares/Third_Party/FreeRTOS/Source/portable/GCC/ARM_CM4F/port.o
 *fill*         0x00000000080076a4        0xc 
 .text.SVC_Handler
                0x00000000080076b0       0x28 Middlewares/Third_Party/FreeRTOS/Source/portable/GCC/ARM_CM4F/port.o
                0x00000000080076b0                SVC_Handler
 .text.prvPortStartFirstTask
                0x00000000080076d8       0x28 Middlewares/Third_Party/FreeRTOS/Source/portable/GCC/ARM_CM4F/port.o
 .text.xPortStartScheduler
                0x0000000008007700      0x144 Middlewares/Third_Party/FreeRTOS/Source/portable/GCC/ARM_CM4F/port.o
                0x0000000008007700                xPortStartScheduler
 .text.vPortEnterCritical
                0x0000000008007844       0x60 Middlewares/Third_Party/FreeRTOS/Source/portable/GCC/ARM_CM4F/port.o
                0x0000000008007844                vPortEnterCritical
 .text.vPortExitCritical
                0x00000000080078a4       0x54 Middlewares/Third_Party/FreeRTOS/Source/portable/GCC/ARM_CM4F/port.o
                0x00000000080078a4                vPortExitCritical
 *fill*         0x00000000080078f8        0x8 
 .text.PendSV_Handler
                0x0000000008007900       0x68 Middlewares/Third_Party/FreeRTOS/Source/portable/GCC/ARM_CM4F/port.o
                0x0000000008007900                PendSV_Handler
 .text.SysTick_Handler
                0x0000000008007968       0x44 Middlewares/Third_Party/FreeRTOS/Source/portable/GCC/ARM_CM4F/port.o
                0x0000000008007968                SysTick_Handler
 .text.vPortSetupTimerInterrupt
                0x00000000080079ac       0x48 Middlewares/Third_Party/FreeRTOS/Source/portable/GCC/ARM_CM4F/port.o
                0x00000000080079ac                vPortSetupTimerInterrupt
 .text.vPortEnableVFP
                0x00000000080079f4       0x14 Middlewares/Third_Party/FreeRTOS/Source/portable/GCC/ARM_CM4F/port.o
 .text.pvPortMalloc
                0x0000000008007a08      0x198 Middlewares/Third_Party/FreeRTOS/Source/portable/MemMang/heap_4.o
                0x0000000008007a08                pvPortMalloc
 .text.vPortFree
                0x0000000008007ba0       0xc4 Middlewares/Third_Party/FreeRTOS/Source/portable/MemMang/heap_4.o
                0x0000000008007ba0                vPortFree
 .text.prvHeapInit
                0x0000000008007c64       0xc4 Middlewares/Third_Party/FreeRTOS/Source/portable/MemMang/heap_4.o
 .text.prvInsertBlockIntoFreeList
                0x0000000008007d28       0xb4 Middlewares/Third_Party/FreeRTOS/Source/portable/MemMang/heap_4.o
 .text.__errno  0x0000000008007ddc        0xc d:/st/stm32cubeide_1.6.1/stm32cubeide/plugins/com.st.stm32cube.ide.mcu.externaltools.gnu-tools-for-stm32.9-2020-q2-update.win32_1.5.0.202011040924/tools/bin/../lib/gcc/arm-none-eabi/9.3.1/../../../../arm-none-eabi/lib/thumb/v7e-m+fp/hard\libc_nano.a(lib_a-errno.o)
                0x0000000008007ddc                __errno
 .text.__libc_init_array
                0x0000000008007de8       0x48 d:/st/stm32cubeide_1.6.1/stm32cubeide/plugins/com.st.stm32cube.ide.mcu.externaltools.gnu-tools-for-stm32.9-2020-q2-update.win32_1.5.0.202011040924/tools/bin/../lib/gcc/arm-none-eabi/9.3.1/../../../../arm-none-eabi/lib/thumb/v7e-m+fp/hard\libc_nano.a(lib_a-init.o)
                0x0000000008007de8                __libc_init_array
 .text.memcpy   0x0000000008007e30       0x1c d:/st/stm32cubeide_1.6.1/stm32cubeide/plugins/com.st.stm32cube.ide.mcu.externaltools.gnu-tools-for-stm32.9-2020-q2-update.win32_1.5.0.202011040924/tools/bin/../lib/gcc/arm-none-eabi/9.3.1/../../../../arm-none-eabi/lib/thumb/v7e-m+fp/hard\libc_nano.a(lib_a-memcpy-stub.o)
                0x0000000008007e30                memcpy
 .text.memset   0x0000000008007e4c       0x10 d:/st/stm32cubeide_1.6.1/stm32cubeide/plugins/com.st.stm32cube.ide.mcu.externaltools.gnu-tools-for-stm32.9-2020-q2-update.win32_1.5.0.202011040924/tools/bin/../lib/gcc/arm-none-eabi/9.3.1/../../../../arm-none-eabi/lib/thumb/v7e-m+fp/hard\libc_nano.a(lib_a-memset.o)
                0x0000000008007e4c                memset
 .text.snprintf
                0x0000000008007e5c       0x68 d:/st/stm32cubeide_1.6.1/stm32cubeide/plugins/com.st.stm32cube.ide.mcu.externaltools.gnu-tools-for-stm32.9-2020-q2-update.win32_1.5.0.202011040924/tools/bin/../lib/gcc/arm-none-eabi/9.3.1/../../../../arm-none-eabi/lib/thumb/v7e-m+fp/hard\libc_nano.a(lib_a-snprintf.o)
                0x0000000008007e5c                sniprintf
                0x0000000008007e5c                snprintf
 .text.__retarget_lock_acquire_recursive
                0x0000000008007ec4        0x2 d:/st/stm32cubeide_1.6.1/stm32cubeide/plugins/com.st.stm32cube.ide.mcu.externaltools.gnu-tools-for-stm32.9-2020-q2-update.win32_1.5.0.202011040924/tools/bin/../lib/gcc/arm-none-eabi/9.3.1/../../../../arm-none-eabi/lib/thumb/v7e-m+fp/hard\libc_nano.a(lib_a-lock.o)
                0x0000000008007ec4                __retarget_lock_acquire_recursive
 .text.__retarget_lock_release_recursive
                0x0000000008007ec6        0x2 d:/st/stm32cubeide_1.6.1/stm32cubeide/plugins/com.st.stm32cube.ide.mcu.externaltools.gnu-tools-for-stm32.9-2020-q2-update.win32_1.5.0.202011040924/tools/bin/../lib/gcc/arm-none-eabi/9.3.1/../../../../arm-none-eabi/lib/thumb/v7e-m+fp/hard\libc_nano.a(lib_a-lock.o)
                0x0000000008007ec6                __retarget_lock_release_recursive
 .text._free_r  0x0000000008007ec8       0xa0 d:/st/stm32cubeide_1.6.1/stm32cubeide/plugins/com.st.stm32cube.ide.mcu.externaltools.gnu-tools-for-stm32.9-2020-q2-update.win32_1.5.0.202011040924/tools/bin/../lib/gcc/arm-none-eabi/9.3.1/../../../../arm-none-eabi/lib/thumb/v7e-m+fp/hard\libc_nano.a(lib_a-nano-freer.o)
                0x0000000008007ec8                _free_r
 .text._malloc_r
                0x0000000008007f68       0xb4 d:/st/stm32cubeide_1.6.1/stm32cubeide/plugins/com.st.stm32cube.ide.mcu.externaltools.gnu-tools-for-stm32.9-2020-q2-update.win32_1.5.0.202011040924/tools/bin/../lib/gcc/arm-none-eabi/9.3.1/../../../../arm-none-eabi/lib/thumb/v7e-m+fp/hard\libc_nano.a(lib_a-nano-mallocr.o)
                0x0000000008007f68                _malloc_r
 .text.__ssputs_r
                0x000000000800801c       0xb6 d:/st/stm32cubeide_1.6.1/stm32cubeide/plugins/com.st.stm32cube.ide.mcu.externaltools.gnu-tools-for-stm32.9-2020-q2-update.win32_1.5.0.202011040924/tools/bin/../lib/gcc/arm-none-eabi/9.3.1/../../../../arm-none-eabi/lib/thumb/v7e-m+fp/hard\libc_nano.a(lib_a-nano-svfprintf.o)
                0x000000000800801c                __ssputs_r
 *fill*         0x00000000080080d2        0x2 
 .text._svfprintf_r
                0x00000000080080d4      0x200 d:/st/stm32cubeide_1.6.1/stm32cubeide/plugins/com.st.stm32cube.ide.mcu.externaltools.gnu-tools-for-stm32.9-2020-q2-update.win32_1.5.0.202011040924/tools/bin/../lib/gcc/arm-none-eabi/9.3.1/../../../../arm-none-eabi/lib/thumb/v7e-m+fp/hard\libc_nano.a(lib_a-nano-svfprintf.o)
                0x00000000080080d4                _svfiprintf_r
                0x00000000080080d4                _svfprintf_r
 .text._printf_common
                0x00000000080082d4       0xda d:/st/stm32cubeide_1.6.1/stm32cubeide/plugins/com.st.stm32cube.ide.mcu.externaltools.gnu-tools-for-stm32.9-2020-q2-update.win32_1.5.0.202011040924/tools/bin/../lib/gcc/arm-none-eabi/9.3.1/../../../../arm-none-eabi/lib/thumb/v7e-m+fp/hard\libc_nano.a(lib_a-nano-vfprintf_i.o)
                0x00000000080082d4                _printf_common
 *fill*         0x00000000080083ae        0x2 
 .text._printf_i
                0x00000000080083b0      0x24c d:/st/stm32cubeide_1.6.1/stm32cubeide/plugins/com.st.stm32cube.ide.mcu.externaltools.gnu-tools-for-stm32.9-2020-q2-update.win32_1.5.0.202011040924/tools/bin/../lib/gcc/arm-none-eabi/9.3.1/../../../../arm-none-eabi/lib/thumb/v7e-m+fp/hard\libc_nano.a(lib_a-nano-vfprintf_i.o)
                0x00000000080083b0                _printf_i
 .text._sbrk_r  0x00000000080085fc       0x20 d:/st/stm32cubeide_1.6.1/stm32cubeide/plugins/com.st.stm32cube.ide.mcu.externaltools.gnu-tools-for-stm32.9-2020-q2-update.win32_1.5.0.202011040924/tools/bin/../lib/gcc/arm-none-eabi/9.3.1/../../../../arm-none-eabi/lib/thumb/v7e-m+fp/hard\libc_nano.a(lib_a-sbrkr.o)
                0x00000000080085fc                _sbrk_r
 .text.memmove  0x000000000800861c       0x34 d:/st/stm32cubeide_1.6.1/stm32cubeide/plugins/com.st.stm32cube.ide.mcu.externaltools.gnu-tools-for-stm32.9-2020-q2-update.win32_1.5.0.202011040924/tools/bin/../lib/gcc/arm-none-eabi/9.3.1/../../../../arm-none-eabi/lib/thumb/v7e-m+fp/hard\libc_nano.a(lib_a-memmove.o)
                0x000000000800861c                memmove
 .text.__malloc_lock
                0x0000000008008650        0xc d:/st/stm32cubeide_1.6.1/stm32cubeide/plugins/com.st.stm32cube.ide.mcu.externaltools.gnu-tools-for-stm32.9-2020-q2-update.win32_1.5.0.202011040924/tools/bin/../lib/gcc/arm-none-eabi/9.3.1/../../../../arm-none-eabi/lib/thumb/v7e-m+fp/hard\libc_nano.a(lib_a-mlock.o)
                0x0000000008008650                __malloc_lock
 .text.__malloc_unlock
                0x000000000800865c        0xc d:/st/stm32cubeide_1.6.1/stm32cubeide/plugins/com.st.stm32cube.ide.mcu.externaltools.gnu-tools-for-stm32.9-2020-q2-update.win32_1.5.0.202011040924/tools/bin/../lib/gcc/arm-none-eabi/9.3.1/../../../../arm-none-eabi/lib/thumb/v7e-m+fp/hard\libc_nano.a(lib_a-mlock.o)
                0x000000000800865c                __malloc_unlock
 .text._realloc_r
                0x0000000008008668       0x4c d:/st/stm32cubeide_1.6.1/stm32cubeide/plugins/com.st.stm32cube.ide.mcu.externaltools.gnu-tools-for-stm32.9-2020-q2-update.win32_1.5.0.202011040924/tools/bin/../lib/gcc/arm-none-eabi/9.3.1/../../../../arm-none-eabi/lib/thumb/v7e-m+fp/hard\libc_nano.a(lib_a-nano-reallocr.o)
                0x0000000008008668                _realloc_r
 .text._malloc_usable_size_r
                0x00000000080086b4       0x10 d:/st/stm32cubeide_1.6.1/stm32cubeide/plugins/com.st.stm32cube.ide.mcu.externaltools.gnu-tools-for-stm32.9-2020-q2-update.win32_1.5.0.202011040924/tools/bin/../lib/gcc/arm-none-eabi/9.3.1/../../../../arm-none-eabi/lib/thumb/v7e-m+fp/hard\libc_nano.a(lib_a-nano-msizer.o)
                0x00000000080086b4                _malloc_usable_size_r
 *fill*         0x00000000080086c4        0x4 
 .text.atan     0x00000000080086c8      0x340 d:/st/stm32cubeide_1.6.1/stm32cubeide/plugins/com.st.stm32cube.ide.mcu.externaltools.gnu-tools-for-stm32.9-2020-q2-update.win32_1.5.0.202011040924/tools/bin/../lib/gcc/arm-none-eabi/9.3.1/../../../../arm-none-eabi/lib/thumb/v7e-m+fp/hard\libm.a(lib_a-s_atan.o)
                0x00000000080086c8                atan
 .text.fabs     0x0000000008008a08       0x12 d:/st/stm32cubeide_1.6.1/stm32cubeide/plugins/com.st.stm32cube.ide.mcu.externaltools.gnu-tools-for-stm32.9-2020-q2-update.win32_1.5.0.202011040924/tools/bin/../lib/gcc/arm-none-eabi/9.3.1/../../../../arm-none-eabi/lib/thumb/v7e-m+fp/hard\libm.a(lib_a-s_fabs.o)
                0x0000000008008a08                fabs
 *fill*         0x0000000008008a1a        0x2 
 .text.trunc    0x0000000008008a1c       0x64 d:/st/stm32cubeide_1.6.1/stm32cubeide/plugins/com.st.stm32cube.ide.mcu.externaltools.gnu-tools-for-stm32.9-2020-q2-update.win32_1.5.0.202011040924/tools/bin/../lib/gcc/arm-none-eabi/9.3.1/../../../../arm-none-eabi/lib/thumb/v7e-m+fp/hard\libm.a(lib_a-s_trunc.o)
                0x0000000008008a1c                trunc
 *(.glue_7)
 .glue_7        0x0000000008008a80        0x0 linker stubs
 *(.glue_7t)
 .glue_7t       0x0000000008008a80        0x0 linker stubs
 *(.eh_frame)
 .eh_frame      0x0000000008008a80        0x0 d:/st/stm32cubeide_1.6.1/stm32cubeide/plugins/com.st.stm32cube.ide.mcu.externaltools.gnu-tools-for-stm32.9-2020-q2-update.win32_1.5.0.202011040924/tools/bin/../lib/gcc/arm-none-eabi/9.3.1/thumb/v7e-m+fp/hard/crtbegin.o
 *(.init)
 .init          0x0000000008008a80        0x4 d:/st/stm32cubeide_1.6.1/stm32cubeide/plugins/com.st.stm32cube.ide.mcu.externaltools.gnu-tools-for-stm32.9-2020-q2-update.win32_1.5.0.202011040924/tools/bin/../lib/gcc/arm-none-eabi/9.3.1/thumb/v7e-m+fp/hard/crti.o
                0x0000000008008a80                _init
 .init          0x0000000008008a84        0x8 d:/st/stm32cubeide_1.6.1/stm32cubeide/plugins/com.st.stm32cube.ide.mcu.externaltools.gnu-tools-for-stm32.9-2020-q2-update.win32_1.5.0.202011040924/tools/bin/../lib/gcc/arm-none-eabi/9.3.1/thumb/v7e-m+fp/hard/crtn.o
 *(.fini)
 .fini          0x0000000008008a8c        0x4 d:/st/stm32cubeide_1.6.1/stm32cubeide/plugins/com.st.stm32cube.ide.mcu.externaltools.gnu-tools-for-stm32.9-2020-q2-update.win32_1.5.0.202011040924/tools/bin/../lib/gcc/arm-none-eabi/9.3.1/thumb/v7e-m+fp/hard/crti.o
                0x0000000008008a8c                _fini
 .fini          0x0000000008008a90        0x8 d:/st/stm32cubeide_1.6.1/stm32cubeide/plugins/com.st.stm32cube.ide.mcu.externaltools.gnu-tools-for-stm32.9-2020-q2-update.win32_1.5.0.202011040924/tools/bin/../lib/gcc/arm-none-eabi/9.3.1/thumb/v7e-m+fp/hard/crtn.o
                0x0000000008008a98                . = ALIGN (0x4)
                0x0000000008008a98                _etext = .

.vfp11_veneer   0x0000000008008a98        0x0
 .vfp11_veneer  0x0000000008008a98        0x0 linker stubs

.v4_bx          0x0000000008008a98        0x0
 .v4_bx         0x0000000008008a98        0x0 linker stubs

.iplt           0x0000000008008a98        0x0
 .iplt          0x0000000008008a98        0x0 d:/st/stm32cubeide_1.6.1/stm32cubeide/plugins/com.st.stm32cube.ide.mcu.externaltools.gnu-tools-for-stm32.9-2020-q2-update.win32_1.5.0.202011040924/tools/bin/../lib/gcc/arm-none-eabi/9.3.1/thumb/v7e-m+fp/hard/crtbegin.o

.rodata         0x0000000008008a98      0x290
                0x0000000008008a98                . = ALIGN (0x4)
 *(.rodata)
 .rodata        0x0000000008008a98      0x169 Core/Src/main.o
 *fill*         0x0000000008008c01        0x3 
 .rodata        0x0000000008008c04        0x5 Middlewares/Third_Party/FreeRTOS/Source/tasks.o
 *(.rodata*)
 *fill*         0x0000000008008c09        0x3 
 .rodata.AHBPrescTable
                0x0000000008008c0c       0x10 Core/Src/system_stm32l4xx.o
                0x0000000008008c0c                AHBPrescTable
 .rodata.APBPrescTable
                0x0000000008008c1c        0x8 Core/Src/system_stm32l4xx.o
                0x0000000008008c1c                APBPrescTable
 .rodata.MSIRangeTable
                0x0000000008008c24       0x30 Core/Src/system_stm32l4xx.o
                0x0000000008008c24                MSIRangeTable
 .rodata.__sf_fake_stderr
                0x0000000008008c54       0x20 d:/st/stm32cubeide_1.6.1/stm32cubeide/plugins/com.st.stm32cube.ide.mcu.externaltools.gnu-tools-for-stm32.9-2020-q2-update.win32_1.5.0.202011040924/tools/bin/../lib/gcc/arm-none-eabi/9.3.1/../../../../arm-none-eabi/lib/thumb/v7e-m+fp/hard\libc_nano.a(lib_a-findfp.o)
                0x0000000008008c54                __sf_fake_stderr
 .rodata.__sf_fake_stdin
                0x0000000008008c74       0x20 d:/st/stm32cubeide_1.6.1/stm32cubeide/plugins/com.st.stm32cube.ide.mcu.externaltools.gnu-tools-for-stm32.9-2020-q2-update.win32_1.5.0.202011040924/tools/bin/../lib/gcc/arm-none-eabi/9.3.1/../../../../arm-none-eabi/lib/thumb/v7e-m+fp/hard\libc_nano.a(lib_a-findfp.o)
                0x0000000008008c74                __sf_fake_stdin
 .rodata.__sf_fake_stdout
                0x0000000008008c94       0x20 d:/st/stm32cubeide_1.6.1/stm32cubeide/plugins/com.st.stm32cube.ide.mcu.externaltools.gnu-tools-for-stm32.9-2020-q2-update.win32_1.5.0.202011040924/tools/bin/../lib/gcc/arm-none-eabi/9.3.1/../../../../arm-none-eabi/lib/thumb/v7e-m+fp/hard\libc_nano.a(lib_a-findfp.o)
                0x0000000008008c94                __sf_fake_stdout
 .rodata._svfprintf_r.str1.1
                0x0000000008008cb4       0x11 d:/st/stm32cubeide_1.6.1/stm32cubeide/plugins/com.st.stm32cube.ide.mcu.externaltools.gnu-tools-for-stm32.9-2020-q2-update.win32_1.5.0.202011040924/tools/bin/../lib/gcc/arm-none-eabi/9.3.1/../../../../arm-none-eabi/lib/thumb/v7e-m+fp/hard\libc_nano.a(lib_a-nano-svfprintf.o)
 .rodata._printf_i.str1.1
                0x0000000008008cc5       0x22 d:/st/stm32cubeide_1.6.1/stm32cubeide/plugins/com.st.stm32cube.ide.mcu.externaltools.gnu-tools-for-stm32.9-2020-q2-update.win32_1.5.0.202011040924/tools/bin/../lib/gcc/arm-none-eabi/9.3.1/../../../../arm-none-eabi/lib/thumb/v7e-m+fp/hard\libc_nano.a(lib_a-nano-vfprintf_i.o)
 *fill*         0x0000000008008ce7        0x1 
 .rodata.atanhi
                0x0000000008008ce8       0x20 d:/st/stm32cubeide_1.6.1/stm32cubeide/plugins/com.st.stm32cube.ide.mcu.externaltools.gnu-tools-for-stm32.9-2020-q2-update.win32_1.5.0.202011040924/tools/bin/../lib/gcc/arm-none-eabi/9.3.1/../../../../arm-none-eabi/lib/thumb/v7e-m+fp/hard\libm.a(lib_a-s_atan.o)
 .rodata.atanlo
                0x0000000008008d08       0x20 d:/st/stm32cubeide_1.6.1/stm32cubeide/plugins/com.st.stm32cube.ide.mcu.externaltools.gnu-tools-for-stm32.9-2020-q2-update.win32_1.5.0.202011040924/tools/bin/../lib/gcc/arm-none-eabi/9.3.1/../../../../arm-none-eabi/lib/thumb/v7e-m+fp/hard\libm.a(lib_a-s_atan.o)
                0x0000000008008d28                . = ALIGN (0x4)

.ARM.extab      0x0000000008008d28        0x0
                0x0000000008008d28                . = ALIGN (0x4)
 *(.ARM.extab* .gnu.linkonce.armextab.*)
                0x0000000008008d28                . = ALIGN (0x4)

.ARM            0x0000000008008d28        0x8
                0x0000000008008d28                . = ALIGN (0x4)
                0x0000000008008d28                __exidx_start = .
 *(.ARM.exidx*)
 .ARM.exidx     0x0000000008008d28        0x8 d:/st/stm32cubeide_1.6.1/stm32cubeide/plugins/com.st.stm32cube.ide.mcu.externaltools.gnu-tools-for-stm32.9-2020-q2-update.win32_1.5.0.202011040924/tools/bin/../lib/gcc/arm-none-eabi/9.3.1/thumb/v7e-m+fp/hard\libgcc.a(_udivmoddi4.o)
                0x0000000008008d30                __exidx_end = .
                0x0000000008008d30                . = ALIGN (0x4)

.rel.dyn        0x0000000008008d30        0x0
 .rel.iplt      0x0000000008008d30        0x0 d:/st/stm32cubeide_1.6.1/stm32cubeide/plugins/com.st.stm32cube.ide.mcu.externaltools.gnu-tools-for-stm32.9-2020-q2-update.win32_1.5.0.202011040924/tools/bin/../lib/gcc/arm-none-eabi/9.3.1/thumb/v7e-m+fp/hard/crtbegin.o

.preinit_array  0x0000000008008d30        0x0
                0x0000000008008d30                . = ALIGN (0x4)
                0x0000000008008d30                PROVIDE (__preinit_array_start = .)
 *(.preinit_array*)
                0x0000000008008d30                PROVIDE (__preinit_array_end = .)
                0x0000000008008d30                . = ALIGN (0x4)

.init_array     0x0000000008008d30        0x4
                0x0000000008008d30                . = ALIGN (0x4)
                0x0000000008008d30                PROVIDE (__init_array_start = .)
 *(SORT_BY_NAME(.init_array.*))
 *(.init_array*)
 .init_array    0x0000000008008d30        0x4 d:/st/stm32cubeide_1.6.1/stm32cubeide/plugins/com.st.stm32cube.ide.mcu.externaltools.gnu-tools-for-stm32.9-2020-q2-update.win32_1.5.0.202011040924/tools/bin/../lib/gcc/arm-none-eabi/9.3.1/thumb/v7e-m+fp/hard/crtbegin.o
                0x0000000008008d34                PROVIDE (__init_array_end = .)
                0x0000000008008d34                . = ALIGN (0x4)

.fini_array     0x0000000008008d34        0x4
                0x0000000008008d34                . = ALIGN (0x4)
                [!provide]                        PROVIDE (__fini_array_start = .)
 *(SORT_BY_NAME(.fini_array.*))
 *(.fini_array*)
 .fini_array    0x0000000008008d34        0x4 d:/st/stm32cubeide_1.6.1/stm32cubeide/plugins/com.st.stm32cube.ide.mcu.externaltools.gnu-tools-for-stm32.9-2020-q2-update.win32_1.5.0.202011040924/tools/bin/../lib/gcc/arm-none-eabi/9.3.1/thumb/v7e-m+fp/hard/crtbegin.o
                [!provide]                        PROVIDE (__fini_array_end = .)
                0x0000000008008d38                . = ALIGN (0x4)
                0x0000000008008d38                _sidata = LOADADDR (.data)

.data           0x0000000020000000       0xd4 load address 0x0000000008008d38
                0x0000000020000000                . = ALIGN (0x4)
                0x0000000020000000                _sdata = .
 *(.data)
 *(.data*)
 .data.delay    0x0000000020000000        0x2 Core/Src/main.o
                0x0000000020000000                delay
 *fill*         0x0000000020000002        0x2 
 .data.SystemCoreClock
                0x0000000020000004        0x4 Core/Src/system_stm32l4xx.o
                0x0000000020000004                SystemCoreClock
 .data.HTS221_H_Drv
                0x0000000020000008        0xc Drivers/BSP/Components/hts221/hts221.o
                0x0000000020000008                HTS221_H_Drv
 .data.HTS221_T_Drv
                0x0000000020000014       0x10 Drivers/BSP/Components/hts221/hts221.o
                0x0000000020000014                HTS221_T_Drv
 .data.Lis3mdlMagDrv
                0x0000000020000024       0x34 Drivers/BSP/Components/lis3mdl/lis3mdl.o
                0x0000000020000024                Lis3mdlMagDrv
 .data.LPS22HB_P_Drv
                0x0000000020000058        0xc Drivers/BSP/Components/lps22hb/lps22hb.o
                0x0000000020000058                LPS22HB_P_Drv
 .data.uwTickPrio
                0x0000000020000064        0x4 Drivers/STM32L4xx_HAL_Driver/Src/stm32l4xx_hal.o
                0x0000000020000064                uwTickPrio
 .data.uwTickFreq
                0x0000000020000068        0x1 Drivers/STM32L4xx_HAL_Driver/Src/stm32l4xx_hal.o
                0x0000000020000068                uwTickFreq
 *fill*         0x0000000020000069        0x3 
 .data.uxCriticalNesting
                0x000000002000006c        0x4 Middlewares/Third_Party/FreeRTOS/Source/portable/GCC/ARM_CM4F/port.o
 .data._impure_ptr
                0x0000000020000070        0x4 d:/st/stm32cubeide_1.6.1/stm32cubeide/plugins/com.st.stm32cube.ide.mcu.externaltools.gnu-tools-for-stm32.9-2020-q2-update.win32_1.5.0.202011040924/tools/bin/../lib/gcc/arm-none-eabi/9.3.1/../../../../arm-none-eabi/lib/thumb/v7e-m+fp/hard\libc_nano.a(lib_a-impure.o)
                0x0000000020000070                _impure_ptr
 .data.impure_data
                0x0000000020000074       0x60 d:/st/stm32cubeide_1.6.1/stm32cubeide/plugins/com.st.stm32cube.ide.mcu.externaltools.gnu-tools-for-stm32.9-2020-q2-update.win32_1.5.0.202011040924/tools/bin/../lib/gcc/arm-none-eabi/9.3.1/../../../../arm-none-eabi/lib/thumb/v7e-m+fp/hard\libc_nano.a(lib_a-impure.o)
 *(.RamFunc)
 *(.RamFunc*)
                0x00000000200000d4                . = ALIGN (0x4)
                0x00000000200000d4                _edata = .

.igot.plt       0x00000000200000d4        0x0 load address 0x0000000008008e0c
 .igot.plt      0x00000000200000d4        0x0 d:/st/stm32cubeide_1.6.1/stm32cubeide/plugins/com.st.stm32cube.ide.mcu.externaltools.gnu-tools-for-stm32.9-2020-q2-update.win32_1.5.0.202011040924/tools/bin/../lib/gcc/arm-none-eabi/9.3.1/thumb/v7e-m+fp/hard/crtbegin.o
                0x00000000200000d4                . = ALIGN (0x4)

.bss            0x00000000200000d4     0x19ac load address 0x0000000008008e0c
                0x00000000200000d4                _sbss = .
                0x00000000200000d4                __bss_start__ = _sbss
 *(.bss)
 .bss           0x00000000200000d4       0x1c d:/st/stm32cubeide_1.6.1/stm32cubeide/plugins/com.st.stm32cube.ide.mcu.externaltools.gnu-tools-for-stm32.9-2020-q2-update.win32_1.5.0.202011040924/tools/bin/../lib/gcc/arm-none-eabi/9.3.1/thumb/v7e-m+fp/hard/crtbegin.o
 *(.bss*)
 .bss.xIdleTaskTCBBuffer
                0x00000000200000f0       0x54 Core/Src/freertos.o
 .bss.xIdleStack
                0x0000000020000144      0x200 Core/Src/freertos.o
 .bss.__sbrk_heap_end
                0x0000000020000344        0x4 Core/Src/sysmem.o
 .bss.Hsensor_drv
                0x0000000020000348        0x4 Drivers/BSP/B-L475E-IOT01/stm32l475e_iot01_hsensor.o
 .bss.MagnetoDrv
                0x000000002000034c        0x4 Drivers/BSP/B-L475E-IOT01/stm32l475e_iot01_magneto.o
 .bss.Psensor_drv
                0x0000000020000350        0x4 Drivers/BSP/B-L475E-IOT01/stm32l475e_iot01_psensor.o
 .bss.tsensor_drv
                0x0000000020000354        0x4 Drivers/BSP/B-L475E-IOT01/stm32l475e_iot01_tsensor.o
 .bss.pxCurrentTCB
                0x0000000020000358        0x4 Middlewares/Third_Party/FreeRTOS/Source/tasks.o
                0x0000000020000358                pxCurrentTCB
 .bss.pxReadyTasksLists
                0x000000002000035c       0x8c Middlewares/Third_Party/FreeRTOS/Source/tasks.o
 .bss.xDelayedTaskList1
                0x00000000200003e8       0x14 Middlewares/Third_Party/FreeRTOS/Source/tasks.o
 .bss.xDelayedTaskList2
                0x00000000200003fc       0x14 Middlewares/Third_Party/FreeRTOS/Source/tasks.o
 .bss.pxDelayedTaskList
                0x0000000020000410        0x4 Middlewares/Third_Party/FreeRTOS/Source/tasks.o
 .bss.pxOverflowDelayedTaskList
                0x0000000020000414        0x4 Middlewares/Third_Party/FreeRTOS/Source/tasks.o
 .bss.xPendingReadyList
                0x0000000020000418       0x14 Middlewares/Third_Party/FreeRTOS/Source/tasks.o
 .bss.xTasksWaitingTermination
                0x000000002000042c       0x14 Middlewares/Third_Party/FreeRTOS/Source/tasks.o
 .bss.uxDeletedTasksWaitingCleanUp
                0x0000000020000440        0x4 Middlewares/Third_Party/FreeRTOS/Source/tasks.o
 .bss.xSuspendedTaskList
                0x0000000020000444       0x14 Middlewares/Third_Party/FreeRTOS/Source/tasks.o
 .bss.uxCurrentNumberOfTasks
                0x0000000020000458        0x4 Middlewares/Third_Party/FreeRTOS/Source/tasks.o
 .bss.xTickCount
                0x000000002000045c        0x4 Middlewares/Third_Party/FreeRTOS/Source/tasks.o
 .bss.uxTopReadyPriority
                0x0000000020000460        0x4 Middlewares/Third_Party/FreeRTOS/Source/tasks.o
 .bss.xSchedulerRunning
                0x0000000020000464        0x4 Middlewares/Third_Party/FreeRTOS/Source/tasks.o
 .bss.xPendedTicks
                0x0000000020000468        0x4 Middlewares/Third_Party/FreeRTOS/Source/tasks.o
 .bss.xYieldPending
                0x000000002000046c        0x4 Middlewares/Third_Party/FreeRTOS/Source/tasks.o
 .bss.xNumOfOverflows
                0x0000000020000470        0x4 Middlewares/Third_Party/FreeRTOS/Source/tasks.o
 .bss.uxTaskNumber
                0x0000000020000474        0x4 Middlewares/Third_Party/FreeRTOS/Source/tasks.o
 .bss.xNextTaskUnblockTime
                0x0000000020000478        0x4 Middlewares/Third_Party/FreeRTOS/Source/tasks.o
 .bss.xIdleTaskHandle
                0x000000002000047c        0x4 Middlewares/Third_Party/FreeRTOS/Source/tasks.o
 .bss.uxSchedulerSuspended
                0x0000000020000480        0x4 Middlewares/Third_Party/FreeRTOS/Source/tasks.o
 .bss.ucMaxSysCallPriority
                0x0000000020000484        0x1 Middlewares/Third_Party/FreeRTOS/Source/portable/GCC/ARM_CM4F/port.o
 *fill*         0x0000000020000485        0x3 
 .bss.ulMaxPRIGROUPValue
                0x0000000020000488        0x4 Middlewares/Third_Party/FreeRTOS/Source/portable/GCC/ARM_CM4F/port.o
 .bss.ucHeap    0x000000002000048c     0x1388 Middlewares/Third_Party/FreeRTOS/Source/portable/MemMang/heap_4.o
 .bss.xStart    0x0000000020001814        0x8 Middlewares/Third_Party/FreeRTOS/Source/portable/MemMang/heap_4.o
 .bss.pxEnd     0x000000002000181c        0x4 Middlewares/Third_Party/FreeRTOS/Source/portable/MemMang/heap_4.o
 .bss.xFreeBytesRemaining
                0x0000000020001820        0x4 Middlewares/Third_Party/FreeRTOS/Source/portable/MemMang/heap_4.o
 .bss.xMinimumEverFreeBytesRemaining
                0x0000000020001824        0x4 Middlewares/Third_Party/FreeRTOS/Source/portable/MemMang/heap_4.o
 .bss.xNumberOfSuccessfulAllocations
                0x0000000020001828        0x4 Middlewares/Third_Party/FreeRTOS/Source/portable/MemMang/heap_4.o
 .bss.xNumberOfSuccessfulFrees
                0x000000002000182c        0x4 Middlewares/Third_Party/FreeRTOS/Source/portable/MemMang/heap_4.o
 .bss.xBlockAllocatedBit
                0x0000000020001830        0x4 Middlewares/Third_Party/FreeRTOS/Source/portable/MemMang/heap_4.o
 .bss.__malloc_free_list
                0x0000000020001834        0x4 d:/st/stm32cubeide_1.6.1/stm32cubeide/plugins/com.st.stm32cube.ide.mcu.externaltools.gnu-tools-for-stm32.9-2020-q2-update.win32_1.5.0.202011040924/tools/bin/../lib/gcc/arm-none-eabi/9.3.1/../../../../arm-none-eabi/lib/thumb/v7e-m+fp/hard\libc_nano.a(lib_a-nano-mallocr.o)
                0x0000000020001834                __malloc_free_list
 .bss.__malloc_sbrk_start
                0x0000000020001838        0x4 d:/st/stm32cubeide_1.6.1/stm32cubeide/plugins/com.st.stm32cube.ide.mcu.externaltools.gnu-tools-for-stm32.9-2020-q2-update.win32_1.5.0.202011040924/tools/bin/../lib/gcc/arm-none-eabi/9.3.1/../../../../arm-none-eabi/lib/thumb/v7e-m+fp/hard\libc_nano.a(lib_a-nano-mallocr.o)
                0x0000000020001838                __malloc_sbrk_start
 *(COMMON)
 COMMON         0x000000002000183c      0x114 Core/Src/main.o
                0x000000002000183c                sensor_data
                0x000000002000184c                defaultTaskHandle
                0x0000000020001850                readPressureHandle
                0x0000000020001854                readTempHandle
                0x0000000020001858                written_data
                0x000000002000185c                huart1
                0x00000000200018e0                readMagnetoHandle
                0x00000000200018e4                SendDataHandle
                0x00000000200018e8                hspi1
                0x000000002000194c                readHumidityHandle
 COMMON         0x0000000020001950       0x4c Core/Src/stm32l4xx_hal_timebase_tim.o
                0x0000000020001950                htim6
 COMMON         0x000000002000199c       0xd0 Drivers/BSP/B-L475E-IOT01/stm32l475e_iot01.o
                0x000000002000199c                hDiscoUart
                0x0000000020001a20                hI2cHandler
 COMMON         0x0000000020001a6c        0x4 Drivers/STM32L4xx_HAL_Driver/Src/stm32l4xx_hal.o
                0x0000000020001a6c                uwTick
 COMMON         0x0000000020001a70        0x9 d:/st/stm32cubeide_1.6.1/stm32cubeide/plugins/com.st.stm32cube.ide.mcu.externaltools.gnu-tools-for-stm32.9-2020-q2-update.win32_1.5.0.202011040924/tools/bin/../lib/gcc/arm-none-eabi/9.3.1/../../../../arm-none-eabi/lib/thumb/v7e-m+fp/hard\libc_nano.a(lib_a-lock.o)
                0x0000000020001a70                __lock___atexit_recursive_mutex
                0x0000000020001a71                __lock___arc4random_mutex
                0x0000000020001a72                __lock___env_recursive_mutex
                0x0000000020001a73                __lock___sinit_recursive_mutex
                0x0000000020001a74                __lock___malloc_recursive_mutex
                0x0000000020001a75                __lock___at_quick_exit_mutex
                0x0000000020001a76                __lock___dd_hash_mutex
                0x0000000020001a77                __lock___tz_mutex
                0x0000000020001a78                __lock___sfp_recursive_mutex
 *fill*         0x0000000020001a79        0x3 
 COMMON         0x0000000020001a7c        0x4 d:/st/stm32cubeide_1.6.1/stm32cubeide/plugins/com.st.stm32cube.ide.mcu.externaltools.gnu-tools-for-stm32.9-2020-q2-update.win32_1.5.0.202011040924/tools/bin/../lib/gcc/arm-none-eabi/9.3.1/../../../../arm-none-eabi/lib/thumb/v7e-m+fp/hard\libc_nano.a(lib_a-reent.o)
                0x0000000020001a7c                errno
                0x0000000020001a80                . = ALIGN (0x4)
                0x0000000020001a80                _ebss = .
                0x0000000020001a80                __bss_end__ = _ebss

._user_heap_stack
                0x0000000020001a80      0x600 load address 0x0000000008008e0c
                0x0000000020001a80                . = ALIGN (0x8)
                [!provide]                        PROVIDE (end = .)
                0x0000000020001a80                PROVIDE (_end = .)
                0x0000000020001c80                . = (. + _Min_Heap_Size)
 *fill*         0x0000000020001a80      0x200 
                0x0000000020002080                . = (. + _Min_Stack_Size)
 *fill*         0x0000000020001c80      0x400 
                0x0000000020002080                . = ALIGN (0x8)

/DISCARD/
 libc.a(*)
 libm.a(*)
 libgcc.a(*)

.ARM.attributes
                0x0000000000000000       0x30
 *(.ARM.attributes)
 .ARM.attributes
                0x0000000000000000       0x1e d:/st/stm32cubeide_1.6.1/stm32cubeide/plugins/com.st.stm32cube.ide.mcu.externaltools.gnu-tools-for-stm32.9-2020-q2-update.win32_1.5.0.202011040924/tools/bin/../lib/gcc/arm-none-eabi/9.3.1/thumb/v7e-m+fp/hard/crti.o
 .ARM.attributes
                0x000000000000001e       0x34 d:/st/stm32cubeide_1.6.1/stm32cubeide/plugins/com.st.stm32cube.ide.mcu.externaltools.gnu-tools-for-stm32.9-2020-q2-update.win32_1.5.0.202011040924/tools/bin/../lib/gcc/arm-none-eabi/9.3.1/thumb/v7e-m+fp/hard/crtbegin.o
 .ARM.attributes
                0x0000000000000052       0x34 Core/Src/freertos.o
 .ARM.attributes
                0x0000000000000086       0x34 Core/Src/main.o
 .ARM.attributes
                0x00000000000000ba       0x34 Core/Src/stm32l4xx_hal_msp.o
 .ARM.attributes
                0x00000000000000ee       0x34 Core/Src/stm32l4xx_hal_timebase_tim.o
 .ARM.attributes
                0x0000000000000122       0x34 Core/Src/stm32l4xx_it.o
 .ARM.attributes
                0x0000000000000156       0x34 Core/Src/sysmem.o
 .ARM.attributes
                0x000000000000018a       0x34 Core/Src/system_stm32l4xx.o
 .ARM.attributes
                0x00000000000001be       0x21 Core/Startup/startup_stm32l475vgtx.o
 .ARM.attributes
                0x00000000000001df       0x34 Drivers/BSP/B-L475E-IOT01/stm32l475e_iot01.o
 .ARM.attributes
                0x0000000000000213       0x34 Drivers/BSP/B-L475E-IOT01/stm32l475e_iot01_hsensor.o
 .ARM.attributes
                0x0000000000000247       0x34 Drivers/BSP/B-L475E-IOT01/stm32l475e_iot01_magneto.o
 .ARM.attributes
                0x000000000000027b       0x34 Drivers/BSP/B-L475E-IOT01/stm32l475e_iot01_psensor.o
 .ARM.attributes
                0x00000000000002af       0x34 Drivers/BSP/B-L475E-IOT01/stm32l475e_iot01_tsensor.o
 .ARM.attributes
                0x00000000000002e3       0x34 Drivers/BSP/Components/hts221/hts221.o
 .ARM.attributes
                0x0000000000000317       0x34 Drivers/BSP/Components/lis3mdl/lis3mdl.o
 .ARM.attributes
                0x000000000000034b       0x34 Drivers/BSP/Components/lps22hb/lps22hb.o
 .ARM.attributes
                0x000000000000037f       0x34 Drivers/STM32L4xx_HAL_Driver/Src/stm32l4xx_hal.o
 .ARM.attributes
                0x00000000000003b3       0x34 Drivers/STM32L4xx_HAL_Driver/Src/stm32l4xx_hal_cortex.o
 .ARM.attributes
                0x00000000000003e7       0x34 Drivers/STM32L4xx_HAL_Driver/Src/stm32l4xx_hal_gpio.o
 .ARM.attributes
                0x000000000000041b       0x34 Drivers/STM32L4xx_HAL_Driver/Src/stm32l4xx_hal_i2c.o
 .ARM.attributes
                0x000000000000044f       0x34 Drivers/STM32L4xx_HAL_Driver/Src/stm32l4xx_hal_i2c_ex.o
 .ARM.attributes
                0x0000000000000483       0x34 Drivers/STM32L4xx_HAL_Driver/Src/stm32l4xx_hal_pwr_ex.o
 .ARM.attributes
                0x00000000000004b7       0x34 Drivers/STM32L4xx_HAL_Driver/Src/stm32l4xx_hal_rcc.o
 .ARM.attributes
                0x00000000000004eb       0x34 Drivers/STM32L4xx_HAL_Driver/Src/stm32l4xx_hal_rcc_ex.o
 .ARM.attributes
                0x000000000000051f       0x34 Drivers/STM32L4xx_HAL_Driver/Src/stm32l4xx_hal_spi.o
 .ARM.attributes
                0x0000000000000553       0x34 Drivers/STM32L4xx_HAL_Driver/Src/stm32l4xx_hal_tim.o
 .ARM.attributes
                0x0000000000000587       0x34 Drivers/STM32L4xx_HAL_Driver/Src/stm32l4xx_hal_tim_ex.o
 .ARM.attributes
                0x00000000000005bb       0x34 Drivers/STM32L4xx_HAL_Driver/Src/stm32l4xx_hal_uart.o
 .ARM.attributes
                0x00000000000005ef       0x34 Middlewares/Third_Party/FreeRTOS/Source/CMSIS_RTOS/cmsis_os.o
 .ARM.attributes
                0x0000000000000623       0x34 Middlewares/Third_Party/FreeRTOS/Source/list.o
 .ARM.attributes
                0x0000000000000657       0x34 Middlewares/Third_Party/FreeRTOS/Source/tasks.o
 .ARM.attributes
                0x000000000000068b       0x34 Middlewares/Third_Party/FreeRTOS/Source/portable/GCC/ARM_CM4F/port.o
 .ARM.attributes
                0x00000000000006bf       0x34 Middlewares/Third_Party/FreeRTOS/Source/portable/MemMang/heap_4.o
 .ARM.attributes
                0x00000000000006f3       0x34 d:/st/stm32cubeide_1.6.1/stm32cubeide/plugins/com.st.stm32cube.ide.mcu.externaltools.gnu-tools-for-stm32.9-2020-q2-update.win32_1.5.0.202011040924/tools/bin/../lib/gcc/arm-none-eabi/9.3.1/../../../../arm-none-eabi/lib/thumb/v7e-m+fp/hard\libc_nano.a(lib_a-errno.o)
 .ARM.attributes
                0x0000000000000727       0x32 d:/st/stm32cubeide_1.6.1/stm32cubeide/plugins/com.st.stm32cube.ide.mcu.externaltools.gnu-tools-for-stm32.9-2020-q2-update.win32_1.5.0.202011040924/tools/bin/../lib/gcc/arm-none-eabi/9.3.1/../../../../arm-none-eabi/lib/thumb/v7e-m+fp/hard\libc_nano.a(lib_a-impure.o)
 .ARM.attributes
                0x0000000000000759       0x34 d:/st/stm32cubeide_1.6.1/stm32cubeide/plugins/com.st.stm32cube.ide.mcu.externaltools.gnu-tools-for-stm32.9-2020-q2-update.win32_1.5.0.202011040924/tools/bin/../lib/gcc/arm-none-eabi/9.3.1/../../../../arm-none-eabi/lib/thumb/v7e-m+fp/hard\libc_nano.a(lib_a-init.o)
 .ARM.attributes
                0x000000000000078d       0x34 d:/st/stm32cubeide_1.6.1/stm32cubeide/plugins/com.st.stm32cube.ide.mcu.externaltools.gnu-tools-for-stm32.9-2020-q2-update.win32_1.5.0.202011040924/tools/bin/../lib/gcc/arm-none-eabi/9.3.1/../../../../arm-none-eabi/lib/thumb/v7e-m+fp/hard\libc_nano.a(lib_a-memcpy-stub.o)
 .ARM.attributes
                0x00000000000007c1       0x34 d:/st/stm32cubeide_1.6.1/stm32cubeide/plugins/com.st.stm32cube.ide.mcu.externaltools.gnu-tools-for-stm32.9-2020-q2-update.win32_1.5.0.202011040924/tools/bin/../lib/gcc/arm-none-eabi/9.3.1/../../../../arm-none-eabi/lib/thumb/v7e-m+fp/hard\libc_nano.a(lib_a-memset.o)
 .ARM.attributes
                0x00000000000007f5       0x34 d:/st/stm32cubeide_1.6.1/stm32cubeide/plugins/com.st.stm32cube.ide.mcu.externaltools.gnu-tools-for-stm32.9-2020-q2-update.win32_1.5.0.202011040924/tools/bin/../lib/gcc/arm-none-eabi/9.3.1/../../../../arm-none-eabi/lib/thumb/v7e-m+fp/hard\libc_nano.a(lib_a-snprintf.o)
 .ARM.attributes
                0x0000000000000829       0x34 d:/st/stm32cubeide_1.6.1/stm32cubeide/plugins/com.st.stm32cube.ide.mcu.externaltools.gnu-tools-for-stm32.9-2020-q2-update.win32_1.5.0.202011040924/tools/bin/../lib/gcc/arm-none-eabi/9.3.1/../../../../arm-none-eabi/lib/thumb/v7e-m+fp/hard\libc_nano.a(lib_a-findfp.o)
 .ARM.attributes
                0x000000000000085d       0x34 d:/st/stm32cubeide_1.6.1/stm32cubeide/plugins/com.st.stm32cube.ide.mcu.externaltools.gnu-tools-for-stm32.9-2020-q2-update.win32_1.5.0.202011040924/tools/bin/../lib/gcc/arm-none-eabi/9.3.1/../../../../arm-none-eabi/lib/thumb/v7e-m+fp/hard\libc_nano.a(lib_a-lock.o)
 .ARM.attributes
                0x0000000000000891       0x34 d:/st/stm32cubeide_1.6.1/stm32cubeide/plugins/com.st.stm32cube.ide.mcu.externaltools.gnu-tools-for-stm32.9-2020-q2-update.win32_1.5.0.202011040924/tools/bin/../lib/gcc/arm-none-eabi/9.3.1/../../../../arm-none-eabi/lib/thumb/v7e-m+fp/hard\libc_nano.a(lib_a-nano-freer.o)
 .ARM.attributes
                0x00000000000008c5       0x34 d:/st/stm32cubeide_1.6.1/stm32cubeide/plugins/com.st.stm32cube.ide.mcu.externaltools.gnu-tools-for-stm32.9-2020-q2-update.win32_1.5.0.202011040924/tools/bin/../lib/gcc/arm-none-eabi/9.3.1/../../../../arm-none-eabi/lib/thumb/v7e-m+fp/hard\libc_nano.a(lib_a-nano-mallocr.o)
 .ARM.attributes
                0x00000000000008f9       0x34 d:/st/stm32cubeide_1.6.1/stm32cubeide/plugins/com.st.stm32cube.ide.mcu.externaltools.gnu-tools-for-stm32.9-2020-q2-update.win32_1.5.0.202011040924/tools/bin/../lib/gcc/arm-none-eabi/9.3.1/../../../../arm-none-eabi/lib/thumb/v7e-m+fp/hard\libc_nano.a(lib_a-nano-svfprintf.o)
 .ARM.attributes
                0x000000000000092d       0x34 d:/st/stm32cubeide_1.6.1/stm32cubeide/plugins/com.st.stm32cube.ide.mcu.externaltools.gnu-tools-for-stm32.9-2020-q2-update.win32_1.5.0.202011040924/tools/bin/../lib/gcc/arm-none-eabi/9.3.1/../../../../arm-none-eabi/lib/thumb/v7e-m+fp/hard\libc_nano.a(lib_a-nano-vfprintf_i.o)
 .ARM.attributes
                0x0000000000000961       0x34 d:/st/stm32cubeide_1.6.1/stm32cubeide/plugins/com.st.stm32cube.ide.mcu.externaltools.gnu-tools-for-stm32.9-2020-q2-update.win32_1.5.0.202011040924/tools/bin/../lib/gcc/arm-none-eabi/9.3.1/../../../../arm-none-eabi/lib/thumb/v7e-m+fp/hard\libc_nano.a(lib_a-sbrkr.o)
 .ARM.attributes
                0x0000000000000995       0x1c d:/st/stm32cubeide_1.6.1/stm32cubeide/plugins/com.st.stm32cube.ide.mcu.externaltools.gnu-tools-for-stm32.9-2020-q2-update.win32_1.5.0.202011040924/tools/bin/../lib/gcc/arm-none-eabi/9.3.1/../../../../arm-none-eabi/lib/thumb/v7e-m+fp/hard\libc_nano.a(lib_a-memchr.o)
 .ARM.attributes
                0x00000000000009b1       0x34 d:/st/stm32cubeide_1.6.1/stm32cubeide/plugins/com.st.stm32cube.ide.mcu.externaltools.gnu-tools-for-stm32.9-2020-q2-update.win32_1.5.0.202011040924/tools/bin/../lib/gcc/arm-none-eabi/9.3.1/../../../../arm-none-eabi/lib/thumb/v7e-m+fp/hard\libc_nano.a(lib_a-memmove.o)
 .ARM.attributes
                0x00000000000009e5       0x34 d:/st/stm32cubeide_1.6.1/stm32cubeide/plugins/com.st.stm32cube.ide.mcu.externaltools.gnu-tools-for-stm32.9-2020-q2-update.win32_1.5.0.202011040924/tools/bin/../lib/gcc/arm-none-eabi/9.3.1/../../../../arm-none-eabi/lib/thumb/v7e-m+fp/hard\libc_nano.a(lib_a-mlock.o)
 .ARM.attributes
                0x0000000000000a19       0x34 d:/st/stm32cubeide_1.6.1/stm32cubeide/plugins/com.st.stm32cube.ide.mcu.externaltools.gnu-tools-for-stm32.9-2020-q2-update.win32_1.5.0.202011040924/tools/bin/../lib/gcc/arm-none-eabi/9.3.1/../../../../arm-none-eabi/lib/thumb/v7e-m+fp/hard\libc_nano.a(lib_a-nano-reallocr.o)
 .ARM.attributes
                0x0000000000000a4d       0x34 d:/st/stm32cubeide_1.6.1/stm32cubeide/plugins/com.st.stm32cube.ide.mcu.externaltools.gnu-tools-for-stm32.9-2020-q2-update.win32_1.5.0.202011040924/tools/bin/../lib/gcc/arm-none-eabi/9.3.1/../../../../arm-none-eabi/lib/thumb/v7e-m+fp/hard\libc_nano.a(lib_a-reent.o)
 .ARM.attributes
                0x0000000000000a81       0x34 d:/st/stm32cubeide_1.6.1/stm32cubeide/plugins/com.st.stm32cube.ide.mcu.externaltools.gnu-tools-for-stm32.9-2020-q2-update.win32_1.5.0.202011040924/tools/bin/../lib/gcc/arm-none-eabi/9.3.1/../../../../arm-none-eabi/lib/thumb/v7e-m+fp/hard\libc_nano.a(lib_a-nano-msizer.o)
 .ARM.attributes
                0x0000000000000ab5       0x34 d:/st/stm32cubeide_1.6.1/stm32cubeide/plugins/com.st.stm32cube.ide.mcu.externaltools.gnu-tools-for-stm32.9-2020-q2-update.win32_1.5.0.202011040924/tools/bin/../lib/gcc/arm-none-eabi/9.3.1/../../../../arm-none-eabi/lib/thumb/v7e-m+fp/hard\libm.a(lib_a-s_atan.o)
 .ARM.attributes
                0x0000000000000ae9       0x34 d:/st/stm32cubeide_1.6.1/stm32cubeide/plugins/com.st.stm32cube.ide.mcu.externaltools.gnu-tools-for-stm32.9-2020-q2-update.win32_1.5.0.202011040924/tools/bin/../lib/gcc/arm-none-eabi/9.3.1/../../../../arm-none-eabi/lib/thumb/v7e-m+fp/hard\libm.a(lib_a-s_fabs.o)
 .ARM.attributes
                0x0000000000000b1d       0x34 d:/st/stm32cubeide_1.6.1/stm32cubeide/plugins/com.st.stm32cube.ide.mcu.externaltools.gnu-tools-for-stm32.9-2020-q2-update.win32_1.5.0.202011040924/tools/bin/../lib/gcc/arm-none-eabi/9.3.1/../../../../arm-none-eabi/lib/thumb/v7e-m+fp/hard\libm.a(lib_a-s_trunc.o)
 .ARM.attributes
                0x0000000000000b51       0x1e d:/st/stm32cubeide_1.6.1/stm32cubeide/plugins/com.st.stm32cube.ide.mcu.externaltools.gnu-tools-for-stm32.9-2020-q2-update.win32_1.5.0.202011040924/tools/bin/../lib/gcc/arm-none-eabi/9.3.1/thumb/v7e-m+fp/hard\libgcc.a(_arm_addsubdf3.o)
 .ARM.attributes
                0x0000000000000b6f       0x1e d:/st/stm32cubeide_1.6.1/stm32cubeide/plugins/com.st.stm32cube.ide.mcu.externaltools.gnu-tools-for-stm32.9-2020-q2-update.win32_1.5.0.202011040924/tools/bin/../lib/gcc/arm-none-eabi/9.3.1/thumb/v7e-m+fp/hard\libgcc.a(_arm_muldivdf3.o)
 .ARM.attributes
                0x0000000000000b8d       0x1e d:/st/stm32cubeide_1.6.1/stm32cubeide/plugins/com.st.stm32cube.ide.mcu.externaltools.gnu-tools-for-stm32.9-2020-q2-update.win32_1.5.0.202011040924/tools/bin/../lib/gcc/arm-none-eabi/9.3.1/thumb/v7e-m+fp/hard\libgcc.a(_arm_cmpdf2.o)
 .ARM.attributes
                0x0000000000000bab       0x1e d:/st/stm32cubeide_1.6.1/stm32cubeide/plugins/com.st.stm32cube.ide.mcu.externaltools.gnu-tools-for-stm32.9-2020-q2-update.win32_1.5.0.202011040924/tools/bin/../lib/gcc/arm-none-eabi/9.3.1/thumb/v7e-m+fp/hard\libgcc.a(_arm_fixdfsi.o)
 .ARM.attributes
                0x0000000000000bc9       0x1e d:/st/stm32cubeide_1.6.1/stm32cubeide/plugins/com.st.stm32cube.ide.mcu.externaltools.gnu-tools-for-stm32.9-2020-q2-update.win32_1.5.0.202011040924/tools/bin/../lib/gcc/arm-none-eabi/9.3.1/thumb/v7e-m+fp/hard\libgcc.a(_arm_truncdfsf2.o)
 .ARM.attributes
                0x0000000000000be7       0x1e d:/st/stm32cubeide_1.6.1/stm32cubeide/plugins/com.st.stm32cube.ide.mcu.externaltools.gnu-tools-for-stm32.9-2020-q2-update.win32_1.5.0.202011040924/tools/bin/../lib/gcc/arm-none-eabi/9.3.1/thumb/v7e-m+fp/hard\libgcc.a(_aeabi_uldivmod.o)
 .ARM.attributes
                0x0000000000000c05       0x34 d:/st/stm32cubeide_1.6.1/stm32cubeide/plugins/com.st.stm32cube.ide.mcu.externaltools.gnu-tools-for-stm32.9-2020-q2-update.win32_1.5.0.202011040924/tools/bin/../lib/gcc/arm-none-eabi/9.3.1/thumb/v7e-m+fp/hard\libgcc.a(_udivmoddi4.o)
 .ARM.attributes
                0x0000000000000c39       0x1e d:/st/stm32cubeide_1.6.1/stm32cubeide/plugins/com.st.stm32cube.ide.mcu.externaltools.gnu-tools-for-stm32.9-2020-q2-update.win32_1.5.0.202011040924/tools/bin/../lib/gcc/arm-none-eabi/9.3.1/thumb/v7e-m+fp/hard\libgcc.a(_dvmd_tls.o)
 .ARM.attributes
                0x0000000000000c57       0x1e d:/st/stm32cubeide_1.6.1/stm32cubeide/plugins/com.st.stm32cube.ide.mcu.externaltools.gnu-tools-for-stm32.9-2020-q2-update.win32_1.5.0.202011040924/tools/bin/../lib/gcc/arm-none-eabi/9.3.1/thumb/v7e-m+fp/hard/crtn.o
OUTPUT(WeatherStation.elf elf32-littlearm)
LOAD linker stubs
LOAD d:/st/stm32cubeide_1.6.1/stm32cubeide/plugins/com.st.stm32cube.ide.mcu.externaltools.gnu-tools-for-stm32.9-2020-q2-update.win32_1.5.0.202011040924/tools/bin/../lib/gcc/arm-none-eabi/9.3.1/../../../../arm-none-eabi/lib/thumb/v7e-m+fp/hard\libc.a
LOAD d:/st/stm32cubeide_1.6.1/stm32cubeide/plugins/com.st.stm32cube.ide.mcu.externaltools.gnu-tools-for-stm32.9-2020-q2-update.win32_1.5.0.202011040924/tools/bin/../lib/gcc/arm-none-eabi/9.3.1/../../../../arm-none-eabi/lib/thumb/v7e-m+fp/hard\libm.a
LOAD d:/st/stm32cubeide_1.6.1/stm32cubeide/plugins/com.st.stm32cube.ide.mcu.externaltools.gnu-tools-for-stm32.9-2020-q2-update.win32_1.5.0.202011040924/tools/bin/../lib/gcc/arm-none-eabi/9.3.1/thumb/v7e-m+fp/hard\libgcc.a

.debug_info     0x0000000000000000    0x205ab
 .debug_info    0x0000000000000000      0x4be Core/Src/freertos.o
 .debug_info    0x00000000000004be     0x2bef Core/Src/main.o
 .debug_info    0x00000000000030ad     0x11d5 Core/Src/stm32l4xx_hal_msp.o
 .debug_info    0x0000000000004282      0xe23 Core/Src/stm32l4xx_hal_timebase_tim.o
 .debug_info    0x00000000000050a5      0x9c0 Core/Src/stm32l4xx_it.o
 .debug_info    0x0000000000005a65      0xa25 Core/Src/sysmem.o
 .debug_info    0x000000000000648a      0x779 Core/Src/system_stm32l4xx.o
 .debug_info    0x0000000000006c03       0x22 Core/Startup/startup_stm32l475vgtx.o
 .debug_info    0x0000000000006c25     0x1c04 Drivers/BSP/B-L475E-IOT01/stm32l475e_iot01.o
 .debug_info    0x0000000000008829      0x503 Drivers/BSP/B-L475E-IOT01/stm32l475e_iot01_hsensor.o
 .debug_info    0x0000000000008d2c      0x56c Drivers/BSP/B-L475E-IOT01/stm32l475e_iot01_magneto.o
 .debug_info    0x0000000000009298      0x503 Drivers/BSP/B-L475E-IOT01/stm32l475e_iot01_psensor.o
 .debug_info    0x000000000000979b      0x4ed Drivers/BSP/B-L475E-IOT01/stm32l475e_iot01_tsensor.o
 .debug_info    0x0000000000009c88      0x4a2 Drivers/BSP/Components/hts221/hts221.o
 .debug_info    0x000000000000a12a      0x382 Drivers/BSP/Components/lis3mdl/lis3mdl.o
 .debug_info    0x000000000000a4ac      0x446 Drivers/BSP/Components/lps22hb/lps22hb.o
 .debug_info    0x000000000000a8f2      0xcb3 Drivers/STM32L4xx_HAL_Driver/Src/stm32l4xx_hal.o
 .debug_info    0x000000000000b5a5     0x1028 Drivers/STM32L4xx_HAL_Driver/Src/stm32l4xx_hal_cortex.o
 .debug_info    0x000000000000c5cd      0xa5f Drivers/STM32L4xx_HAL_Driver/Src/stm32l4xx_hal_gpio.o
 .debug_info    0x000000000000d02c     0x22fd Drivers/STM32L4xx_HAL_Driver/Src/stm32l4xx_hal_i2c.o
 .debug_info    0x000000000000f329      0xc29 Drivers/STM32L4xx_HAL_Driver/Src/stm32l4xx_hal_i2c_ex.o
 .debug_info    0x000000000000ff52      0xbda Drivers/STM32L4xx_HAL_Driver/Src/stm32l4xx_hal_pwr_ex.o