es_wifi_io.c:207:6:SPI_WIFI_MspInit	16	static
es_wifi_io.c:223:8:SPI_WIFI_Init	16	static
es_wifi_io.c:236:8:SPI_WIFI_ResetModule	24	static
es_wifi_io.c:272:8:SPI_WIFI_DeInit	8	static
es_wifi_io.c:289:5:wait_cmddata_rdy_high	24	static
es_wifi_io.c:304:5:wait_cmddata_rdy_rising_event	24	static
es_wifi_io.c:321:5:wait_spi_rx_event	24	static
es_wifi_io.c:338:5:wait_spi_tx_event	24	static
es_wifi_io.c:357:9:SPI_WIFI_ReceiveData	32	static
es_wifi_io.c:416:9:SPI_WIFI_SendData	32	static
es_wifi_io.c:465:6:SPI_WIFI_Delay	16	static
es_wifi_io.c:475:6:SPI_WIFI_DelayUs	32	static
es_wifi_io.c:507:6:HAL_SPI_RxCpltCallback	16	static
es_wifi_io.c:522:6:HAL_SPI_TxCpltCallback	16	static
es_wifi_io.c:537:9:SPI_WIFI_ISR	4	static
